data/sales_data.csv
Date,Product_ID,Product_Name,Category,Base_Price,Current_Price,Discount,Actual_Price,Competitor_Price,Units_Sold,Inventory,Holiday_Flag,Weekend_Flag,Month,Day_of_Week,Quarter,Revenue
2023-01-01,LAPTOP001,Laptop Pro,Laptops,75000,72177.15,0.0,72177.15,88521.43,205,258,1,1,1,6,1,14796316.3
2023-01-02,LAPTOP001,Laptop Pro,Laptops,75000,77219.82,0.0,77219.82,64680.56,84,174,0,0,1,0,1,6486464.54
2023-01-03,LAPTOP001,Laptop Pro,Laptops,75000,65056.88,0.15,55298.35,85985.28,179,270,0,0,1,1,1,9898404.49
2023-01-04,LAPTOP001,Laptop Pro,Laptops,75000,79681.63,0.0,79681.63,60617.53,94,176,0,0,1,2,1,7490073.5
2023-01-05,LAPTOP001,Laptop Pro,Laptops,75000,82479.96,0.0,82479.96,66370.17,73,103,0,0,1,3,1,6021037.04
2023-01-06,LAPTOP001,Laptop Pro,Laptops,75000,67876.6,0.0,67876.6,69127.27,103,388,0,0,1,4,1,6991289.95
2023-01-07,LAPTOP001,Laptop Pro,Laptops,75000,73468.76,0.0,73468.76,68736.87,131,257,0,1,1,5,1,9624407.94
2023-01-08,LAPTOP001,Laptop Pro,Laptops,75000,66888.61,0.15,56855.32,68764.34,246,389,0,1,1,6,1,13986408.74
2023-01-09,LAPTOP001,Laptop Pro,Laptops,75000,74011.57,0.1,66610.42,83555.28,163,226,0,0,1,0,1,10857498.0
2023-01-10,LAPTOP001,Laptop Pro,Laptops,75000,75320.27,0.0,75320.27,77772.44,95,131,0,0,1,1,1,7155426.11
2023-01-11,LAPTOP001,Laptop Pro,Laptops,75000,77419.76,0.1,69677.78,65115.72,113,308,0,0,1,2,1,7873589.51
2023-01-12,LAPTOP001,Laptop Pro,Laptops,75000,85099.92,0.0,85099.92,88968.96,97,211,0,0,1,3,1,8254692.69
2023-01-13,LAPTOP001,Laptop Pro,Laptops,75000,70603.81,0.0,70603.81,62930.16,121,90,0,0,1,4,1,8543060.99
2023-01-14,LAPTOP001,Laptop Pro,Laptops,75000,73653.43,0.0,73653.43,63661.15,89,255,0,1,1,5,1,6555155.37
2023-01-15,LAPTOP001,Laptop Pro,Laptops,75000,64523.74,0.0,64523.74,87279.61,173,82,0,1,1,6,1,11162607.32
2023-01-16,LAPTOP001,Laptop Pro,Laptops,75000,78656.75,0.1,70791.08,69351.33,82,354,0,0,1,0,1,5804868.25
2023-01-17,LAPTOP001,Laptop Pro,Laptops,75000,76050.98,0.0,76050.98,65545.63,112,242,0,0,1,1,1,8517709.9
2023-01-18,LAPTOP001,Laptop Pro,Laptops,75000,81190.49,0.1,73071.44,88184.97,167,75,0,0,1,2,1,12202930.43
2023-01-19,LAPTOP001,Laptop Pro,Laptops,75000,77202.75,0.0,77202.75,87656.23,65,383,0,0,1,3,1,5018178.72
2023-01-20,LAPTOP001,Laptop Pro,Laptops,75000,68159.61,0.15,57935.67,61356.82,221,162,0,0,1,4,1,12803783.57
2023-01-21,LAPTOP001,Laptop Pro,Laptops,75000,72495.24,0.15,61620.95,68140.47,177,339,0,1,1,5,1,10906908.71
2023-01-22,LAPTOP001,Laptop Pro,Laptops,75000,71776.95,0.05,68188.1,68428.04,167,172,0,1,1,6,1,11387413.09
2023-01-23,LAPTOP001,Laptop Pro,Laptops,75000,66920.8,0.0,66920.8,84065.91,129,314,0,0,1,0,1,8632782.56
2023-01-24,LAPTOP001,Laptop Pro,Laptops,75000,85954.96,0.1,77359.46,83167.34,117,197,0,0,1,1,1,9051056.87
2023-01-25,LAPTOP001,Laptop Pro,Laptops,75000,63874.25,0.0,63874.25,84463.84,174,201,0,0,1,2,1,11114119.09
2023-01-26,LAPTOP001,Laptop Pro,Laptops,75000,80152.66,0.2,64122.13,83138.11,175,240,1,0,1,3,1,11221372.58
2023-01-27,LAPTOP001,Laptop Pro,Laptops,75000,71815.48,0.15,61043.16,63476.07,234,308,0,0,1,4,1,14284098.75
2023-01-28,LAPTOP001,Laptop Pro,Laptops,75000,77774.21,0.0,77774.21,69926.94,97,211,0,1,1,5,1,7544098.16
2023-01-29,LAPTOP001,Laptop Pro,Laptops,75000,70747.1,0.0,70747.1,69755.5,149,62,0,1,1,6,1,10541318.23
2023-01-30,LAPTOP001,Laptop Pro,Laptops,75000,78095.04,0.0,78095.04,86616.38,61,255,0,0,1,0,1,4763797.63
2023-01-31,LAPTOP001,Laptop Pro,Laptops,75000,66440.87,0.2,53152.7,81397.34,274,286,0,0,1,1,1,14563838.82
2023-02-01,LAPTOP001,Laptop Pro,Laptops,75000,76378.74,0.0,76378.74,83129.02,100,186,0,0,2,2,1,7637873.69
2023-02-02,LAPTOP001,Laptop Pro,Laptops,75000,75511.49,0.0,75511.49,72826.23,83,103,0,0,2,3,1,6267453.56
2023-02-03,LAPTOP001,Laptop Pro,Laptops,75000,66177.56,0.05,62868.68,60942.88,107,224,0,0,2,4,1,6726948.68
2023-02-04,LAPTOP001,Laptop Pro,Laptops,75000,70823.01,0.0,70823.01,75257.12,147,77,0,1,2,5,1,10410982.41
2023-02-05,LAPTOP001,Laptop Pro,Laptops,75000,69359.08,0.2,55487.26,72311.49,82,288,0,1,2,6,1,4549955.33
2023-02-06,LAPTOP001,Laptop Pro,Laptops,75000,68897.96,0.1,62008.16,62309.4,158,130,0,0,2,0,1,9797289.73
2023-02-07,LAPTOP001,Laptop Pro,Laptops,75000,67377.48,0.0,67377.48,87890.93,142,211,0,0,2,1,1,9567602.01
2023-02-08,LAPTOP001,Laptop Pro,Laptops,75000,78001.58,0.15,66301.35,86143.82,197,317,0,0,2,2,1,13061365.33
2023-02-09,LAPTOP001,Laptop Pro,Laptops,75000,67947.83,0.1,61153.04,86776.77,201,116,0,0,2,3,1,12291761.78
2023-02-10,LAPTOP001,Laptop Pro,Laptops,75000,81917.4,0.0,81917.4,86882.74,82,296,0,0,2,4,1,6717227.09
2023-02-11,LAPTOP001,Laptop Pro,Laptops,75000,66226.17,0.0,66226.17,66838.05,141,155,0,1,2,5,1,9337889.73
2023-02-12,LAPTOP001,Laptop Pro,Laptops,75000,82155.33,0.1,73939.8,85821.92,128,275,0,1,2,6,1,9464294.27
2023-02-13,LAPTOP001,Laptop Pro,Laptops,75000,75241.81,0.2,60193.45,72522.33,206,69,0,0,2,0,1,12399851.0
2023-02-14,LAPTOP001,Laptop Pro,Laptops,75000,66446.97,0.15,56479.93,70128.46,78,358,0,0,2,1,1,4405434.16
2023-02-15,LAPTOP001,Laptop Pro,Laptops,75000,71022.07,0.2,56817.65,75563.72,275,83,0,0,2,2,1,15624854.51
2023-02-16,LAPTOP001,Laptop Pro,Laptops,75000,71931.67,0.0,71931.67,89153.46,94,347,0,0,2,3,1,6761576.61
2023-02-17,LAPTOP001,Laptop Pro,Laptops,75000,69415.1,0.0,69415.1,74917.46,112,235,0,0,2,4,1,7774491.39
2023-02-18,LAPTOP001,Laptop Pro,Laptops,75000,70158.91,0.15,59635.07,61106.61,236,217,0,1,2,5,1,14073877.57
2023-02-19,LAPTOP001,Laptop Pro,Laptops,75000,75060.28,0.0,75060.28,61544.36,95,122,0,1,2,6,1,7130726.41
2023-02-20,LAPTOP001,Laptop Pro,Laptops,75000,84185.98,0.15,71558.09,67186.86,109,258,0,0,2,0,1,7799831.27
2023-02-21,LAPTOP001,Laptop Pro,Laptops,75000,74762.69,0.2,59810.15,89569.51,226,274,0,0,2,1,1,13517093.83
2023-02-22,LAPTOP001,Laptop Pro,Laptops,75000,78873.05,0.0,78873.05,82848.59,86,188,0,0,2,2,1,6783082.28
2023-02-23,LAPTOP001,Laptop Pro,Laptops,75000,80134.87,0.2,64107.89,71033.49,195,259,0,0,2,3,1,12501039.38
2023-02-24,LAPTOP001,Laptop Pro,Laptops,75000,78004.42,0.2,62403.53,76073.24,186,73,0,0,2,4,1,11607057.47
2023-02-25,LAPTOP001,Laptop Pro,Laptops,75000,82544.31,0.0,82544.31,69623.4,66,297,0,1,2,5,1,5447924.21
2023-02-26,LAPTOP001,Laptop Pro,Laptops,75000,64667.44,0.0,64667.44,77726.79,171,126,0,1,2,6,1,11058132.36
2023-02-27,LAPTOP001,Laptop Pro,Laptops,75000,64123.23,0.05,60917.06,75362.79,115,362,0,0,2,0,1,7005462.46
2023-02-28,LAPTOP001,Laptop Pro,Laptops,75000,78266.39,0.2,62613.11,65230.99,208,154,0,0,2,1,1,13023526.93
2023-03-01,LAPTOP001,Laptop Pro,Laptops,75000,72451.55,0.0,72451.55,88101.9,103,51,0,0,3,2,1,7462509.17
2023-03-02,LAPTOP001,Laptop Pro,Laptops,75000,71423.99,0.0,71423.99,63404.21,57,294,0,0,3,3,1,4071167.6
2023-03-03,LAPTOP001,Laptop Pro,Laptops,75000,83490.14,0.0,83490.14,67738.25,76,218,0,0,3,4,1,6345250.29
2023-03-04,LAPTOP001,Laptop Pro,Laptops,75000,82137.5,0.0,82137.5,76656.02,94,124,0,1,3,5,1,7720924.95
2023-03-05,LAPTOP001,Laptop Pro,Laptops,75000,69191.68,0.15,58812.93,62793.08,138,268,0,1,3,6,1,8116183.66
2023-03-06,LAPTOP001,Laptop Pro,Laptops,75000,84009.41,0.15,71408.0,78993.04,141,127,0,0,3,0,1,10068527.34
2023-03-07,LAPTOP001,Laptop Pro,Laptops,75000,71607.22,0.15,60866.13,81778.67,142,365,0,0,3,1,1,8642990.9
2023-03-08,LAPTOP001,Laptop Pro,Laptops,75000,83709.44,0.0,83709.44,83396.27,85,280,0,0,3,2,1,7115302.79
2023-03-09,LAPTOP001,Laptop Pro,Laptops,75000,65643.15,0.1,59078.83,64848.86,215,65,0,0,3,3,1,12701949.37
2023-03-10,LAPTOP001,Laptop Pro,Laptops,75000,77394.65,0.15,65785.46,60275.91,57,243,0,0,3,4,1,3749770.98
2023-03-11,LAPTOP001,Laptop Pro,Laptops,75000,78678.79,0.1,70810.91,60151.85,125,118,0,1,3,5,1,8851363.85
2023-03-12,LAPTOP001,Laptop Pro,Laptops,75000,76096.51,0.15,64682.03,80756.86,123,262,0,1,3,6,1,7955890.15
2023-03-13,LAPTOP001,Laptop Pro,Laptops,75000,68796.06,0.0,68796.06,81365.38,115,147,0,0,3,0,1,7911546.84
2023-03-14,LAPTOP001,Laptop Pro,Laptops,75000,71071.49,0.05,67517.92,82394.74,151,297,0,0,3,1,1,10195205.7
2023-03-15,LAPTOP001,Laptop Pro,Laptops,75000,82857.53,0.0,82857.53,79728.39,83,214,0,0,3,2,1,6877174.72
2023-03-16,LAPTOP001,Laptop Pro,Laptops,75000,65857.68,0.15,55979.03,71031.47,198,376,0,0,3,3,1,11083847.93
2023-03-17,LAPTOP001,Laptop Pro,Laptops,75000,69239.77,0.1,62315.79,89190.32,186,190,0,0,3,4,1,11590736.99
2023-03-18,LAPTOP001,Laptop Pro,Laptops,75000,83821.05,0.0,83821.05,78934.16,99,91,0,1,3,5,1,8298283.7
2023-03-19,LAPTOP001,Laptop Pro,Laptops,75000,75059.33,0.15,63800.43,77307.12,90,283,0,1,3,6,1,5742039.1
2023-03-20,LAPTOP001,Laptop Pro,Laptops,75000,68142.97,0.2,54514.37,81673.56,264,396,0,0,3,0,1,14391794.68
2023-03-21,LAPTOP001,Laptop Pro,Laptops,75000,64297.11,0.2,51437.69,79364.17,293,103,0,0,3,1,1,15071242.41
2023-03-22,LAPTOP001,Laptop Pro,Laptops,75000,84910.32,0.0,84910.32,88617.86,91,258,0,0,3,2,1,7726838.95
2023-03-23,LAPTOP001,Laptop Pro,Laptops,75000,72078.57,0.2,57662.86,60463.7,259,208,0,0,3,3,1,14934679.86
2023-03-24,LAPTOP001,Laptop Pro,Laptops,75000,73384.14,0.2,58707.31,88999.64,236,280,0,0,3,4,1,13854926.26
2023-03-25,LAPTOP001,Laptop Pro,Laptops,75000,82942.71,0.05,78795.58,68833.47,103,177,0,1,3,5,1,8115944.44
2023-03-26,LAPTOP001,Laptop Pro,Laptops,75000,82900.58,0.0,82900.58,69507.66,78,99,0,1,3,6,1,6466244.86
2023-03-27,LAPTOP001,Laptop Pro,Laptops,75000,76278.03,0.0,76278.03,88084.64,104,254,0,0,3,0,1,7932914.95
2023-03-28,LAPTOP001,Laptop Pro,Laptops,75000,76576.38,0.1,68918.74,62915.29,137,117,0,0,3,1,1,9441867.2
2023-03-29,LAPTOP001,Laptop Pro,Laptops,75000,86026.21,0.15,73122.28,64202.52,117,280,0,0,3,2,1,8555306.75
2023-03-30,LAPTOP001,Laptop Pro,Laptops,75000,83490.89,0.0,83490.89,82223.06,86,194,0,0,3,3,1,7180216.89
2023-03-31,LAPTOP001,Laptop Pro,Laptops,75000,79555.89,0.15,67622.51,70784.73,150,327,0,0,3,4,1,10143376.22
2023-04-01,LAPTOP001,Laptop Pro,Laptops,75000,81960.63,0.05,77862.59,84303.4,136,191,0,1,4,5,2,10589312.88
2023-04-02,LAPTOP001,Laptop Pro,Laptops,75000,84297.91,0.15,71653.23,75340.27,166,317,0,1,4,6,2,11894435.44
2023-04-03,LAPTOP001,Laptop Pro,Laptops,75000,81711.64,0.0,81711.64,79498.92,89,228,0,0,4,0,2,7272336.1
2023-04-04,LAPTOP001,Laptop Pro,Laptops,75000,81655.34,0.0,81655.34,86700.16,84,144,0,0,4,1,2,6859048.15
2023-04-05,LAPTOP001,Laptop Pro,Laptops,75000,72200.62,0.0,72200.62,62819.46,101,263,0,0,4,2,2,7292262.26
2023-04-06,LAPTOP001,Laptop Pro,Laptops,75000,64558.7,0.15,54874.9,73967.94,260,343,0,0,4,3,2,14267472.96
2023-04-07,LAPTOP001,Laptop Pro,Laptops,75000,70197.18,0.1,63177.46,77725.0,153,190,0,0,4,4,2,9666151.43
2023-04-08,LAPTOP001,Laptop Pro,Laptops,75000,64590.33,0.0,64590.33,84678.02,161,391,0,1,4,5,2,10399043.81
2023-04-09,LAPTOP001,Laptop Pro,Laptops,75000,66608.86,0.1,59947.98,75667.3,246,145,0,1,4,6,2,14747201.94
2023-04-10,LAPTOP001,Laptop Pro,Laptops,75000,68605.97,0.05,65175.67,78686.71,126,349,0,0,4,0,2,8212134.98
2023-04-11,LAPTOP001,Laptop Pro,Laptops,75000,64912.84,0.05,61667.2,75940.64,173,176,0,0,4,1,2,10668425.04
2023-04-12,LAPTOP001,Laptop Pro,Laptops,75000,78092.17,0.0,78092.17,81782.74,108,68,0,0,4,2,2,8433954.66
2023-04-13,LAPTOP001,Laptop Pro,Laptops,75000,75366.76,0.0,75366.76,69688.69,74,235,0,0,4,3,2,5577140.08
2023-04-14,LAPTOP001,Laptop Pro,Laptops,75000,69843.73,0.1,62859.35,73169.14,154,81,0,0,4,4,2,9680340.38
2023-04-15,LAPTOP001,Laptop Pro,Laptops,75000,64320.39,0.05,61104.37,88879.45,89,223,0,1,4,5,2,5438289.12
2023-04-16,LAPTOP001,Laptop Pro,Laptops,75000,79409.42,0.2,63527.54,72268.59,201,212,0,1,4,6,2,12769034.68
2023-04-17,LAPTOP001,Laptop Pro,Laptops,75000,67269.83,0.2,53815.87,67507.29,215,228,0,0,4,0,2,11570411.36
2023-04-18,LAPTOP001,Laptop Pro,Laptops,75000,79828.41,0.0,79828.41,79805.92,83,145,0,0,4,1,2,6625757.89
2023-04-19,LAPTOP001,Laptop Pro,Laptops,75000,85234.47,0.15,72449.3,82136.91,147,240,0,0,4,2,2,10650046.88
2023-04-20,LAPTOP001,Laptop Pro,Laptops,75000,77513.72,0.2,62010.97,72588.0,195,374,0,0,4,3,2,12092139.82
2023-04-21,LAPTOP001,Laptop Pro,Laptops,75000,71759.39,0.05,68171.42,82735.38,121,253,0,0,4,4,2,8248741.34
2023-04-22,LAPTOP001,Laptop Pro,Laptops,75000,66361.63,0.1,59725.47,61380.08,181,72,0,1,4,5,2,10810310.25
2023-04-23,LAPTOP001,Laptop Pro,Laptops,75000,82997.86,0.0,82997.86,81109.74,71,298,0,1,4,6,2,5892848.28
2023-04-24,LAPTOP001,Laptop Pro,Laptops,75000,65951.27,0.05,62653.71,74748.48,163,135,0,0,4,0,2,10212553.94
2023-04-25,LAPTOP001,Laptop Pro,Laptops,75000,67647.04,0.1,60882.34,73015.55,130,319,0,0,4,1,2,7914703.92
2023-04-26,LAPTOP001,Laptop Pro,Laptops,75000,77606.63,0.1,69845.96,79052.81,124,195,0,0,4,2,2,8660899.6
2023-04-27,LAPTOP001,Laptop Pro,Laptops,75000,72178.78,0.0,72178.78,78775.8,111,84,0,0,4,3,2,8011845.01
2023-04-28,LAPTOP001,Laptop Pro,Laptops,75000,83021.02,0.1,74718.92,79760.81,75,202,0,0,4,4,2,5603918.95
2023-04-29,LAPTOP001,Laptop Pro,Laptops,75000,65337.8,0.15,55537.13,79272.58,173,384,0,1,4,5,2,9607923.02
2023-04-30,LAPTOP001,Laptop Pro,Laptops,75000,76929.95,0.0,76929.95,88206.91,119,265,0,1,4,6,2,9154664.12
2023-05-01,LAPTOP001,Laptop Pro,Laptops,75000,72483.82,0.15,61611.25,79298.65,203,62,0,0,5,0,2,12507083.72
2023-05-02,LAPTOP001,Laptop Pro,Laptops,75000,76026.38,0.1,68423.74,88243.94,59,392,0,0,5,1,2,4037000.66
2023-05-03,LAPTOP001,Laptop Pro,Laptops,75000,85376.79,0.0,85376.79,87160.52,72,320,0,0,5,2,2,6147128.71
2023-05-04,LAPTOP001,Laptop Pro,Laptops,75000,65310.63,0.2,52248.5,63023.34,249,71,0,0,5,3,2,13009877.35
2023-05-05,LAPTOP001,Laptop Pro,Laptops,75000,65874.97,0.15,55993.72,80490.2,61,287,0,0,5,4,2,3415617.02
2023-05-06,LAPTOP001,Laptop Pro,Laptops,75000,70926.95,0.0,70926.95,85346.26,118,169,0,1,5,5,2,8369380.3
2023-05-07,LAPTOP001,Laptop Pro,Laptops,75000,82075.54,0.0,82075.54,68455.64,77,92,0,1,5,6,2,6319816.65
2023-05-08,LAPTOP001,Laptop Pro,Laptops,75000,79426.59,0.05,75455.26,78868.29,102,240,0,0,5,0,2,7696436.2
2023-05-09,LAPTOP001,Laptop Pro,Laptops,75000,80289.1,0.05,76274.64,84104.43,104,136,0,0,5,1,2,7932562.93
2023-05-10,LAPTOP001,Laptop Pro,Laptops,75000,67742.39,0.0,67742.39,82518.44,142,384,0,0,5,2,2,9619419.34
2023-05-11,LAPTOP001,Laptop Pro,Laptops,75000,86036.37,0.15,73130.91,72378.53,130,254,0,0,5,3,2,9507018.41
2023-05-12,LAPTOP001,Laptop Pro,Laptops,75000,81219.29,0.0,81219.29,70224.11,90,164,0,0,5,4,2,7309736.25
2023-05-13,LAPTOP001,Laptop Pro,Laptops,75000,83064.29,0.1,74757.86,72869.82,147,395,0,1,5,5,2,10989405.16
2023-05-14,LAPTOP001,Laptop Pro,Laptops,75000,80727.21,0.0,80727.21,63093.72,97,298,0,1,5,6,2,7830539.82
2023-05-15,LAPTOP001,Laptop Pro,Laptops,75000,75118.18,0.1,67606.36,84793.72,150,148,0,0,5,0,2,10140954.08
2023-05-16,LAPTOP001,Laptop Pro,Laptops,75000,83899.27,0.0,83899.27,71676.05,63,85,0,0,5,1,2,5285654.18
2023-05-17,LAPTOP001,Laptop Pro,Laptops,75000,84121.09,0.2,67296.88,62738.6,80,360,0,0,5,2,2,5383750.05
2023-05-18,LAPTOP001,Laptop Pro,Laptops,75000,85126.39,0.0,85126.39,88518.21,82,278,0,0,5,3,2,6980364.33
2023-05-19,LAPTOP001,Laptop Pro,Laptops,75000,77966.34,0.2,62373.07,73453.37,196,82,0,0,5,4,2,12225121.68
2023-05-20,LAPTOP001,Laptop Pro,Laptops,75000,71144.95,0.15,60473.21,80175.55,88,329,0,1,5,5,2,5321642.43
2023-05-21,LAPTOP001,Laptop Pro,Laptops,75000,81560.53,0.1,73404.48,83688.54,133,196,0,1,5,6,2,9762795.26
2023-05-22,LAPTOP001,Laptop Pro,Laptops,75000,74874.46,0.0,74874.46,61726.76,90,106,0,0,5,0,2,6738701.12
2023-05-23,LAPTOP001,Laptop Pro,Laptops,75000,73684.44,0.0,73684.44,86631.13,101,295,0,0,5,1,2,7442128.06
2023-05-24,LAPTOP001,Laptop Pro,Laptops,75000,66384.01,0.2,53107.21,64289.75,305,241,0,0,5,2,2,16197697.92
2023-05-25,LAPTOP001,Laptop Pro,Laptops,75000,77659.91,0.1,69893.92,63033.68,112,129,0,0,5,3,2,7828118.57
2023-05-26,LAPTOP001,Laptop Pro,Laptops,75000,79521.81,0.2,63617.44,62182.89,141,335,0,0,5,4,2,8970059.66
2023-05-27,LAPTOP001,Laptop Pro,Laptops,75000,79640.45,0.0,79640.45,62440.46,77,258,0,1,5,5,2,6132314.66
2023-05-28,LAPTOP001,Laptop Pro,Laptops,75000,85949.39,0.1,77354.45,71228.12,120,138,0,1,5,6,2,9282534.18
2023-05-29,LAPTOP001,Laptop Pro,Laptops,75000,82037.99,0.0,82037.99,88417.46,101,325,0,0,5,0,2,8285837.02
2023-05-30,LAPTOP001,Laptop Pro,Laptops,75000,80701.01,0.0,80701.01,71287.79,71,254,0,0,5,1,2,5729771.65
2023-05-31,LAPTOP001,Laptop Pro,Laptops,75000,81235.81,0.0,81235.81,76752.13,82,172,0,0,5,2,2,6661336.06
2023-06-01,LAPTOP001,Laptop Pro,Laptops,75000,84142.97,0.0,84142.97,63335.92,67,105,0,0,6,3,2,5637579.24
2023-06-02,LAPTOP001,Laptop Pro,Laptops,75000,64005.46,0.2,51204.37,74059.82,91,278,0,0,6,4,2,4659597.27
2023-06-03,LAPTOP001,Laptop Pro,Laptops,75000,66423.4,0.0,66423.4,63525.79,146,132,0,1,6,5,2,9697816.85
2023-06-04,LAPTOP001,Laptop Pro,Laptops,75000,80536.01,0.0,80536.01,77501.06,112,261,0,1,6,6,2,9020033.1
2023-06-05,LAPTOP001,Laptop Pro,Laptops,75000,72184.59,0.1,64966.13,68571.36,177,84,0,0,6,0,2,11499004.87
2023-06-06,LAPTOP001,Laptop Pro,Laptops,75000,68780.91,0.0,68780.91,88896.68,71,221,0,0,6,1,2,4883444.35
2023-06-07,LAPTOP001,Laptop Pro,Laptops,75000,85572.27,0.15,72736.43,61294.8,139,82,0,0,6,2,2,10110364.13
2023-06-08,LAPTOP001,Laptop Pro,Laptops,75000,75623.27,0.05,71842.11,89788.94,71,217,0,0,6,3,2,5100789.9
2023-06-09,LAPTOP001,Laptop Pro,Laptops,75000,76211.72,0.2,60969.38,89079.08,218,336,0,0,6,4,2,13291324.21
2023-06-10,LAPTOP001,Laptop Pro,Laptops,75000,77911.47,0.2,62329.18,80872.46,246,90,0,1,6,5,2,15332977.17
2023-06-11,LAPTOP001,Laptop Pro,Laptops,75000,77870.06,0.0,77870.06,77529.43,100,232,0,1,6,6,2,7787005.68
2023-06-12,LAPTOP001,Laptop Pro,Laptops,75000,64772.54,0.15,55056.66,68428.9,263,321,0,0,6,0,2,14479902.11
2023-06-13,LAPTOP001,Laptop Pro,Laptops,75000,83780.94,0.1,75402.84,73669.7,121,200,0,0,6,1,2,9123743.84
2023-06-14,LAPTOP001,Laptop Pro,Laptops,75000,69991.08,0.0,69991.08,65643.63,108,92,0,0,6,2,2,7559036.27
2023-06-15,LAPTOP001,Laptop Pro,Laptops,75000,71700.43,0.0,71700.43,77509.68,80,335,0,0,6,3,2,5736034.01
2023-06-16,LAPTOP001,Laptop Pro,Laptops,75000,85673.88,0.2,68539.11,89586.32,194,141,0,0,6,4,2,13296586.67
2023-06-17,LAPTOP001,Laptop Pro,Laptops,75000,75812.17,0.1,68230.95,69285.83,154,308,0,1,6,5,2,10507566.52
