data/sales_data.csv
Date,Product_ID,Product_Name,Category,Base_Price,Current_Price,Discount,Actual_Price,Competitor_Price,Units_Sold,Inventory,Holiday_Flag,Weekend_Flag,Month,Day_of_Week,Quarter,Revenue
2023-12-02,LAPTOP001,Laptop Pro,Laptops,75000,78572.63,0.2,62858.1,80768.3,340,270,0,1,12,5,4,21371754.2
2023-12-03,LAPTOP001,Laptop Pro,Laptops,75000,69367.53,0.0,69367.53,74682.75,175,95,0,1,12,6,4,12139317.78
2023-12-04,LAPTOP001,Laptop Pro,Laptops,75000,85972.53,0.0,85972.53,88321.78,81,285,0,0,12,0,4,6963774.94
2023-12-05,LAPTOP001,Laptop Pro,Laptops,75000,79625.44,0.2,63700.35,87757.45,257,233,0,0,12,1,4,16370990.75
2023-12-06,LAPTOP001,Laptop Pro,Laptops,75000,76528.77,0.15,65049.45,87464.65,200,267,0,0,12,2,4,13009890.51
2023-12-07,LAPTOP001,Laptop Pro,Laptops,75000,79441.96,0.0,79441.96,68920.47,131,136,0,0,12,3,4,10406896.24
2023-12-08,LAPTOP001,Laptop Pro,Laptops,75000,85598.81,0.15,72758.99,88327.99,134,313,0,0,12,4,4,9749704.52
2023-12-09,LAPTOP001,Laptop Pro,Laptops,75000,83145.96,0.1,74831.36,85336.48,194,119,0,1,12,5,4,14517284.55
2023-12-10,LAPTOP001,Laptop Pro,Laptops,75000,82400.6,0.15,70040.51,61110.23,122,309,0,1,12,6,4,8544942.03
2023-12-11,LAPTOP001,Laptop Pro,Laptops,75000,68925.2,0.1,62032.68,63617.01,208,101,0,0,12,0,4,12902797.22
2023-12-12,LAPTOP001,Laptop Pro,Laptops,75000,79416.5,0.0,79416.5,70196.25,107,228,0,0,12,1,4,8497565.23
2023-12-13,LAPTOP001,Laptop Pro,Laptops,75000,65220.52,0.0,65220.52,69458.71,187,376,0,0,12,2,4,12196236.8
2023-12-14,LAPTOP001,Laptop Pro,Laptops,75000,81541.27,0.0,81541.27,69562.58,114,262,0,0,12,3,4,9295704.92
2023-12-15,LAPTOP001,Laptop Pro,Laptops,75000,83684.5,0.1,75316.05,78475.9,156,106,0,0,12,4,4,11749303.71
2023-12-16,LAPTOP001,Laptop Pro,Laptops,75000,64299.02,0.0,64299.02,86102.97,90,294,0,1,12,5,4,5786911.58
2023-12-17,LAPTOP001,Laptop Pro,Laptops,75000,83430.79,0.1,75087.71,75868.11,219,75,0,1,12,6,4,16444208.24
2023-12-18,LAPTOP001,Laptop Pro,Laptops,75000,81722.62,0.1,73550.36,89938.02,71,237,0,0,12,0,4,5222075.6
2023-12-19,LAPTOP001,Laptop Pro,Laptops,75000,81011.74,0.05,76961.15,72057.93,141,96,0,0,12,1,4,10851522.1
2023-12-20,LAPTOP001,Laptop Pro,Laptops,75000,77868.87,0.0,77868.87,86210.31,109,210,0,0,12,2,4,8487707.15
2023-12-21,LAPTOP001,Laptop Pro,Laptops,75000,81036.15,0.0,81036.15,72533.0,111,99,0,0,12,3,4,8995012.85
2023-12-22,LAPTOP001,Laptop Pro,Laptops,75000,80345.6,0.0,80345.6,67163.31,87,210,0,0,12,4,4,6990067.36
2023-12-23,LAPTOP001,Laptop Pro,Laptops,75000,71729.0,0.0,71729.0,68617.17,160,50,0,1,12,5,4,11476639.77
2023-12-24,LAPTOP001,Laptop Pro,Laptops,75000,69006.17,0.0,69006.17,61262.8,42,374,0,1,12,6,4,2898259.32
2023-12-25,LAPTOP001,Laptop Pro,Laptops,75000,85973.75,0.0,85973.75,72833.19,125,249,1,0,12,0,4,10746719.22
2023-12-26,LAPTOP001,Laptop Pro,Laptops,75000,79042.06,0.15,67185.75,66547.62,250,226,0,0,12,1,4,16796438.57
2023-12-27,LAPTOP001,Laptop Pro,Laptops,75000,81442.76,0.0,81442.76,62682.33,100,126,0,0,12,2,4,8144276.28
2023-12-28,LAPTOP001,Laptop Pro,Laptops,75000,83530.16,0.2,66824.13,88341.96,124,343,0,0,12,3,4,8286192.06
2023-12-29,LAPTOP001,Laptop Pro,Laptops,75000,77551.76,0.2,62041.41,65011.02,323,304,0,0,12,4,4,20039373.82
2023-12-30,LAPTOP001,Laptop Pro,Laptops,75000,68962.61,0.1,62066.35,88281.95,317,391,0,1,12,5,4,19675033.57
2023-12-31,LAPTOP001,Laptop Pro,Laptops,75000,77424.08,0.0,77424.08,75380.66,137,254,0,1,12,6,4,10607098.67
2024-01-01,LAPTOP001,Laptop Pro,Laptops,75000,67721.88,0.0,67721.88,66614.59,154,100,1,0,1,0,1,10429169.63
2024-01-02,LAPTOP001,Laptop Pro,Laptops,75000,81290.65,0.2,65032.52,70503.76,86,241,0,0,1,1,1,5592796.77
2024-01-03,LAPTOP001,Laptop Pro,Laptops,75000,85554.81,0.2,68443.85,86513.58,226,245,0,0,1,2,1,15468309.5
2024-01-04,LAPTOP001,Laptop Pro,Laptops,75000,86135.43,0.05,81828.65,65216.86,87,158,0,0,1,3,1,7119092.96
2024-01-05,LAPTOP001,Laptop Pro,Laptops,75000,80810.37,0.0,80810.37,80880.62,86,72,0,0,1,4,1,6949691.45
2024-01-06,LAPTOP001,Laptop Pro,Laptops,75000,82106.25,0.0,82106.25,66733.22,66,388,0,1,1,5,1,5419012.19
2024-01-07,LAPTOP001,Laptop Pro,Laptops,75000,75831.92,0.0,75831.92,77788.2,128,260,0,1,1,6,1,9706486.34
2024-01-08,LAPTOP001,Laptop Pro,Laptops,75000,65808.45,0.2,52646.76,86323.83,241,305,0,0,1,0,1,12687869.9
2024-01-09,LAPTOP001,Laptop Pro,Laptops,75000,66664.09,0.2,53331.27,86662.44,346,371,0,0,1,1,1,18452618.93
2024-01-10,LAPTOP001,Laptop Pro,Laptops,75000,83147.87,0.2,66518.3,84285.48,221,150,0,0,1,2,1,14700543.66
2024-01-11,LAPTOP001,Laptop Pro,Laptops,75000,76144.29,0.15,64722.65,62609.6,145,263,0,0,1,3,1,9384783.85
2024-01-12,LAPTOP001,Laptop Pro,Laptops,75000,72135.49,0.0,72135.49,67792.61,121,142,0,0,1,4,1,8728394.49
2024-01-13,LAPTOP001,Laptop Pro,Laptops,75000,74907.2,0.0,74907.2,62431.39,104,379,0,1,1,5,1,7790349.22
2024-01-14,LAPTOP001,Laptop Pro,Laptops,75000,79123.32,0.0,79123.32,62283.93,109,270,0,1,1,6,1,8624442.12
2024-01-15,LAPTOP001,Laptop Pro,Laptops,75000,74890.8,0.05,71146.26,74417.6,139,131,0,0,1,0,1,9889329.73
2024-01-16,LAPTOP001,Laptop Pro,Laptops,75000,82305.32,0.2,65844.26,70434.28,137,209,0,0,1,1,1,9020663.26
2024-01-17,LAPTOP001,Laptop Pro,Laptops,75000,76478.97,0.2,61183.18,68010.85,232,320,0,0,1,2,1,14194496.68
2024-01-18,LAPTOP001,Laptop Pro,Laptops,75000,81692.09,0.0,81692.09,79753.56,102,218,0,0,1,3,1,8332592.72
2024-01-19,LAPTOP001,Laptop Pro,Laptops,75000,83264.12,0.0,83264.12,81250.89,99,119,0,0,1,4,1,8243147.83
2024-01-20,LAPTOP001,Laptop Pro,Laptops,75000,79443.11,0.2,63554.49,80404.22,123,317,0,1,1,5,1,7817201.82
2024-01-21,LAPTOP001,Laptop Pro,Laptops,75000,80686.12,0.0,80686.12,64758.15,108,209,0,1,1,6,1,8714101.43
2024-01-22,LAPTOP001,Laptop Pro,Laptops,75000,83366.48,0.0,83366.48,60877.42,81,128,0,0,1,0,1,6752684.83
2024-01-23,LAPTOP001,Laptop Pro,Laptops,75000,66649.57,0.2,53319.66,70053.57,137,258,0,0,1,1,1,7304793.09
2024-01-24,LAPTOP001,Laptop Pro,Laptops,75000,67367.1,0.0,67367.1,84539.01,161,97,0,0,1,2,1,10846102.72
2024-01-25,LAPTOP001,Laptop Pro,Laptops,75000,75168.02,0.0,75168.02,60191.58,89,368,0,0,1,3,1,6689954.14
2024-01-26,LAPTOP001,Laptop Pro,Laptops,75000,77630.86,0.0,77630.86,89435.59,148,220,1,0,1,4,1,11489366.64
2024-01-27,LAPTOP001,Laptop Pro,Laptops,75000,69595.58,0.05,66115.8,79020.17,191,284,0,1,1,5,1,12628118.1
2024-01-28,LAPTOP001,Laptop Pro,Laptops,75000,81296.52,0.0,81296.52,63209.42,101,183,0,1,1,6,1,8210948.66
2024-01-29,LAPTOP001,Laptop Pro,Laptops,75000,75928.5,0.2,60742.8,88889.76,174,217,0,0,1,0,1,10569246.92
2024-01-30,LAPTOP001,Laptop Pro,Laptops,75000,77983.99,0.2,62387.19,87960.84,191,271,0,0,1,1,1,11915954.07
2024-01-31,LAPTOP001,Laptop Pro,Laptops,75000,84837.64,0.0,84837.64,80636.57,74,197,0,0,1,2,1,6277985.43
2024-02-01,LAPTOP001,Laptop Pro,Laptops,75000,70521.68,0.15,59943.43,81245.16,171,330,0,0,2,3,1,10250326.23
2024-02-02,LAPTOP001,Laptop Pro,Laptops,75000,76848.84,0.05,73006.39,70376.49,117,213,0,0,2,4,1,8541748.05
2024-02-03,LAPTOP001,Laptop Pro,Laptops,75000,64779.2,0.15,55062.32,86146.1,243,337,0,1,2,5,1,13380142.88
2024-02-04,LAPTOP001,Laptop Pro,Laptops,75000,85549.75,0.0,85549.75,82489.55,79,258,0,1,2,6,1,6758430.39
2024-02-05,LAPTOP001,Laptop Pro,Laptops,75000,80810.92,0.0,80810.92,60737.61,62,196,0,0,2,0,1,5010277.16
2024-02-06,LAPTOP001,Laptop Pro,Laptops,75000,71031.23,0.0,71031.23,74659.3,122,74,0,0,2,1,1,8665810.05
2024-02-07,LAPTOP001,Laptop Pro,Laptops,75000,79124.15,0.0,79124.15,73377.08,68,245,0,0,2,2,1,5380441.93
2024-02-08,LAPTOP001,Laptop Pro,Laptops,75000,86185.3,0.1,77566.77,72785.44,107,138,0,0,2,3,1,8299644.51
2024-02-09,LAPTOP001,Laptop Pro,Laptops,75000,67431.54,0.0,67431.54,83844.29,140,209,0,0,2,4,1,9440415.04
2024-02-10,LAPTOP001,Laptop Pro,Laptops,75000,68717.32,0.0,68717.32,62471.43,134,75,0,1,2,5,1,9208120.38
2024-02-11,LAPTOP001,Laptop Pro,Laptops,75000,78476.5,0.1,70628.85,68197.79,85,311,0,1,2,6,1,6003452.43
2024-02-12,LAPTOP001,Laptop Pro,Laptops,75000,67148.8,0.0,67148.8,72970.04,143,168,0,0,2,0,1,9602278.77
2024-02-13,LAPTOP001,Laptop Pro,Laptops,75000,73193.86,0.15,62214.78,79155.78,162,280,0,0,2,1,1,10078795.16
2024-02-14,LAPTOP001,Laptop Pro,Laptops,75000,69919.84,0.05,66423.85,89519.33,150,130,0,0,2,2,1,9963577.49
2024-02-15,LAPTOP001,Laptop Pro,Laptops,75000,83867.23,0.1,75480.51,66898.64,101,330,0,0,2,3,1,7623531.4
2024-02-16,LAPTOP001,Laptop Pro,Laptops,75000,64450.52,0.0,64450.52,79550.0,138,192,0,0,2,4,1,8894171.33
2024-02-17,LAPTOP001,Laptop Pro,Laptops,75000,83198.06,0.05,79038.16,74196.3,126,66,0,1,2,5,1,9958807.86
2024-02-18,LAPTOP001,Laptop Pro,Laptops,75000,67924.32,0.1,61131.89,86058.7,71,248,0,1,2,6,1,4340364.31
2024-02-19,LAPTOP001,Laptop Pro,Laptops,75000,81095.74,0.0,81095.74,85343.5,96,152,0,0,2,0,1,7785191.18
2024-02-20,LAPTOP001,Laptop Pro,Laptops,75000,77839.96,0.0,77839.96,63937.35,71,81,0,0,2,1,1,5526636.96
2024-02-21,LAPTOP001,Laptop Pro,Laptops,75000,84469.08,0.15,71798.72,78499.51,88,311,0,0,2,2,1,6318286.93
2024-02-22,LAPTOP001,Laptop Pro,Laptops,75000,74584.25,0.0,74584.25,63519.25,81,230,0,0,2,3,1,6041324.49
2024-02-23,LAPTOP001,Laptop Pro,Laptops,75000,79175.22,0.1,71257.7,72909.18,121,109,0,0,2,4,1,8622181.35
2024-02-24,LAPTOP001,Laptop Pro,Laptops,75000,74810.88,0.2,59848.7,61926.27,111,337,0,1,2,5,1,6643205.9
2024-02-25,LAPTOP001,Laptop Pro,Laptops,75000,69802.35,0.15,59332.0,83926.77,246,91,0,1,2,6,1,14595671.72
2024-02-26,LAPTOP001,Laptop Pro,Laptops,75000,73992.45,0.15,62893.59,60348.62,79,389,0,0,2,0,1,4968593.24
2024-02-27,LAPTOP001,Laptop Pro,Laptops,75000,72581.11,0.15,61693.94,74398.17,206,183,0,0,2,1,1,12708951.49
2024-02-28,LAPTOP001,Laptop Pro,Laptops,75000,70312.41,0.15,59765.55,80849.46,202,250,0,0,2,2,1,12072640.46
2024-02-29,LAPTOP001,Laptop Pro,Laptops,75000,81296.65,0.0,81296.65,61188.56,71,179,0,0,2,3,1,5772061.95
2024-03-01,LAPTOP001,Laptop Pro,Laptops,75000,66110.93,0.05,62805.38,67261.35,179,217,0,0,3,4,1,11242163.48
2024-03-02,LAPTOP001,Laptop Pro,Laptops,75000,66956.15,0.15,56912.73,74966.64,224,284,0,1,3,5,1,12748450.91
2024-03-03,LAPTOP001,Laptop Pro,Laptops,75000,79555.46,0.1,71599.92,76789.46,132,152,0,1,3,6,1,9451188.87
2024-03-04,LAPTOP001,Laptop Pro,Laptops,75000,71095.38,0.0,71095.38,75531.35,99,53,0,0,3,0,1,7038442.56
2024-03-05,LAPTOP001,Laptop Pro,Laptops,75000,71639.11,0.15,60893.24,60996.09,46,231,0,0,3,1,1,2801089.04
2024-03-06,LAPTOP001,Laptop Pro,Laptops,75000,72680.77,0.15,61778.66,63981.47,191,276,0,0,3,2,1,11799723.61
2024-03-07,LAPTOP001,Laptop Pro,Laptops,75000,79262.96,0.1,71336.67,84017.6,128,148,0,0,3,3,1,9131093.2
2024-03-08,LAPTOP001,Laptop Pro,Laptops,75000,67518.36,0.0,67518.36,63137.04,121,370,0,0,3,4,1,8169721.33
2024-03-09,LAPTOP001,Laptop Pro,Laptops,75000,79645.7,0.05,75663.42,60947.58,123,247,0,1,3,5,1,9306600.49
2024-03-10,LAPTOP001,Laptop Pro,Laptops,75000,64919.35,0.0,64919.35,76238.89,170,77,0,1,3,6,1,11036290.16
2024-03-11,LAPTOP001,Laptop Pro,Laptops,75000,83346.81,0.05,79179.47,81422.61,83,378,0,0,3,0,1,6571895.6
2024-03-12,LAPTOP001,Laptop Pro,Laptops,75000,71387.63,0.0,71387.63,84444.75,102,276,0,0,3,1,1,7281538.19
2024-03-13,LAPTOP001,Laptop Pro,Laptops,75000,83883.37,0.1,75495.04,76427.77,130,146,0,0,3,2,1,9814354.85
2024-03-14,LAPTOP001,Laptop Pro,Laptops,75000,73927.16,0.0,73927.16,79307.33,106,249,0,0,3,3,1,7836279.11
2024-03-15,LAPTOP001,Laptop Pro,Laptops,75000,80210.76,0.05,76200.23,62448.9,82,167,0,0,3,4,1,6248418.53
2024-03-16,LAPTOP001,Laptop Pro,Laptops,75000,69309.82,0.15,58913.35,64786.34,185,297,0,1,3,5,1,10898969.63
2024-03-17,LAPTOP001,Laptop Pro,Laptops,75000,68682.31,0.15,58379.97,89275.96,261,391,0,1,3,6,1,15237171.52
2024-03-18,LAPTOP001,Laptop Pro,Laptops,75000,67847.65,0.0,67847.65,83690.96,137,254,0,0,3,0,1,9295128.48
2024-03-19,LAPTOP001,Laptop Pro,Laptops,75000,74959.4,0.1,67463.46,76660.91,164,90,0,0,3,1,1,11064007.97
2024-03-20,LAPTOP001,Laptop Pro,Laptops,75000,68890.23,0.1,62001.21,89890.02,102,277,0,0,3,2,1,6324123.27
2024-03-21,LAPTOP001,Laptop Pro,Laptops,75000,78382.33,0.05,74463.21,65986.27,109,168,0,0,3,3,1,8116490.06
2024-03-22,LAPTOP001,Laptop Pro,Laptops,75000,65374.46,0.1,58837.02,60919.58,155,200,0,0,3,4,1,9119737.76
2024-03-23,LAPTOP001,Laptop Pro,Laptops,75000,74159.02,0.0,74159.02,86048.18,134,66,0,1,3,5,1,9937308.21
2024-03-24,LAPTOP001,Laptop Pro,Laptops,75000,80460.9,0.0,80460.9,72764.8,62,253,0,1,3,6,1,4988575.6
2024-03-25,LAPTOP001,Laptop Pro,Laptops,75000,72098.37,0.05,68493.45,89629.49,124,129,0,0,3,0,1,8493188.24
2024-03-26,LAPTOP001,Laptop Pro,Laptops,75000,83258.21,0.2,66606.57,77360.26,126,348,0,0,3,1,1,8392427.43
2024-03-27,LAPTOP001,Laptop Pro,Laptops,75000,80068.3,0.1,72061.47,74600.07,145,203,0,0,3,2,1,10448912.81
2024-03-28,LAPTOP001,Laptop Pro,Laptops,75000,84015.79,0.15,71413.42,72651.63,133,70,0,0,3,3,1,9497985.28
2024-03-29,LAPTOP001,Laptop Pro,Laptops,75000,77077.88,0.0,77077.88,87370.9,63,319,0,0,3,4,1,4855906.59
2024-03-30,LAPTOP001,Laptop Pro,Laptops,75000,77766.75,0.05,73878.41,78946.81,143,176,0,1,3,5,1,10564612.73
2024-03-31,LAPTOP001,Laptop Pro,Laptops,75000,66710.27,0.05,63374.76,81474.75,197,372,0,1,3,6,1,12484827.58
2024-04-01,LAPTOP001,Laptop Pro,Laptops,75000,67792.87,0.0,67792.87,67126.3,136,236,0,0,4,0,2,9219830.31
2024-04-02,LAPTOP001,Laptop Pro,Laptops,75000,67821.98,0.1,61039.78,85631.55,198,321,0,0,4,1,2,12085877.09
2024-04-03,LAPTOP001,Laptop Pro,Laptops,75000,69312.7,0.2,55450.16,86122.5,279,388,0,0,4,2,2,15470594.46
2024-04-04,LAPTOP001,Laptop Pro,Laptops,75000,75333.39,0.0,75333.39,70777.0,98,290,0,0,4,3,2,7382672.27
2024-04-05,LAPTOP001,Laptop Pro,Laptops,75000,67429.29,0.15,57314.89,71732.45,264,221,0,0,4,4,2,15131132.03
2024-04-06,LAPTOP001,Laptop Pro,Laptops,75000,69558.0,0.0,69558.0,79702.1,132,89,0,1,4,5,2,9181656.3
2024-04-07,LAPTOP001,Laptop Pro,Laptops,75000,81153.15,0.1,73037.83,63926.21,101,369,0,1,4,6,2,7376820.91
2024-04-08,LAPTOP001,Laptop Pro,Laptops,75000,73960.26,0.15,62866.22,67081.51,160,209,0,0,4,0,2,10058596.0
2024-04-09,LAPTOP001,Laptop Pro,Laptops,75000,67569.55,0.1,60812.6,75593.22,182,285,0,0,4,1,2,11067892.76
2024-04-10,LAPTOP001,Laptop Pro,Laptops,75000,82399.88,0.0,82399.88,72926.63,72,213,0,0,4,2,2,5932791.05
2024-04-11,LAPTOP001,Laptop Pro,Laptops,75000,77635.76,0.2,62108.61,81203.32,191,392,0,0,4,3,2,11862744.46
2024-04-12,LAPTOP001,Laptop Pro,Laptops,75000,67521.43,0.0,67521.43,61100.14,122,270,0,0,4,4,2,8237614.75
2024-04-13,LAPTOP001,Laptop Pro,Laptops,75000,78685.6,0.15,66882.76,74238.93,212,58,0,1,4,5,2,14179145.46
2024-04-14,LAPTOP001,Laptop Pro,Laptops,75000,81877.58,0.0,81877.58,77560.63,64,257,0,1,4,6,2,5240165.02
2024-04-15,LAPTOP001,Laptop Pro,Laptops,75000,68381.43,0.2,54705.14,63357.59,239,250,0,0,4,0,2,13074528.89
2024-04-16,LAPTOP001,Laptop Pro,Laptops,75000,65034.45,0.0,65034.45,75935.09,156,94,0,0,4,1,2,10145374.86
2024-04-17,LAPTOP001,Laptop Pro,Laptops,75000,64635.23,0.0,64635.23,63663.3,92,211,0,0,4,2,2,5946441.13
2024-04-18,LAPTOP001,Laptop Pro,Laptops,75000,84762.19,0.0,84762.19,69484.68,71,140,0,0,4,3,2,6018115.34
2024-04-19,LAPTOP001,Laptop Pro,Laptops,75000,64685.39,0.05,61451.12,64450.3,160,356,0,0,4,4,2,9832179.18
2024-04-20,LAPTOP001,Laptop Pro,Laptops,75000,85465.17,0.2,68372.14,60148.2,201,155,0,1,4,5,2,13742799.44
2024-04-21,LAPTOP001,Laptop Pro,Laptops,75000,78130.2,0.2,62504.16,86037.55,152,218,0,1,4,6,2,9500632.15
2024-04-22,LAPTOP001,Laptop Pro,Laptops,75000,75350.91,0.05,71583.37,74665.4,128,90,0,0,4,0,2,9162670.73
2024-04-23,LAPTOP001,Laptop Pro,Laptops,75000,66892.15,0.05,63547.55,60899.21,84,361,0,0,4,1,2,5337993.83
2024-04-24,LAPTOP001,Laptop Pro,Laptops,75000,79605.32,0.1,71644.79,66055.6,131,230,0,0,4,2,2,9385466.89
2024-04-25,LAPTOP001,Laptop Pro,Laptops,75000,85573.02,0.0,85573.02,62817.02,67,163,0,0,4,3,2,5733392.41
2024-04-26,LAPTOP001,Laptop Pro,Laptops,75000,73734.38,0.15,62674.22,86044.27,147,378,0,0,4,4,2,9213110.77
2024-04-27,LAPTOP001,Laptop Pro,Laptops,75000,79334.08,0.05,75367.38,85143.46,150,228,0,1,4,5,2,11305106.96
2024-04-28,LAPTOP001,Laptop Pro,Laptops,75000,79123.08,0.05,75166.93,74915.24,130,98,0,1,4,6,2,9771700.46
2024-04-29,LAPTOP001,Laptop Pro,Laptops,75000,83300.36,0.05,79135.34,77118.29,84,262,0,0,4,0,2,6647368.9
2024-04-30,LAPTOP001,Laptop Pro,Laptops,75000,84696.35,0.0,84696.35,80685.8,82,180,0,0,4,1,2,6945100.34
2024-05-01,LAPTOP001,Laptop Pro,Laptops,75000,68602.69,0.15,58312.29,79766.56,174,376,0,0,5,2,2,10146337.99
2024-05-02,LAPTOP001,Laptop Pro,Laptops,75000,78402.74,0.0,78402.74,63197.79,85,291,0,0,5,3,2,6664233.07
2024-05-03,LAPTOP001,Laptop Pro,Laptops,75000,86236.81,0.2,68989.45,61446.36,174,117,0,0,5,4,2,12004163.79
2024-05-04,LAPTOP001,Laptop Pro,Laptops,75000,72905.43,0.2,58324.34,86122.6,126,397,0,1,5,5,2,7348867.25
2024-05-05,LAPTOP001,Laptop Pro,Laptops,75000,76507.87,0.0,76507.87,82153.48,127,270,0,1,5,6,2,9716498.97
2024-05-06,LAPTOP001,Laptop Pro,Laptops,75000,72843.16,0.2,58274.53,69810.99,250,308,0,0,5,0,2,14568631.45
2024-05-07,LAPTOP001,Laptop Pro,Laptops,75000,81926.53,0.0,81926.53,82868.55,93,215,0,0,5,1,2,7619167.63
2024-05-08,LAPTOP001,Laptop Pro,Laptops,75000,73550.62,0.0,73550.62,84535.03,97,118,0,0,5,2,2,7134410.58
2024-05-09,LAPTOP001,Laptop Pro,Laptops,75000,76001.0,0.2,60800.8,60172.76,111,378,0,0,5,3,2,6748889.22
2024-05-10,LAPTOP001,Laptop Pro,Laptops,75000,71995.38,0.1,64795.85,71885.18,173,205,0,0,5,4,2,11209681.37
2024-05-11,LAPTOP001,Laptop Pro,Laptops,75000,72492.56,0.05,68867.93,73460.81,140,65,0,1,5,5,2,9641510.12
2024-05-12,LAPTOP001,Laptop Pro,Laptops,75000,72148.17,0.0,72148.17,66818.09,56,342,0,1,5,6,2,4040297.26
2024-05-13,LAPTOP001,Laptop Pro,Laptops,75000,77327.59,0.0,77327.59,80046.38,99,243,0,0,5,0,2,7655431.74
2024-05-14,LAPTOP001,Laptop Pro,Laptops,75000,74178.62,0.2,59342.89,71393.57,256,231,0,0,5,1,2,15191780.55
2024-05-15,LAPTOP001,Laptop Pro,Laptops,75000,75429.34,0.05,71657.87,74375.46,104,127,0,0,5,2,2,7452418.81
2024-05-16,LAPTOP001,Laptop Pro,Laptops,75000,71428.08,0.0,71428.08,71405.87,105,318,0,0,5,3,2,7499947.99
2024-05-17,LAPTOP001,Laptop Pro,Laptops,75000,76803.88,0.15,65283.3,76008.08,184,134,0,0,5,4,2,12012126.57
