data/sales_data.csv
Date,Product_ID,Product_Name,Category,Base_Price,Current_Price,Discount,Actual_Price,Competitor_Price,Units_Sold,Inventory,Holiday_Flag,Weekend_Flag,Month,Day_of_Week,Quarter,Revenue
2024-05-18,LAPTOP001,Laptop Pro,Laptops,75000,80959.87,0.1,72863.89,84389.57,142,343,0,1,5,5,2,10346671.82
2024-05-19,LAPTOP001,Laptop Pro,Laptops,75000,85249.28,0.1,76724.35,60546.98,104,239,0,1,5,6,2,7979332.9
2024-05-20,LAPTOP001,Laptop Pro,Laptops,75000,63920.16,0.0,63920.16,79424.24,163,76,0,0,5,0,2,10418986.84
2024-05-21,LAPTOP001,Laptop Pro,Laptops,75000,69228.35,0.2,55382.68,87811.04,65,313,0,0,5,1,2,3599874.29
2024-05-22,LAPTOP001,Laptop Pro,Laptops,75000,84774.81,0.1,76297.33,70548.68,98,215,0,0,5,2,2,7477138.3
2024-05-23,LAPTOP001,Laptop Pro,Laptops,75000,74682.11,0.2,59745.69,67703.3,201,384,0,0,5,3,2,12008884.02
2024-05-24,LAPTOP001,Laptop Pro,Laptops,75000,70664.02,0.1,63597.62,84090.78,183,201,0,0,5,4,2,11638364.79
2024-05-25,LAPTOP001,Laptop Pro,Laptops,75000,70754.42,0.05,67216.7,78310.01,175,340,0,1,5,5,2,11762922.86
2024-05-26,LAPTOP001,Laptop Pro,Laptops,75000,69884.04,0.05,66389.84,72406.47,145,195,0,1,5,6,2,9626526.51
2024-05-27,LAPTOP001,Laptop Pro,Laptops,75000,67825.86,0.0,67825.86,80433.54,116,79,0,0,5,0,2,7867799.8
2024-05-28,LAPTOP001,Laptop Pro,Laptops,75000,75566.18,0.15,64231.25,81271.39,69,321,0,0,5,1,2,4431956.23
2024-05-29,LAPTOP001,Laptop Pro,Laptops,75000,76514.52,0.05,72688.8,67696.88,127,194,0,0,5,2,2,9231477.43
2024-05-30,LAPTOP001,Laptop Pro,Laptops,75000,74629.78,0.0,74629.78,84179.78,108,86,0,0,5,3,2,8060015.92
2024-05-31,LAPTOP001,Laptop Pro,Laptops,75000,64726.78,0.2,51781.43,78994.54,97,263,0,0,5,4,2,5022798.28
2024-06-01,LAPTOP001,Laptop Pro,Laptops,75000,77286.27,0.2,61829.01,84575.67,288,363,0,1,6,5,2,17806755.68
2024-06-02,LAPTOP001,Laptop Pro,Laptops,75000,68881.79,0.0,68881.79,66361.35,135,228,0,1,6,6,2,9299042.31
2024-06-03,LAPTOP001,Laptop Pro,Laptops,75000,72998.14,0.2,58398.51,85195.84,255,399,0,0,6,0,2,14891620.68
2024-06-04,LAPTOP001,Laptop Pro,Laptops,75000,71701.98,0.1,64531.78,67106.12,173,226,0,0,6,1,2,11163998.45
2024-06-05,LAPTOP001,Laptop Pro,Laptops,75000,69933.14,0.05,66436.48,84678.43,148,78,0,0,6,2,2,9832598.89
2024-06-06,LAPTOP001,Laptop Pro,Laptops,75000,78769.87,0.15,66954.39,62866.06,80,261,0,0,6,3,2,5356351.35
2024-06-07,LAPTOP001,Laptop Pro,Laptops,75000,73914.77,0.0,73914.77,77598.25,94,167,0,0,6,4,2,6947988.64
2024-06-08,LAPTOP001,Laptop Pro,Laptops,75000,80329.66,0.05,76313.18,85883.91,118,219,0,1,6,5,2,9004954.8
2024-06-09,LAPTOP001,Laptop Pro,Laptops,75000,65903.58,0.15,56018.04,60709.16,228,273,0,1,6,6,2,12772113.32
2024-06-10,LAPTOP001,Laptop Pro,Laptops,75000,77409.62,0.0,77409.62,76400.92,86,187,0,0,6,0,2,6657226.96
2024-06-11,LAPTOP001,Laptop Pro,Laptops,75000,72545.38,0.0,72545.38,77834.29,109,78,0,0,6,1,2,7907446.95
2024-06-12,LAPTOP001,Laptop Pro,Laptops,75000,85975.17,0.0,85975.17,64093.19,68,281,0,0,6,2,2,5846311.85
2024-06-13,LAPTOP001,Laptop Pro,Laptops,75000,72847.17,0.1,65562.46,72845.99,170,111,0,0,6,3,2,11145617.36
2024-06-14,LAPTOP001,Laptop Pro,Laptops,75000,79329.81,0.0,79329.81,89737.68,84,235,0,0,6,4,2,6663704.33
2024-06-15,LAPTOP001,Laptop Pro,Laptops,75000,66092.47,0.0,66092.47,81730.16,161,74,0,1,6,5,2,10640887.2
2024-06-16,LAPTOP001,Laptop Pro,Laptops,75000,69918.61,0.0,69918.61,62382.58,64,298,0,1,6,6,2,4474791.36
2024-06-17,LAPTOP001,Laptop Pro,Laptops,75000,83869.29,0.15,71288.9,65756.02,129,169,0,0,6,0,2,9196268.16
2024-06-18,LAPTOP001,Laptop Pro,Laptops,75000,68849.77,0.0,68849.77,70649.89,102,67,0,0,6,1,2,7022676.44
2024-06-19,LAPTOP001,Laptop Pro,Laptops,75000,75428.85,0.15,64114.52,62028.38,73,254,0,0,6,2,2,4680359.85
2024-06-20,LAPTOP001,Laptop Pro,Laptops,75000,69008.52,0.0,69008.52,76200.36,135,119,0,0,6,3,2,9316150.45
2024-06-21,LAPTOP001,Laptop Pro,Laptops,75000,78394.74,0.05,74475.0,75988.73,106,304,0,0,6,4,2,7894350.4
2024-06-22,LAPTOP001,Laptop Pro,Laptops,75000,71242.54,0.0,71242.54,80084.61,152,152,0,1,6,5,2,10828866.54
2024-06-23,LAPTOP001,Laptop Pro,Laptops,75000,78641.38,0.1,70777.24,76733.5,162,319,0,1,6,6,2,11465913.46
2024-06-24,LAPTOP001,Laptop Pro,Laptops,75000,74217.13,0.05,70506.27,61804.27,116,203,0,0,6,0,2,8178727.32
2024-06-25,LAPTOP001,Laptop Pro,Laptops,75000,85296.57,0.0,85296.57,65259.09,70,133,0,0,6,1,2,5970759.82
2024-06-26,LAPTOP001,Laptop Pro,Laptops,75000,68271.01,0.0,68271.01,76074.83,109,307,0,0,6,2,2,7441539.87
2024-06-27,LAPTOP001,Laptop Pro,Laptops,75000,73883.35,0.05,70189.18,82684.9,127,180,0,0,6,3,2,8914025.7
2024-06-28,LAPTOP001,Laptop Pro,Laptops,75000,78710.51,0.2,62968.41,83863.5,203,349,0,0,6,4,2,12782587.44
2024-06-29,LAPTOP001,Laptop Pro,Laptops,75000,69029.45,0.15,58675.03,71979.48,227,122,0,1,6,5,2,13319231.77
2024-06-30,LAPTOP001,Laptop Pro,Laptops,75000,86080.88,0.0,86080.88,87810.03,91,395,0,1,6,6,2,7833359.97
2024-07-01,LAPTOP001,Laptop Pro,Laptops,75000,82695.75,0.1,74426.17,75628.74,127,268,0,0,7,0,3,9452124.12
2024-07-02,LAPTOP001,Laptop Pro,Laptops,75000,65755.3,0.05,62467.53,82658.11,152,116,0,0,7,1,3,9495065.28
2024-07-03,LAPTOP001,Laptop Pro,Laptops,75000,82336.52,0.05,78219.7,83460.84,111,201,0,0,7,2,3,8682386.21
2024-07-04,LAPTOP001,Laptop Pro,Laptops,75000,64563.61,0.0,64563.61,69093.85,125,76,0,0,7,3,3,8070451.07
2024-07-05,LAPTOP001,Laptop Pro,Laptops,75000,71853.07,0.0,71853.07,62629.28,85,392,0,0,7,4,3,6107510.88
2024-07-06,LAPTOP001,Laptop Pro,Laptops,75000,76210.55,0.05,72400.02,69165.73,127,265,0,1,7,5,3,9194802.91
2024-07-07,LAPTOP001,Laptop Pro,Laptops,75000,73812.06,0.2,59049.65,78017.83,266,307,0,1,7,6,3,15707205.76
2024-07-08,LAPTOP001,Laptop Pro,Laptops,75000,84436.32,0.1,75992.69,74908.9,133,174,0,0,7,0,3,10107027.43
2024-07-09,LAPTOP001,Laptop Pro,Laptops,75000,82907.06,0.15,70471.0,66255.32,158,388,0,0,7,1,3,11134418.37
2024-07-10,LAPTOP001,Laptop Pro,Laptops,75000,66368.24,0.1,59731.42,84523.49,199,189,0,0,7,2,3,11886552.49
2024-07-11,LAPTOP001,Laptop Pro,Laptops,75000,83504.42,0.2,66803.54,86041.7,206,354,0,0,7,3,3,13761528.78
2024-07-12,LAPTOP001,Laptop Pro,Laptops,75000,81525.68,0.0,81525.68,69140.37,68,286,0,0,7,4,3,5543746.57
2024-07-13,LAPTOP001,Laptop Pro,Laptops,75000,72817.05,0.05,69176.2,65205.74,150,136,0,1,7,5,3,10376430.2
2024-07-14,LAPTOP001,Laptop Pro,Laptops,75000,71537.24,0.0,71537.24,89268.31,141,269,0,1,7,6,3,10086751.38
2024-07-15,LAPTOP001,Laptop Pro,Laptops,75000,82255.81,0.05,78143.02,63975.74,100,169,0,0,7,0,3,7814302.2
2024-07-16,LAPTOP001,Laptop Pro,Laptops,75000,84512.04,0.05,80286.43,74611.86,96,73,0,0,7,1,3,7707497.75
2024-07-17,LAPTOP001,Laptop Pro,Laptops,75000,80958.22,0.0,80958.22,65245.16,73,299,0,0,7,2,3,5909950.1
2024-07-18,LAPTOP001,Laptop Pro,Laptops,75000,72719.92,0.0,72719.92,64391.22,94,205,0,0,7,3,3,6835672.3
2024-07-19,LAPTOP001,Laptop Pro,Laptops,75000,65283.88,0.15,55491.3,60774.36,182,373,0,0,7,4,3,10099415.77
2024-07-20,LAPTOP001,Laptop Pro,Laptops,75000,85420.09,0.2,68336.07,76485.89,228,145,0,1,7,5,3,15580624.42
2024-07-21,LAPTOP001,Laptop Pro,Laptops,75000,73481.2,0.05,69807.14,69354.48,143,385,0,1,7,6,3,9982421.33
2024-07-22,LAPTOP001,Laptop Pro,Laptops,75000,73639.01,0.0,73639.01,63169.94,98,287,0,0,7,0,3,7216623.27
2024-07-23,LAPTOP001,Laptop Pro,Laptops,75000,68610.86,0.2,54888.69,78587.64,295,319,0,0,7,1,3,16192162.75
2024-07-24,LAPTOP001,Laptop Pro,Laptops,75000,67170.56,0.0,67170.56,61840.49,126,193,0,0,7,2,3,8463490.46
2024-07-25,LAPTOP001,Laptop Pro,Laptops,75000,74095.51,0.1,66685.96,61744.91,163,336,0,0,7,3,3,10869811.25
2024-07-26,LAPTOP001,Laptop Pro,Laptops,75000,65050.06,0.0,65050.06,80851.06,162,174,0,0,7,4,3,10538110.14
2024-07-27,LAPTOP001,Laptop Pro,Laptops,75000,69131.55,0.05,65674.97,64267.48,140,351,0,1,7,5,3,9194496.46
2024-07-28,LAPTOP001,Laptop Pro,Laptops,75000,70573.69,0.1,63516.32,63031.37,196,155,0,1,7,6,3,12449199.06
2024-07-29,LAPTOP001,Laptop Pro,Laptops,75000,65151.57,0.15,55378.83,75282.66,178,206,0,0,7,0,3,9857431.85
2024-07-30,LAPTOP001,Laptop Pro,Laptops,75000,82064.33,0.0,82064.33,78456.58,78,128,0,0,7,1,3,6401017.82
2024-07-31,LAPTOP001,Laptop Pro,Laptops,75000,77787.66,0.15,66119.51,75811.24,125,309,0,0,7,2,3,8264938.48
2024-08-01,LAPTOP001,Laptop Pro,Laptops,75000,66690.98,0.0,66690.98,86598.13,135,174,0,0,8,3,3,9003282.77
2024-08-02,LAPTOP001,Laptop Pro,Laptops,75000,68129.01,0.2,54503.21,71032.78,169,318,0,0,8,4,3,9211041.68
2024-08-03,LAPTOP001,Laptop Pro,Laptops,75000,82369.6,0.0,82369.6,82008.43,104,214,0,1,8,5,3,8566438.68
2024-08-04,LAPTOP001,Laptop Pro,Laptops,75000,63998.2,0.0,63998.2,72484.62,161,53,0,1,8,6,3,10303710.76
2024-08-05,LAPTOP001,Laptop Pro,Laptops,75000,64181.83,0.0,64181.83,67794.4,57,297,0,0,8,0,3,3658364.1
2024-08-06,LAPTOP001,Laptop Pro,Laptops,75000,66834.97,0.0,66834.97,76059.3,119,178,0,0,8,1,3,7953361.24
2024-08-07,LAPTOP001,Laptop Pro,Laptops,75000,64022.72,0.0,64022.72,67236.04,155,316,0,0,8,2,3,9923521.2
2024-08-08,LAPTOP001,Laptop Pro,Laptops,75000,81784.59,0.0,81784.59,88787.3,88,228,0,0,8,3,3,7197043.48
2024-08-09,LAPTOP001,Laptop Pro,Laptops,75000,66219.06,0.0,66219.06,76438.78,131,97,0,0,8,4,3,8674697.45
2024-08-10,LAPTOP001,Laptop Pro,Laptops,75000,82748.03,0.2,66198.43,62942.48,96,297,0,1,8,5,3,6355049.04
2024-08-11,LAPTOP001,Laptop Pro,Laptops,75000,67126.09,0.0,67126.09,69740.28,153,144,0,1,8,6,3,10270292.53
2024-08-12,LAPTOP001,Laptop Pro,Laptops,75000,74460.41,0.2,59568.33,71276.65,139,307,0,0,8,0,3,8279997.36
2024-08-13,LAPTOP001,Laptop Pro,Laptops,75000,74087.55,0.0,74087.55,83550.5,120,187,0,0,8,1,3,8890506.27
2024-08-14,LAPTOP001,Laptop Pro,Laptops,75000,85245.03,0.2,68196.02,83607.1,171,220,0,0,8,2,3,11661520.17
2024-08-15,LAPTOP001,Laptop Pro,Laptops,75000,79233.03,0.05,75271.38,73128.09,129,91,1,0,8,3,3,9710007.94
2024-08-16,LAPTOP001,Laptop Pro,Laptops,75000,82669.61,0.0,82669.61,61152.79,77,391,0,0,8,4,3,6365560.01
2024-08-17,LAPTOP001,Laptop Pro,Laptops,75000,74133.24,0.1,66719.92,79116.04,192,199,0,1,8,5,3,12810224.38
2024-08-18,LAPTOP001,Laptop Pro,Laptops,75000,83890.15,0.0,83890.15,79100.09,94,105,0,1,8,6,3,7885674.02
2024-08-19,LAPTOP001,Laptop Pro,Laptops,75000,65249.67,0.0,65249.67,75552.24,93,257,0,0,8,0,3,6068219.39
2024-08-20,LAPTOP001,Laptop Pro,Laptops,75000,80342.26,0.15,68290.92,75366.66,169,88,0,0,8,1,3,11541165.62
2024-08-21,LAPTOP001,Laptop Pro,Laptops,75000,64687.64,0.0,64687.64,62543.76,93,399,0,0,8,2,3,6015950.54
2024-08-22,LAPTOP001,Laptop Pro,Laptops,75000,65371.9,0.15,55566.11,62137.7,200,199,0,0,8,3,3,11113222.59
2024-08-23,LAPTOP001,Laptop Pro,Laptops,75000,85271.28,0.0,85271.28,82125.25,74,125,0,0,8,4,3,6310074.83
2024-08-24,LAPTOP001,Laptop Pro,Laptops,75000,70422.05,0.2,56337.64,70491.1,135,207,0,1,8,5,3,7605581.46
2024-08-25,LAPTOP001,Laptop Pro,Laptops,75000,78630.84,0.0,78630.84,65555.87,85,122,0,1,8,6,3,6683621.29
2024-08-26,LAPTOP001,Laptop Pro,Laptops,75000,65963.9,0.0,65963.9,79809.08,131,205,0,0,8,0,3,8641271.18
2024-08-27,LAPTOP001,Laptop Pro,Laptops,75000,69713.54,0.1,62742.19,60628.35,142,63,0,0,8,1,3,8909391.0
2024-08-28,LAPTOP001,Laptop Pro,Laptops,75000,85526.85,0.0,85526.85,68863.34,68,261,0,0,8,2,3,5815825.85
2024-08-29,LAPTOP001,Laptop Pro,Laptops,75000,77804.93,0.0,77804.93,71458.19,81,180,0,0,8,3,3,6302199.35
2024-08-30,LAPTOP001,Laptop Pro,Laptops,75000,66481.19,0.05,63157.13,78450.39,178,371,0,0,8,4,3,11241969.97
2024-08-31,LAPTOP001,Laptop Pro,Laptops,75000,78237.85,0.0,78237.85,75909.06,90,281,0,1,8,5,3,7041406.11
2024-09-01,LAPTOP001,Laptop Pro,Laptops,75000,85541.0,0.1,76986.9,83961.43,128,153,0,1,9,6,3,9854322.91
2024-09-02,LAPTOP001,Laptop Pro,Laptops,75000,85799.33,0.0,85799.33,78056.45,76,77,0,0,9,0,3,6520749.26
2024-09-03,LAPTOP001,Laptop Pro,Laptops,75000,80581.65,0.05,76552.56,84353.09,80,379,0,0,9,1,3,6124205.14
2024-09-04,LAPTOP001,Laptop Pro,Laptops,75000,66632.15,0.0,66632.15,70148.03,143,236,0,0,9,2,3,9528398.06
2024-09-05,LAPTOP001,Laptop Pro,Laptops,75000,68803.85,0.2,55043.08,71165.01,231,294,0,0,9,3,3,12714951.71
2024-09-06,LAPTOP001,Laptop Pro,Laptops,75000,73636.61,0.0,73636.61,78388.19,120,174,0,0,9,4,3,8836393.47
2024-09-07,LAPTOP001,Laptop Pro,Laptops,75000,69165.59,0.1,62249.03,63645.04,158,355,0,1,9,5,3,9835346.33
2024-09-08,LAPTOP001,Laptop Pro,Laptops,75000,83705.81,0.15,71149.94,79374.32,161,194,0,1,9,6,3,11455140.13
2024-09-09,LAPTOP001,Laptop Pro,Laptops,75000,82108.81,0.15,69792.49,85841.1,178,229,0,0,9,0,3,12423062.37
2024-09-10,LAPTOP001,Laptop Pro,Laptops,75000,84425.85,0.2,67540.68,67567.23,182,241,0,0,9,1,3,12292403.32
2024-09-11,LAPTOP001,Laptop Pro,Laptops,75000,74112.14,0.0,74112.14,85259.96,116,125,0,0,9,2,3,8597008.09
2024-09-12,LAPTOP001,Laptop Pro,Laptops,75000,81220.07,0.0,81220.07,79684.86,77,348,0,0,9,3,3,6253945.2
2024-09-13,LAPTOP001,Laptop Pro,Laptops,75000,76013.11,0.0,76013.11,89540.09,118,230,0,0,9,4,3,8969546.47
2024-09-14,LAPTOP001,Laptop Pro,Laptops,75000,64721.41,0.0,64721.41,64944.44,133,97,0,1,9,5,3,8607947.4
2024-09-15,LAPTOP001,Laptop Pro,Laptops,75000,80084.55,0.1,72076.09,84533.56,88,373,0,1,9,6,3,6342696.2
2024-09-16,LAPTOP001,Laptop Pro,Laptops,75000,75131.69,0.05,71375.1,85221.09,139,234,0,0,9,0,3,9921139.08
2024-09-17,LAPTOP001,Laptop Pro,Laptops,75000,75950.34,0.05,72152.82,77710.43,122,112,0,0,9,1,3,8802644.07
2024-09-18,LAPTOP001,Laptop Pro,Laptops,75000,70444.84,0.15,59878.11,76950.66,118,250,0,0,9,2,3,7065617.47
2024-09-19,LAPTOP001,Laptop Pro,Laptops,75000,83399.77,0.0,83399.77,79088.74,86,164,0,0,9,3,3,7172379.84
2024-09-20,LAPTOP001,Laptop Pro,Laptops,75000,67351.61,0.1,60616.45,73846.72,139,376,0,0,9,4,3,8425686.63
2024-09-21,LAPTOP001,Laptop Pro,Laptops,75000,69300.27,0.2,55440.22,81793.85,369,360,0,1,9,5,3,20457441.02
2024-09-22,LAPTOP001,Laptop Pro,Laptops,75000,65981.51,0.0,65981.51,72044.83,164,196,0,1,9,6,3,10820967.19
2024-09-23,LAPTOP001,Laptop Pro,Laptops,75000,68340.8,0.0,68340.8,76652.55,133,63,0,0,9,0,3,9089326.64
2024-09-24,LAPTOP001,Laptop Pro,Laptops,75000,77609.67,0.15,65968.22,65640.74,60,397,0,0,9,1,3,3958093.3
2024-09-25,LAPTOP001,Laptop Pro,Laptops,75000,81385.32,0.0,81385.32,76626.8,71,326,0,0,9,2,3,5778357.38
2024-09-26,LAPTOP001,Laptop Pro,Laptops,75000,80872.29,0.2,64697.83,61059.34,190,136,0,0,9,3,3,12292588.4
2024-09-27,LAPTOP001,Laptop Pro,Laptops,75000,68305.81,0.15,58059.94,88742.2,130,353,0,0,9,4,3,7547792.29
2024-09-28,LAPTOP001,Laptop Pro,Laptops,75000,71105.96,0.2,56884.77,64466.64,264,89,0,1,9,5,3,15017579.04
2024-09-29,LAPTOP001,Laptop Pro,Laptops,75000,83474.64,0.0,83474.64,89890.03,85,344,0,1,9,6,3,7095344.58
2024-09-30,LAPTOP001,Laptop Pro,Laptops,75000,73843.74,0.2,59074.99,81662.13,273,71,0,0,9,0,3,16127472.64
2024-10-01,LAPTOP001,Laptop Pro,Laptops,75000,77093.5,0.0,77093.5,71745.77,69,288,0,0,10,1,4,5319451.33
2024-10-02,LAPTOP001,Laptop Pro,Laptops,75000,79401.41,0.1,71461.27,60096.55,191,97,1,0,10,2,4,13649102.09
2024-10-03,LAPTOP001,Laptop Pro,Laptops,75000,71748.59,0.05,68161.16,83825.92,85,369,0,0,10,3,4,5793698.86
2024-10-04,LAPTOP001,Laptop Pro,Laptops,75000,76984.55,0.0,76984.55,74429.19,117,252,0,0,10,4,4,9007192.47
2024-10-05,LAPTOP001,Laptop Pro,Laptops,75000,65209.21,0.0,65209.21,77399.51,195,57,0,1,10,5,4,12715795.15
2024-10-06,LAPTOP001,Laptop Pro,Laptops,75000,76364.85,0.1,68728.37,78104.63,60,365,0,1,10,6,4,4123702.01
2024-10-07,LAPTOP001,Laptop Pro,Laptops,75000,81862.25,0.0,81862.25,68094.62,101,264,0,0,10,0,4,8268087.5
2024-10-08,LAPTOP001,Laptop Pro,Laptops,75000,74960.75,0.0,74960.75,62311.75,93,171,0,0,10,1,4,6971350.02
2024-10-09,LAPTOP001,Laptop Pro,Laptops,75000,71270.36,0.2,57016.29,83546.91,181,307,0,0,10,2,4,10319948.44
2024-10-10,LAPTOP001,Laptop Pro,Laptops,75000,81493.84,0.2,65195.07,75518.07,226,81,0,0,10,3,4,14734085.68
2024-10-11,LAPTOP001,Laptop Pro,Laptops,75000,67067.68,0.05,63714.3,69845.78,79,227,0,0,10,4,4,5033429.52
2024-10-12,LAPTOP001,Laptop Pro,Laptops,75000,65743.51,0.05,62456.33,66618.36,224,292,0,1,10,5,4,13990218.86
2024-10-13,LAPTOP001,Laptop Pro,Laptops,75000,80302.42,0.15,68257.06,89950.43,269,317,0,1,10,6,4,18361148.35
2024-10-14,LAPTOP001,Laptop Pro,Laptops,75000,78207.72,0.15,66476.56,72637.44,210,107,0,0,10,0,4,13960077.48
2024-10-15,LAPTOP001,Laptop Pro,Laptops,75000,81427.16,0.0,81427.16,63550.09,86,311,0,0,10,1,4,7002735.88
2024-10-16,LAPTOP001,Laptop Pro,Laptops,75000,82645.55,0.0,82645.55,71514.99,94,217,0,0,10,2,4,7768681.83
2024-10-17,LAPTOP001,Laptop Pro,Laptops,75000,76974.81,0.15,65428.59,65534.29,191,333,0,0,10,3,4,12496860.5
2024-10-18,LAPTOP001,Laptop Pro,Laptops,75000,71276.5,0.15,60585.03,60785.9,196,137,0,0,10,4,4,11874665.57
2024-10-19,LAPTOP001,Laptop Pro,Laptops,75000,82463.18,0.0,82463.18,68192.12,104,357,0,1,10,5,4,8576171.08
2024-10-20,LAPTOP001,Laptop Pro,Laptops,75000,70471.33,0.2,56377.06,88220.38,331,337,0,1,10,6,4,18660806.97
2024-10-21,LAPTOP001,Laptop Pro,Laptops,75000,73417.28,0.2,58733.82,86181.91,333,323,0,0,10,0,4,19558362.94
2024-10-22,LAPTOP001,Laptop Pro,Laptops,75000,67937.28,0.05,64540.42,84079.3,190,133,0,0,10,1,4,12262679.38
2024-10-23,LAPTOP001,Laptop Pro,Laptops,75000,74616.8,0.05,70885.96,64004.4,116,387,0,0,10,2,4,8222771.32
2024-10-24,LAPTOP001,Laptop Pro,Laptops,75000,80128.63,0.1,72115.77,74893.83,154,233,0,0,10,3,4,11105828.73
2024-10-25,LAPTOP001,Laptop Pro,Laptops,75000,80163.94,0.0,80163.94,82965.39,97,136,0,0,10,4,4,7775901.71
2024-10-26,LAPTOP001,Laptop Pro,Laptops,75000,77480.07,0.0,77480.07,64060.62,125,262,0,1,10,5,4,9685008.23
2024-10-27,LAPTOP001,Laptop Pro,Laptops,75000,78531.49,0.2,62825.19,88698.44,228,222,0,1,10,6,4,14324143.96
2024-10-28,LAPTOP001,Laptop Pro,Laptops,75000,65033.73,0.0,65033.73,68465.61,147,75,0,0,10,0,4,9559958.49
2024-10-29,LAPTOP001,Laptop Pro,Laptops,75000,69307.02,0.05,65841.67,87187.64,69,262,0,0,10,1,4,4543075.36
2024-10-30,LAPTOP001,Laptop Pro,Laptops,75000,69868.87,0.2,55895.1,82781.95,258,318,0,0,10,2,4,14420934.53
2024-10-31,LAPTOP001,Laptop Pro,Laptops,75000,81225.99,0.1,73103.39,61960.98,136,182,0,0,10,3,4,9942060.87
