data/sales_data.csv
Date,Product_ID,Product_Name,Category,Base_Price,Current_Price,Discount,Actual_Price,Competitor_Price,Units_Sold,Inventory,Holiday_Flag,Weekend_Flag,Month,Day_of_Week,Quarter,Revenue
2024-11-01,LAPTOP001,Laptop Pro,Laptops,75000,64506.31,0.1,58055.68,61879.6,204,371,1,0,11,4,4,11843357.78
2024-11-02,LAPTOP001,Laptop Pro,Laptops,75000,66883.02,0.05,63538.87,75972.62,269,102,0,1,11,5,4,17091955.98
2024-11-03,LAPTOP001,Laptop Pro,Laptops,75000,71565.22,0.0,71565.22,86995.0,87,207,0,1,11,6,4,6226174.56
2024-11-04,LAPTOP001,Laptop Pro,Laptops,75000,78685.27,0.05,74751.0,88901.83,182,283,0,0,11,0,4,13604682.83
2024-11-05,LAPTOP001,Laptop Pro,Laptops,75000,84828.51,0.0,84828.51,61567.74,95,188,0,0,11,1,4,8058708.01
2024-11-06,LAPTOP001,Laptop Pro,Laptops,75000,69603.55,0.05,66123.37,81924.63,215,254,0,0,11,2,4,14216525.15
2024-11-07,LAPTOP001,Laptop Pro,Laptops,75000,69521.93,0.0,69521.93,79625.24,166,88,0,0,11,3,4,11540639.78
2024-11-08,LAPTOP001,Laptop Pro,Laptops,75000,76469.93,0.2,61175.94,73917.97,100,266,0,0,11,4,4,6117594.46
2024-11-09,LAPTOP001,Laptop Pro,Laptops,75000,77441.86,0.0,77441.86,70485.19,136,130,0,1,11,5,4,10532093.45
2024-11-10,LAPTOP001,Laptop Pro,Laptops,75000,67153.05,0.0,67153.05,66759.51,120,352,0,1,11,6,4,8058366.44
2024-11-11,LAPTOP001,Laptop Pro,Laptops,75000,82888.86,0.15,70455.53,76836.68,228,124,0,0,11,0,4,16063861.32
2024-11-12,LAPTOP001,Laptop Pro,Laptops,75000,66332.3,0.0,66332.3,85804.19,132,342,0,0,11,1,4,8755863.55
2024-11-13,LAPTOP001,Laptop Pro,Laptops,75000,65272.54,0.0,65272.54,81235.05,214,128,0,0,11,2,4,13968323.16
2024-11-14,LAPTOP001,Laptop Pro,Laptops,75000,65588.82,0.1,59029.94,73749.02,127,248,0,0,11,3,4,7496802.16
2024-11-15,LAPTOP001,Laptop Pro,Laptops,75000,67479.93,0.0,67479.93,88370.94,224,261,0,0,11,4,4,15115503.68
2024-11-16,LAPTOP001,Laptop Pro,Laptops,75000,78803.0,0.15,66982.55,73868.87,254,304,0,1,11,5,4,17013568.26
2024-11-17,LAPTOP001,Laptop Pro,Laptops,75000,78396.9,0.05,74477.06,76362.96,168,136,0,1,11,6,4,12512145.72
2024-11-18,LAPTOP001,Laptop Pro,Laptops,75000,75281.31,0.1,67753.18,84192.11,134,394,0,0,11,0,4,9078925.94
2024-11-19,LAPTOP001,Laptop Pro,Laptops,75000,64919.02,0.0,64919.02,83588.35,196,198,0,0,11,1,4,12724128.51
2024-11-20,LAPTOP001,Laptop Pro,Laptops,75000,69568.97,0.15,59133.62,64941.19,187,321,0,0,11,2,4,11057987.59
2024-11-21,LAPTOP001,Laptop Pro,Laptops,75000,80776.91,0.15,68660.37,75581.58,217,104,0,0,11,3,4,14899300.84
2024-11-22,LAPTOP001,Laptop Pro,Laptops,75000,83501.18,0.15,70976.0,86387.46,115,325,0,0,11,4,4,8162240.03
2024-11-23,LAPTOP001,Laptop Pro,Laptops,75000,69122.91,0.05,65666.77,73537.18,290,204,0,1,11,5,4,19043363.02
2024-11-24,LAPTOP001,Laptop Pro,Laptops,75000,81120.28,0.0,81120.28,60815.02,108,96,0,1,11,6,4,8760990.32
2024-11-25,LAPTOP001,Laptop Pro,Laptops,75000,74188.46,0.0,74188.46,87276.61,97,256,0,0,11,0,4,7196280.23
2024-11-26,LAPTOP001,Laptop Pro,Laptops,75000,74950.78,0.05,71203.24,63164.21,177,79,0,0,11,1,4,12602973.9
2024-11-27,LAPTOP001,Laptop Pro,Laptops,75000,82247.32,0.15,69910.22,71412.6,85,262,0,0,11,2,4,5942368.95
2024-11-28,LAPTOP001,Laptop Pro,Laptops,75000,85450.72,0.0,85450.72,66112.99,101,161,0,0,11,3,4,8630523.2
2024-11-29,LAPTOP001,Laptop Pro,Laptops,75000,70210.6,0.15,59679.01,83785.63,164,348,0,0,11,4,4,9787358.21
2024-11-30,LAPTOP001,Laptop Pro,Laptops,75000,78028.1,0.0,78028.1,83937.42,161,187,0,1,11,5,4,12562524.81
2024-12-01,LAPTOP001,Laptop Pro,Laptops,75000,84339.53,0.05,80122.55,75990.87,137,50,0,1,12,6,4,10976789.38
2024-12-02,LAPTOP001,Laptop Pro,Laptops,75000,79407.73,0.1,71466.96,83797.84,47,335,0,0,12,0,4,3358946.99
2024-12-03,LAPTOP001,Laptop Pro,Laptops,75000,83036.53,0.0,83036.53,87184.3,111,224,0,0,12,1,4,9217055.19
2024-12-04,LAPTOP001,Laptop Pro,Laptops,75000,85879.23,0.05,81585.27,64221.35,104,120,0,0,12,2,4,8484868.23
2024-12-05,LAPTOP001,Laptop Pro,Laptops,75000,67895.06,0.15,57710.8,86819.69,125,340,0,0,12,3,4,7213850.01
2024-12-06,LAPTOP001,Laptop Pro,Laptops,75000,67172.35,0.0,67172.35,73209.7,183,157,0,0,12,4,4,12292539.39
2024-12-07,LAPTOP001,Laptop Pro,Laptops,75000,65627.94,0.0,65627.94,86472.49,171,379,0,1,12,5,4,11222378.07
2024-12-08,LAPTOP001,Laptop Pro,Laptops,75000,75117.15,0.05,71361.29,89013.8,207,172,0,1,12,6,4,14771788.02
2024-12-09,LAPTOP001,Laptop Pro,Laptops,75000,85892.48,0.0,85892.48,80037.6,109,63,0,0,12,0,4,9362280.56
2024-12-10,LAPTOP001,Laptop Pro,Laptops,75000,67483.99,0.0,67483.99,86457.83,61,264,0,0,12,1,4,4116523.09
2024-12-11,LAPTOP001,Laptop Pro,Laptops,75000,67400.25,0.0,67400.25,60378.23,162,102,0,0,12,2,4,10918840.76
2024-12-12,LAPTOP001,Laptop Pro,Laptops,75000,75616.49,0.0,75616.49,81580.61,113,384,0,0,12,3,4,8544663.54
2024-12-13,LAPTOP001,Laptop Pro,Laptops,75000,65536.65,0.0,65536.65,81944.89,177,207,0,0,12,4,4,11599986.72
2024-12-14,LAPTOP001,Laptop Pro,Laptops,75000,83058.98,0.0,83058.98,84571.91,136,71,0,1,12,5,4,11296021.78
2024-12-15,LAPTOP001,Laptop Pro,Laptops,75000,79730.46,0.0,79730.46,69430.5,70,390,0,1,12,6,4,5581132.41
2024-12-16,LAPTOP001,Laptop Pro,Laptops,75000,82236.83,0.1,74013.15,73777.96,164,226,0,0,12,0,4,12138156.14
2024-12-17,LAPTOP001,Laptop Pro,Laptops,75000,74869.78,0.2,59895.82,84847.48,214,376,0,0,12,1,4,12817706.35
2024-12-18,LAPTOP001,Laptop Pro,Laptops,75000,67659.64,0.0,67659.64,81360.42,200,176,0,0,12,2,4,13531927.17
2024-12-19,LAPTOP001,Laptop Pro,Laptops,75000,66014.34,0.0,66014.34,67196.22,157,255,0,0,12,3,4,10364251.89
2024-12-20,LAPTOP001,Laptop Pro,Laptops,75000,71578.68,0.15,60841.88,73510.53,274,323,0,0,12,4,4,16670674.98
2024-12-21,LAPTOP001,Laptop Pro,Laptops,75000,78400.82,0.0,78400.82,78627.86,142,181,0,1,12,5,4,11132916.53
2024-12-22,LAPTOP001,Laptop Pro,Laptops,75000,82682.57,0.15,70280.18,74138.62,207,350,0,1,12,6,4,14547998.18
2024-12-23,LAPTOP001,Laptop Pro,Laptops,75000,78018.2,0.2,62414.56,63787.94,290,60,0,0,12,0,4,18100221.96
2024-12-24,LAPTOP001,Laptop Pro,Laptops,75000,71064.84,0.1,63958.36,80589.82,52,352,0,0,12,1,4,3325834.53
2024-12-25,LAPTOP001,Laptop Pro,Laptops,75000,67684.83,0.0,67684.83,85672.12,222,130,1,0,12,2,4,15026032.78
2024-12-26,LAPTOP001,Laptop Pro,Laptops,75000,82583.43,0.0,82583.43,68378.28,110,249,0,0,12,3,4,9084176.78
2024-12-27,LAPTOP001,Laptop Pro,Laptops,75000,79368.39,0.0,79368.39,75379.64,115,134,0,0,12,4,4,9127364.61
2024-12-28,LAPTOP001,Laptop Pro,Laptops,75000,68534.5,0.0,68534.5,60995.68,126,292,0,1,12,5,4,8635346.81
2024-12-29,LAPTOP001,Laptop Pro,Laptops,75000,78446.16,0.0,78446.16,88149.14,174,118,0,1,12,6,4,13649632.32
2024-12-30,LAPTOP001,Laptop Pro,Laptops,75000,80986.46,0.0,80986.46,83653.42,123,203,0,0,12,0,4,9961334.27
2023-01-01,PHONE001,SmartPhone X,Phones,25000,23202.15,0.1,20881.94,29071.95,327,154,1,1,1,6,1,6828393.17
2023-01-02,PHONE001,SmartPhone X,Phones,25000,25453.3,0.0,25453.3,21109.89,94,60,0,0,1,0,1,2392610.64
2023-01-03,PHONE001,SmartPhone X,Phones,25000,24702.69,0.0,24702.69,28645.64,60,211,0,0,1,1,1,1482161.22
2023-01-04,PHONE001,SmartPhone X,Phones,25000,24103.0,0.0,24103.0,29768.0,113,98,0,0,1,2,1,2723639.47
2023-01-05,PHONE001,SmartPhone X,Phones,25000,24419.11,0.1,21977.2,20420.25,105,274,0,0,1,3,1,2307606.2
2023-01-06,PHONE001,SmartPhone X,Phones,25000,28135.57,0.15,23915.24,22800.37,167,107,0,0,1,4,1,3993844.75
2023-01-07,PHONE001,SmartPhone X,Phones,25000,23441.64,0.0,23441.64,29107.7,115,363,0,1,1,5,1,2695788.22
2023-01-08,PHONE001,SmartPhone X,Phones,25000,27286.8,0.2,21829.44,20180.07,246,117,0,1,1,6,1,5370042.4
2023-01-09,PHONE001,SmartPhone X,Phones,25000,26700.03,0.2,21360.03,23047.51,128,325,0,0,1,0,1,2734083.32
2023-01-10,PHONE001,SmartPhone X,Phones,25000,23361.41,0.0,23361.41,28727.54,120,205,0,0,1,1,1,2803369.08
2023-01-11,PHONE001,SmartPhone X,Phones,25000,26527.64,0.2,21222.12,25406.98,180,203,0,0,1,2,1,3819980.86
2023-01-12,PHONE001,SmartPhone X,Phones,25000,23064.2,0.1,20757.78,20124.04,179,272,0,0,1,3,1,3715643.22
2023-01-13,PHONE001,SmartPhone X,Phones,25000,23509.49,0.05,22334.01,25983.57,148,124,0,0,1,4,1,3305434.22
2023-01-14,PHONE001,SmartPhone X,Phones,25000,23499.39,0.05,22324.42,27431.93,107,312,0,1,1,5,1,2388713.33
2023-01-15,PHONE001,SmartPhone X,Phones,25000,28021.71,0.0,28021.71,28522.64,109,203,0,1,1,6,1,3054366.66
2023-01-16,PHONE001,SmartPhone X,Phones,25000,25699.16,0.0,25699.16,28923.02,100,103,0,0,1,0,1,2569916.18
2023-01-17,PHONE001,SmartPhone X,Phones,25000,21842.27,0.0,21842.27,22395.1,112,264,0,0,1,1,1,2446334.1
2023-01-18,PHONE001,SmartPhone X,Phones,25000,21510.03,0.2,17208.02,25828.07,303,322,0,0,1,2,1,5214030.54
2023-01-19,PHONE001,SmartPhone X,Phones,25000,27667.72,0.0,27667.72,25214.46,75,247,0,0,1,3,1,2075079.05
2023-01-20,PHONE001,SmartPhone X,Phones,25000,27485.3,0.2,21988.24,25989.79,184,63,0,0,1,4,1,4045836.36
2023-01-21,PHONE001,SmartPhone X,Phones,25000,21953.93,0.0,21953.93,29096.27,66,302,0,1,1,5,1,1448959.36
2023-01-22,PHONE001,SmartPhone X,Phones,25000,27469.65,0.05,26096.17,28789.79,137,165,0,1,1,6,1,3575175.08
2023-01-23,PHONE001,SmartPhone X,Phones,25000,25130.85,0.0,25130.85,24304.27,101,64,0,0,1,0,1,2538215.61
2023-01-24,PHONE001,SmartPhone X,Phones,25000,24509.47,0.1,22058.52,27738.8,65,361,0,0,1,1,1,1433803.98
2023-01-25,PHONE001,SmartPhone X,Phones,25000,27943.92,0.15,23752.34,24433.8,164,197,0,0,1,2,1,3895383.1
2023-01-26,PHONE001,SmartPhone X,Phones,25000,25984.81,0.0,25984.81,25916.97,141,56,1,0,1,3,1,3663857.74
2023-01-27,PHONE001,SmartPhone X,Phones,25000,23030.75,0.0,23030.75,25123.64,49,238,0,0,1,4,1,1128506.8
2023-01-28,PHONE001,SmartPhone X,Phones,25000,24133.83,0.2,19307.07,24876.67,248,344,0,1,1,5,1,4788152.86
2023-01-29,PHONE001,SmartPhone X,Phones,25000,28378.98,0.0,28378.98,26006.51,103,241,0,1,1,6,1,2923035.24
2023-01-30,PHONE001,SmartPhone X,Phones,25000,25047.0,0.0,25047.0,26341.04,97,144,0,0,1,0,1,2429558.56
2023-01-31,PHONE001,SmartPhone X,Phones,25000,23157.94,0.0,23157.94,23618.53,126,230,0,0,1,1,1,2917900.04
2023-02-01,PHONE001,SmartPhone X,Phones,25000,21592.37,0.1,19433.13,21400.24,184,395,0,0,2,2,1,3575695.74
2023-02-02,PHONE001,SmartPhone X,Phones,25000,28536.5,0.05,27109.67,23313.47,86,309,0,0,2,3,1,2331431.66
2023-02-03,PHONE001,SmartPhone X,Phones,25000,22720.73,0.1,20448.66,26107.8,178,131,0,0,2,4,1,3639861.4
2023-02-04,PHONE001,SmartPhone X,Phones,25000,22802.44,0.1,20522.2,25165.73,111,358,0,1,2,5,1,2277964.19
2023-02-05,PHONE001,SmartPhone X,Phones,25000,21307.48,0.0,21307.48,22190.69,134,224,0,1,2,6,1,2855202.35
2023-02-06,PHONE001,SmartPhone X,Phones,25000,22060.19,0.2,17648.15,23388.61,244,333,0,0,2,0,1,4306149.7
2023-02-07,PHONE001,SmartPhone X,Phones,25000,25540.36,0.05,24263.35,25126.68,110,223,0,0,2,1,1,2668968.12
2023-02-08,PHONE001,SmartPhone X,Phones,25000,28238.15,0.05,26826.25,23970.15,79,144,0,0,2,2,1,2119273.37
2023-02-09,PHONE001,SmartPhone X,Phones,25000,25878.0,0.05,24584.1,21138.38,99,276,0,0,2,3,1,2433825.79
2023-02-10,PHONE001,SmartPhone X,Phones,25000,25055.59,0.2,20044.47,28742.23,239,350,0,0,2,4,1,4790628.72
2023-02-11,PHONE001,SmartPhone X,Phones,25000,26516.94,0.05,25191.09,29928.17,119,231,0,1,2,5,1,2997740.15
2023-02-12,PHONE001,SmartPhone X,Phones,25000,23310.49,0.0,23310.49,23945.76,129,102,0,1,2,6,1,3007052.75
2023-02-13,PHONE001,SmartPhone X,Phones,25000,24332.66,0.1,21899.39,29076.11,108,358,0,0,2,0,1,2365134.36
2023-02-14,PHONE001,SmartPhone X,Phones,25000,25809.29,0.0,25809.29,23093.73,97,261,0,0,2,1,1,2503501.04
2023-02-15,PHONE001,SmartPhone X,Phones,25000,28412.95,0.1,25571.66,28211.98,102,159,0,0,2,2,1,2608309.16
2023-02-16,PHONE001,SmartPhone X,Phones,25000,26023.01,0.15,22119.56,20511.35,144,225,0,0,2,3,1,3185216.46
2023-02-17,PHONE001,SmartPhone X,Phones,25000,21696.44,0.2,17357.15,26037.95,237,253,0,0,2,4,1,4113644.12
2023-02-18,PHONE001,SmartPhone X,Phones,25000,22108.66,0.15,18792.36,23838.39,249,254,0,1,2,5,1,4679297.31
2023-02-19,PHONE001,SmartPhone X,Phones,25000,24017.9,0.0,24017.9,21210.25,112,142,0,1,2,6,1,2690004.54
2023-02-20,PHONE001,SmartPhone X,Phones,25000,26883.84,0.15,22851.26,20710.08,124,220,0,0,2,0,1,2833556.25
2023-02-21,PHONE001,SmartPhone X,Phones,25000,23910.78,0.0,23910.78,29417.26,124,96,0,0,2,1,1,2964937.3
2023-02-22,PHONE001,SmartPhone X,Phones,25000,26340.02,0.0,26340.02,23619.2,88,244,0,0,2,2,1,2317922.17
2023-02-23,PHONE001,SmartPhone X,Phones,25000,21325.98,0.1,19193.39,26360.96,246,219,0,0,2,3,1,4721572.83
2023-02-24,PHONE001,SmartPhone X,Phones,25000,25844.3,0.0,25844.3,28736.99,105,114,0,0,2,4,1,2713651.61
2023-02-25,PHONE001,SmartPhone X,Phones,25000,22154.19,0.0,22154.19,29024.53,99,304,0,1,2,5,1,2193264.62
2023-02-26,PHONE001,SmartPhone X,Phones,25000,25254.76,0.05,23992.02,21421.37,109,195,0,1,2,6,1,2615129.99
2023-02-27,PHONE001,SmartPhone X,Phones,25000,24415.26,0.15,20752.97,22950.41,189,352,0,0,2,0,1,3922311.03
2023-02-28,PHONE001,SmartPhone X,Phones,25000,25579.0,0.05,24300.05,20437.39,92,260,0,0,2,1,1,2235604.53
2023-03-01,PHONE001,SmartPhone X,Phones,25000,25439.82,0.0,25439.82,23431.67,99,161,0,0,3,2,1,2518541.98
2023-03-02,PHONE001,SmartPhone X,Phones,25000,26142.19,0.0,26142.19,28456.04,101,60,0,0,3,3,1,2640360.92
2023-03-03,PHONE001,SmartPhone X,Phones,25000,24474.48,0.0,24474.48,26729.67,55,273,0,0,3,4,1,1346096.57
2023-03-04,PHONE001,SmartPhone X,Phones,25000,23547.35,0.15,20015.25,27889.85,250,272,0,1,3,5,1,5003812.14
2023-03-05,PHONE001,SmartPhone X,Phones,25000,27237.85,0.15,23152.17,28224.22,207,65,0,1,3,6,1,4792500.16
2023-03-06,PHONE001,SmartPhone X,Phones,25000,28124.76,0.2,22499.81,24309.85,61,316,0,0,3,0,1,1372488.5
2023-03-07,PHONE001,SmartPhone X,Phones,25000,25616.49,0.0,25616.49,23711.72,94,222,0,0,3,1,1,2407950.12
2023-03-08,PHONE001,SmartPhone X,Phones,25000,26541.89,0.15,22560.61,26884.05,162,60,0,0,3,2,1,3654818.8
2023-03-09,PHONE001,SmartPhone X,Phones,25000,22501.45,0.0,22501.45,24305.29,53,267,0,0,3,3,1,1192576.93
2023-03-10,PHONE001,SmartPhone X,Phones,25000,27925.73,0.2,22340.58,23458.77,157,110,0,0,3,4,1,3507471.41
2023-03-11,PHONE001,SmartPhone X,Phones,25000,21440.86,0.2,17152.69,26458.22,114,360,0,1,3,5,1,1955406.27
2023-03-12,PHONE001,SmartPhone X,Phones,25000,23804.53,0.1,21424.08,20717.12,174,186,0,1,3,6,1,3727789.59
2023-03-13,PHONE001,SmartPhone X,Phones,25000,23584.13,0.15,20046.51,26771.21,191,250,0,0,3,0,1,3828883.7
2023-03-14,PHONE001,SmartPhone X,Phones,25000,23984.45,0.05,22785.23,22178.93,146,104,0,0,3,1,1,3326643.63
2023-03-15,PHONE001,SmartPhone X,Phones,25000,24655.01,0.0,24655.01,26882.74,92,339,0,0,3,2,1,2268261.12
2023-03-16,PHONE001,SmartPhone X,Phones,25000,24891.92,0.0,24891.92,20275.37,89,250,0,0,3,3,1,2215381.12
2023-03-17,PHONE001,SmartPhone X,Phones,25000,28480.13,0.15,24208.11,23842.07,117,133,0,0,3,4,1,2832348.98
2023-03-18,PHONE001,SmartPhone X,Phones,25000,21482.17,0.0,21482.17,23879.87,119,268,0,1,3,5,1,2556378.04
2023-03-19,PHONE001,SmartPhone X,Phones,25000,21425.14,0.2,17140.11,27562.14,264,236,0,1,3,6,1,4524989.72
2023-03-20,PHONE001,SmartPhone X,Phones,25000,23419.34,0.0,23419.34,29000.83,109,127,0,0,3,0,1,2552707.6
2023-03-21,PHONE001,SmartPhone X,Phones,25000,28419.39,0.0,28419.39,23139.67,78,242,0,0,3,1,1,2216712.51
2023-03-22,PHONE001,SmartPhone X,Phones,25000,25772.07,0.2,20617.66,28267.07,257,278,0,0,3,2,1,5298737.92
2023-03-23,PHONE001,SmartPhone X,Phones,25000,23413.04,0.1,21071.74,29611.35,180,98,0,0,3,3,1,3792912.61
2023-03-24,PHONE001,SmartPhone X,Phones,25000,24141.34,0.15,20520.14,23403.87,99,345,0,0,3,4,1,2031493.7
2023-03-25,PHONE001,SmartPhone X,Phones,25000,22406.09,0.0,22406.09,25537.11,150,195,0,1,3,5,1,3360913.17
2023-03-26,PHONE001,SmartPhone X,Phones,25000,26964.26,0.05,25616.05,28336.5,124,71,0,1,3,6,1,3176390.25
2023-03-27,PHONE001,SmartPhone X,Phones,25000,23517.5,0.0,23517.5,22593.35,64,319,0,0,3,0,1,1505119.96
2023-03-28,PHONE001,SmartPhone X,Phones,25000,21682.36,0.15,18430.0,23424.48,231,88,0,0,3,1,1,4257330.77
2023-03-29,PHONE001,SmartPhone X,Phones,25000,28498.13,0.0,28498.13,25577.09,71,379,0,0,3,2,1,2023367.26
2023-03-30,PHONE001,SmartPhone X,Phones,25000,25603.51,0.05,24323.33,21391.97,105,274,0,0,3,3,1,2553949.82
2023-03-31,PHONE001,SmartPhone X,Phones,25000,25946.76,0.0,25946.76,24888.98,88,186,0,0,3,4,1,2283314.65
2023-04-01,PHONE001,SmartPhone X,Phones,25000,28703.86,0.1,25833.48,28803.15,141,338,0,1,4,5,2,3642520.2
2023-04-02,PHONE001,SmartPhone X,Phones,25000,25520.33,0.05,24244.31,26206.6,126,212,0,1,4,6,2,3054783.53
2023-04-03,PHONE001,SmartPhone X,Phones,25000,24213.53,0.05,23002.86,20394.6,118,94,0,0,4,0,2,2714337.06
2023-04-04,PHONE001,SmartPhone X,Phones,25000,25322.68,0.0,25322.68,22277.5,103,353,0,0,4,1,2,2608236.49
2023-04-05,PHONE001,SmartPhone X,Phones,25000,28070.91,0.0,28070.91,27221.43,80,273,0,0,4,2,2,2245672.77
2023-04-06,PHONE001,SmartPhone X,Phones,25000,27774.77,0.05,26386.03,21306.52,95,178,0,0,4,3,2,2506672.87
2023-04-07,PHONE001,SmartPhone X,Phones,25000,22186.16,0.15,18858.23,27942.11,166,282,0,0,4,4,2,3130466.63
2023-04-08,PHONE001,SmartPhone X,Phones,25000,27828.18,0.1,25045.36,29440.42,132,150,0,1,4,5,2,3305987.71
2023-04-09,PHONE001,SmartPhone X,Phones,25000,24720.07,0.0,24720.07,29809.87,126,206,0,1,4,6,2,3114728.45
2023-04-10,PHONE001,SmartPhone X,Phones,25000,27726.61,0.0,27726.61,25887.32,77,129,0,0,4,0,2,2134948.69
2023-04-11,PHONE001,SmartPhone X,Phones,25000,23393.38,0.0,23393.38,22032.23,117,372,0,0,4,1,2,2737025.07
2023-04-12,PHONE001,SmartPhone X,Phones,25000,24149.05,0.2,19319.24,25112.75,247,125,0,0,4,2,2,4771853.03
2023-04-13,PHONE001,SmartPhone X,Phones,25000,25579.59,0.2,20463.67,28655.77,143,347,0,0,4,3,2,2926305.41
2023-04-14,PHONE001,SmartPhone X,Phones,25000,24306.88,0.1,21876.19,28275.19,183,164,0,0,4,4,2,4003343.39
2023-04-15,PHONE001,SmartPhone X,Phones,25000,25551.47,0.0,25551.47,29560.47,107,57,0,1,4,5,2,2734006.98
2023-04-16,PHONE001,SmartPhone X,Phones,25000,22069.48,0.2,17655.59,28539.62,55,372,0,1,4,6,2,971057.19
2023-04-17,PHONE001,SmartPhone X,Phones,25000,27602.27,0.2,22081.81,28930.9,170,202,0,0,4,0,2,3753908.23
