data/sales_data.csv
Date,Product_ID,Product_Name,Category,Base_Price,Current_Price,Discount,Actual_Price,Competitor_Price,Units_Sold,Inventory,Holiday_Flag,Weekend_Flag,Month,Day_of_Week,Quarter,Revenue
2024-03-18,PHONE001,SmartPhone X,Phones,25000,21888.28,0.2,17510.62,23855.98,128,237,0,0,3,0,1,2241359.48
2024-03-19,PHONE001,SmartPhone X,Phones,25000,22830.95,0.2,18264.76,22293.66,234,352,0,0,3,1,1,4273953.51
2024-03-20,PHONE001,SmartPhone X,Phones,25000,23264.22,0.0,23264.22,21009.78,96,256,0,0,3,2,1,2233364.76
2024-03-21,PHONE001,SmartPhone X,Phones,25000,22354.57,0.0,22354.57,29730.77,148,108,0,0,3,3,1,3308475.88
2024-03-22,PHONE001,SmartPhone X,Phones,25000,28508.21,0.2,22806.57,24397.4,100,237,0,0,3,4,1,2280656.88
2024-03-23,PHONE001,SmartPhone X,Phones,25000,27237.2,0.0,27237.2,23262.54,84,153,0,1,3,5,1,2287924.71
2024-03-24,PHONE001,SmartPhone X,Phones,25000,22993.79,0.1,20694.42,21296.79,141,264,0,1,3,6,1,2917912.58
2024-03-25,PHONE001,SmartPhone X,Phones,25000,23914.9,0.2,19131.92,26739.94,224,244,0,0,3,0,1,4285549.74
2024-03-26,PHONE001,SmartPhone X,Phones,25000,22828.8,0.0,22828.8,28090.24,115,129,0,0,3,1,1,2625312.24
2024-03-27,PHONE001,SmartPhone X,Phones,25000,23819.84,0.15,20246.86,28646.59,115,206,0,0,3,2,1,2328389.22
2024-03-28,PHONE001,SmartPhone X,Phones,25000,21870.53,0.0,21870.53,24845.38,126,80,0,0,3,3,1,2755686.31
2024-03-29,PHONE001,SmartPhone X,Phones,25000,25475.56,0.0,25475.56,28038.05,71,291,0,0,3,4,1,1808764.95
2024-03-30,PHONE001,SmartPhone X,Phones,25000,25605.24,0.2,20484.19,25055.09,224,67,0,1,3,5,1,4588459.57
2024-03-31,PHONE001,SmartPhone X,Phones,25000,25929.99,0.2,20743.99,22736.4,66,260,0,1,3,6,1,1369103.4
2024-04-01,PHONE001,SmartPhone X,Phones,25000,21867.04,0.1,19680.34,24595.84,191,69,0,0,4,0,2,3758944.59
2024-04-02,PHONE001,SmartPhone X,Phones,25000,27417.86,0.0,27417.86,20569.79,67,204,0,0,4,1,2,1836996.56
2024-04-03,PHONE001,SmartPhone X,Phones,25000,24688.24,0.0,24688.24,27250.06,109,95,0,0,4,2,2,2691017.69
2024-04-04,PHONE001,SmartPhone X,Phones,25000,26254.09,0.0,26254.09,27770.49,104,213,0,0,4,3,2,2730425.62
2024-04-05,PHONE001,SmartPhone X,Phones,25000,23604.07,0.0,23604.07,25380.23,126,87,0,0,4,4,2,2974112.34
2024-04-06,PHONE001,SmartPhone X,Phones,25000,28670.88,0.15,24370.25,28895.19,83,307,0,1,4,5,2,2022730.83
2024-04-07,PHONE001,SmartPhone X,Phones,25000,22713.75,0.1,20442.37,24893.93,231,76,0,1,4,6,2,4722188.39
2024-04-08,PHONE001,SmartPhone X,Phones,25000,24944.27,0.0,24944.27,24831.81,83,390,0,0,4,0,2,2070374.25
2024-04-09,PHONE001,SmartPhone X,Phones,25000,23960.53,0.0,23960.53,28597.95,113,277,0,0,4,1,2,2707539.7
2024-04-10,PHONE001,SmartPhone X,Phones,25000,23711.75,0.05,22526.16,24539.9,149,128,0,0,4,2,2,3356397.97
2024-04-11,PHONE001,SmartPhone X,Phones,25000,22195.02,0.05,21085.26,21964.19,145,399,0,0,4,3,2,3057363.35
2024-04-12,PHONE001,SmartPhone X,Phones,25000,22566.19,0.0,22566.19,25677.27,130,269,0,0,4,4,2,2933604.34
2024-04-13,PHONE001,SmartPhone X,Phones,25000,24922.18,0.1,22429.97,26447.45,165,104,0,1,4,5,2,3700944.24
2024-04-14,PHONE001,SmartPhone X,Phones,25000,25394.97,0.1,22855.47,23721.73,109,227,0,1,4,6,2,2491246.26
2024-04-15,PHONE001,SmartPhone X,Phones,25000,22309.18,0.05,21193.72,25708.77,145,82,0,0,4,0,2,3073089.07
2024-04-16,PHONE001,SmartPhone X,Phones,25000,23339.82,0.1,21005.84,22187.1,74,256,0,0,4,1,2,1554432.21
2024-04-17,PHONE001,SmartPhone X,Phones,25000,27442.83,0.1,24698.55,22857.08,132,124,0,0,4,2,2,3260208.46
2024-04-18,PHONE001,SmartPhone X,Phones,25000,28524.45,0.0,28524.45,25712.6,66,58,0,0,4,3,2,1882613.63
2024-04-19,PHONE001,SmartPhone X,Phones,25000,24059.11,0.15,20450.25,27977.32,55,400,0,0,4,4,2,1124763.48
2024-04-20,PHONE001,SmartPhone X,Phones,25000,21902.63,0.2,17522.1,25567.85,389,368,0,1,4,5,2,6816098.19
2024-04-21,PHONE001,SmartPhone X,Phones,25000,27219.45,0.1,24497.5,21751.23,141,227,0,1,4,6,2,3454147.94
2024-04-22,PHONE001,SmartPhone X,Phones,25000,22903.78,0.0,22903.78,22182.08,128,99,0,0,4,0,2,2931684.09
2024-04-23,PHONE001,SmartPhone X,Phones,25000,23122.52,0.05,21966.39,22632.47,84,364,0,0,4,1,2,1845176.87
2024-04-24,PHONE001,SmartPhone X,Phones,25000,27780.02,0.0,27780.02,27925.95,86,278,0,0,4,2,2,2389081.53
2024-04-25,PHONE001,SmartPhone X,Phones,25000,26876.99,0.0,26876.99,21520.49,75,203,0,0,4,3,2,2015774.49
2024-04-26,PHONE001,SmartPhone X,Phones,25000,23884.15,0.05,22689.94,20937.77,124,79,0,0,4,4,2,2813552.33
2024-04-27,PHONE001,SmartPhone X,Phones,25000,28155.55,0.2,22524.44,20400.59,74,302,0,1,4,5,2,1666808.4
2024-04-28,PHONE001,SmartPhone X,Phones,25000,22806.56,0.05,21666.23,22381.47,186,116,0,1,4,6,2,4029918.63
2024-04-29,PHONE001,SmartPhone X,Phones,25000,24760.52,0.15,21046.44,24662.99,125,227,0,0,4,0,2,2630805.03
2024-04-30,PHONE001,SmartPhone X,Phones,25000,22408.69,0.05,21288.26,24872.65,154,73,0,0,4,1,2,3278391.57
2024-05-01,PHONE001,SmartPhone X,Phones,25000,25726.83,0.15,21867.81,29995.58,78,313,0,0,5,2,2,1705688.84
2024-05-02,PHONE001,SmartPhone X,Phones,25000,24233.99,0.0,24233.99,28275.53,102,211,0,0,5,3,2,2471867.26
2024-05-03,PHONE001,SmartPhone X,Phones,25000,21478.48,0.0,21478.48,22044.48,126,85,0,0,5,4,2,2706288.18
2024-05-04,PHONE001,SmartPhone X,Phones,25000,25079.36,0.0,25079.36,26151.29,95,355,0,1,5,5,2,2382538.79
2024-05-05,PHONE001,SmartPhone X,Phones,25000,25073.91,0.0,25073.91,25012.76,98,257,0,1,5,6,2,2457242.7
2024-05-06,PHONE001,SmartPhone X,Phones,25000,21511.84,0.0,21511.84,25511.6,138,119,0,0,5,0,2,2968633.46
2024-05-07,PHONE001,SmartPhone X,Phones,25000,27543.85,0.0,27543.85,21606.8,62,57,0,0,5,1,2,1707718.88
2024-05-08,PHONE001,SmartPhone X,Phones,25000,24617.79,0.0,24617.79,22374.79,49,359,0,0,5,2,2,1206271.75
2024-05-09,PHONE001,SmartPhone X,Phones,25000,26684.49,0.15,22681.81,21115.93,153,206,0,0,5,3,2,3470317.55
2024-05-10,PHONE001,SmartPhone X,Phones,25000,23357.87,0.1,21022.09,21734.96,160,340,0,0,5,4,2,3363533.73
2024-05-11,PHONE001,SmartPhone X,Phones,25000,27260.84,0.15,23171.72,23920.94,187,153,0,1,5,5,2,4333111.05
2024-05-12,PHONE001,SmartPhone X,Phones,25000,22191.15,0.0,22191.15,27727.71,140,297,0,1,5,6,2,3106760.61
2024-05-13,PHONE001,SmartPhone X,Phones,25000,26330.45,0.1,23697.4,25657.82,154,143,0,0,5,0,2,3649400.16
2024-05-14,PHONE001,SmartPhone X,Phones,25000,24154.92,0.1,21739.43,20661.65,122,275,0,0,5,1,2,2652210.09
2024-05-15,PHONE001,SmartPhone X,Phones,25000,27451.44,0.05,26078.87,25247.36,108,167,0,0,5,2,2,2816517.66
2024-05-16,PHONE001,SmartPhone X,Phones,25000,23008.19,0.1,20707.37,23450.84,143,354,0,0,5,3,2,2961154.31
2024-05-17,PHONE001,SmartPhone X,Phones,25000,28461.19,0.05,27038.13,26678.68,107,247,0,0,5,4,2,2893080.21
2024-05-18,PHONE001,SmartPhone X,Phones,25000,23241.22,0.0,23241.22,26114.64,145,102,0,1,5,5,2,3369977.34
2024-05-19,PHONE001,SmartPhone X,Phones,25000,23631.62,0.2,18905.3,28481.09,115,379,0,1,5,6,2,2174109.29
2024-05-20,PHONE001,SmartPhone X,Phones,25000,27886.41,0.0,27886.41,27390.67,75,304,0,0,5,0,2,2091481.0
2024-05-21,PHONE001,SmartPhone X,Phones,25000,23362.12,0.2,18689.7,29633.6,238,66,0,0,5,1,2,4448147.71
2024-05-22,PHONE001,SmartPhone X,Phones,25000,26620.37,0.15,22627.32,27062.46,68,366,0,0,5,2,2,1538657.66
2024-05-23,PHONE001,SmartPhone X,Phones,25000,28675.82,0.2,22940.65,23118.79,156,210,0,0,5,3,2,3578741.88
2024-05-24,PHONE001,SmartPhone X,Phones,25000,21842.05,0.1,19657.84,24427.98,188,384,0,0,5,4,2,3695674.1
2024-05-25,PHONE001,SmartPhone X,Phones,25000,23825.4,0.2,19060.32,28345.72,345,255,0,1,5,5,2,6575810.47
2024-05-26,PHONE001,SmartPhone X,Phones,25000,22643.0,0.05,21510.85,23725.09,195,60,0,1,5,6,2,4194615.39
2024-05-27,PHONE001,SmartPhone X,Phones,25000,21713.56,0.05,20627.89,20923.61,53,258,0,0,5,0,2,1093277.92
2024-05-28,PHONE001,SmartPhone X,Phones,25000,25714.1,0.05,24428.39,21504.72,121,137,0,0,5,1,2,2955835.36
2024-05-29,PHONE001,SmartPhone X,Phones,25000,24600.36,0.0,24600.36,25015.18,95,316,0,0,5,2,2,2337034.1
2024-05-30,PHONE001,SmartPhone X,Phones,25000,24782.2,0.05,23543.09,26619.14,139,177,0,0,5,3,2,3272489.76
2024-05-31,PHONE001,SmartPhone X,Phones,25000,26904.01,0.05,25558.81,25778.91,119,58,0,0,5,4,2,3041498.4
2024-06-01,PHONE001,SmartPhone X,Phones,25000,27380.56,0.15,23273.48,27570.48,50,224,0,1,6,5,2,1163673.75
2024-06-02,PHONE001,SmartPhone X,Phones,25000,21301.58,0.0,21301.58,22124.47,163,61,0,1,6,6,2,3472158.31
2024-06-03,PHONE001,SmartPhone X,Phones,25000,24333.98,0.05,23117.28,24024.06,68,280,0,0,6,0,2,1571975.18
2024-06-04,PHONE001,SmartPhone X,Phones,25000,27966.72,0.15,23771.71,29091.75,146,134,0,0,6,1,2,3470670.12
2024-06-05,PHONE001,SmartPhone X,Phones,25000,26432.92,0.0,26432.92,22716.33,75,59,0,0,6,2,2,1982468.89
2024-06-06,PHONE001,SmartPhone X,Phones,25000,22634.74,0.0,22634.74,23421.08,57,239,0,0,6,3,2,1290180.38
2024-06-07,PHONE001,SmartPhone X,Phones,25000,27482.12,0.15,23359.8,21198.91,149,90,0,0,6,4,2,3480610.34
2024-06-08,PHONE001,SmartPhone X,Phones,25000,25235.91,0.05,23974.12,22879.45,89,217,0,1,6,5,2,2133696.35
2024-06-09,PHONE001,SmartPhone X,Phones,25000,23499.57,0.0,23499.57,25960.82,131,86,0,1,6,6,2,3078443.08
2024-06-10,PHONE001,SmartPhone X,Phones,25000,22483.04,0.2,17986.43,21165.83,87,221,0,0,6,0,2,1564819.69
2024-06-11,PHONE001,SmartPhone X,Phones,25000,28018.1,0.0,28018.1,23439.58,78,143,0,0,6,1,2,2185411.62
2024-06-12,PHONE001,SmartPhone X,Phones,25000,26189.96,0.05,24880.46,29315.55,130,224,0,0,6,2,2,3234460.08
2024-06-13,PHONE001,SmartPhone X,Phones,25000,25499.54,0.15,21674.61,26570.3,205,389,0,0,6,3,2,4443294.75
2024-06-14,PHONE001,SmartPhone X,Phones,25000,24246.39,0.0,24246.39,23267.95,88,301,0,0,6,4,2,2133682.4
2024-06-15,PHONE001,SmartPhone X,Phones,25000,27449.13,0.2,21959.31,28009.81,198,103,0,1,6,5,2,4347942.68
2024-06-16,PHONE001,SmartPhone X,Phones,25000,25576.43,0.0,25576.43,24639.82,91,342,0,1,6,6,2,2327455.16
2024-06-17,PHONE001,SmartPhone X,Phones,25000,28604.26,0.0,28604.26,22146.96,58,284,0,0,6,0,2,1659047.18
2024-06-18,PHONE001,SmartPhone X,Phones,25000,25711.36,0.1,23140.22,27388.67,127,157,0,0,6,1,2,2938807.92
2024-06-19,PHONE001,SmartPhone X,Phones,25000,26190.38,0.1,23571.34,25322.92,121,343,0,0,6,2,2,2852132.63
2024-06-20,PHONE001,SmartPhone X,Phones,25000,22543.93,0.0,22543.93,25679.74,120,223,0,0,6,3,2,2705271.49
2024-06-21,PHONE001,SmartPhone X,Phones,25000,28287.37,0.15,24044.26,28187.4,171,52,0,0,6,4,2,4111568.93
2024-06-22,PHONE001,SmartPhone X,Phones,25000,23197.53,0.0,23197.53,29697.24,50,305,0,1,6,5,2,1159876.56
2024-06-23,PHONE001,SmartPhone X,Phones,25000,23856.39,0.0,23856.39,20503.5,99,206,0,1,6,6,2,2361782.71
2024-06-24,PHONE001,SmartPhone X,Phones,25000,26440.08,0.2,21152.07,24579.29,185,370,0,0,6,0,2,3913132.49
2024-06-25,PHONE001,SmartPhone X,Phones,25000,25854.78,0.2,20683.82,22528.58,209,161,0,0,6,1,2,4322918.76
2024-06-26,PHONE001,SmartPhone X,Phones,25000,23944.07,0.05,22746.86,28235.52,156,384,0,0,6,2,2,3548510.52
2024-06-27,PHONE001,SmartPhone X,Phones,25000,24830.13,0.0,24830.13,23508.19,94,290,0,0,6,3,2,2334032.03
2024-06-28,PHONE001,SmartPhone X,Phones,25000,27292.86,0.0,27292.86,23281.79,71,219,0,0,6,4,2,1937792.98
2024-06-29,PHONE001,SmartPhone X,Phones,25000,21885.16,0.1,19696.65,24666.93,217,279,0,1,6,5,2,4274172.25
2024-06-30,PHONE001,SmartPhone X,Phones,25000,27556.82,0.0,27556.82,22212.39,81,198,0,1,6,6,2,2232102.04
2024-07-01,PHONE001,SmartPhone X,Phones,25000,27313.04,0.0,27313.04,28236.24,83,115,0,0,7,0,3,2266982.57
2024-07-02,PHONE001,SmartPhone X,Phones,25000,24693.43,0.1,22224.09,23032.86,129,329,0,0,7,1,3,2866907.24
2024-07-03,PHONE001,SmartPhone X,Phones,25000,22139.83,0.0,22139.83,29337.49,147,182,0,0,7,2,3,3254554.75
2024-07-04,PHONE001,SmartPhone X,Phones,25000,25236.79,0.0,25236.79,20326.59,85,97,0,0,7,3,3,2145127.25
2024-07-05,PHONE001,SmartPhone X,Phones,25000,24308.11,0.15,20661.89,21612.19,101,323,0,0,7,4,3,2086851.31
2024-07-06,PHONE001,SmartPhone X,Phones,25000,28533.63,0.0,28533.63,25621.89,91,232,0,1,7,5,3,2596560.49
2024-07-07,PHONE001,SmartPhone X,Phones,25000,21763.38,0.2,17410.7,24176.67,205,227,0,1,7,6,3,3569194.06
2024-07-08,PHONE001,SmartPhone X,Phones,25000,25845.97,0.0,25845.97,29384.82,104,123,0,0,7,0,3,2687980.75
2024-07-09,PHONE001,SmartPhone X,Phones,25000,21826.02,0.2,17460.82,23546.66,124,342,0,0,7,1,3,2165141.47
2024-07-10,PHONE001,SmartPhone X,Phones,25000,24274.06,0.0,24274.06,28336.44,123,219,0,0,7,2,3,2985709.16
2024-07-11,PHONE001,SmartPhone X,Phones,25000,25838.73,0.0,25838.73,23734.58,83,136,0,0,7,3,3,2144614.81
2024-07-12,PHONE001,SmartPhone X,Phones,25000,22044.06,0.2,17635.25,23548.98,132,271,0,0,7,4,3,2327852.46
2024-07-13,PHONE001,SmartPhone X,Phones,25000,26318.67,0.1,23686.8,26581.6,139,132,0,1,7,5,3,3292465.86
2024-07-14,PHONE001,SmartPhone X,Phones,25000,24214.44,0.0,24214.44,21817.79,103,309,0,1,7,6,3,2494087.82
2024-07-15,PHONE001,SmartPhone X,Phones,25000,27454.77,0.2,21963.81,20419.15,165,144,0,0,7,0,3,3624029.13
2024-07-16,PHONE001,SmartPhone X,Phones,25000,22511.53,0.1,20260.37,28793.3,146,396,0,0,7,1,3,2958014.7
2024-07-17,PHONE001,SmartPhone X,Phones,25000,22985.35,0.2,18388.28,25024.27,294,102,0,0,7,2,3,5406155.44
2024-07-18,PHONE001,SmartPhone X,Phones,25000,28435.89,0.1,25592.3,22204.46,113,357,0,0,7,3,3,2891929.51
2024-07-19,PHONE001,SmartPhone X,Phones,25000,28257.28,0.15,24018.69,29164.21,158,199,0,0,7,4,3,3794952.82
2024-07-20,PHONE001,SmartPhone X,Phones,25000,25973.65,0.15,22077.61,24032.11,209,342,0,1,7,5,3,4614219.79
2024-07-21,PHONE001,SmartPhone X,Phones,25000,25234.71,0.0,25234.71,26774.38,113,229,0,1,7,6,3,2851521.68
2024-07-22,PHONE001,SmartPhone X,Phones,25000,26736.22,0.1,24062.6,28244.72,123,106,0,0,7,0,3,2959699.94
2024-07-23,PHONE001,SmartPhone X,Phones,25000,27496.97,0.15,23372.43,25402.97,116,377,0,0,7,1,3,2711201.52
2024-07-24,PHONE001,SmartPhone X,Phones,25000,24484.76,0.0,24484.76,23790.4,115,262,0,0,7,2,3,2815747.72
2024-07-25,PHONE001,SmartPhone X,Phones,25000,23133.77,0.0,23133.77,28442.12,125,137,0,0,7,3,3,2891721.19
2024-07-26,PHONE001,SmartPhone X,Phones,25000,25105.72,0.0,25105.72,23084.68,96,269,0,0,7,4,3,2410148.72
2024-07-27,PHONE001,SmartPhone X,Phones,25000,23689.08,0.15,20135.72,20392.69,206,63,0,1,7,5,3,4147958.6
2024-07-28,PHONE001,SmartPhone X,Phones,25000,21297.84,0.2,17038.27,29783.55,71,279,0,1,7,6,3,1209717.47
2024-07-29,PHONE001,SmartPhone X,Phones,25000,24213.66,0.0,24213.66,27283.71,106,173,0,0,7,0,3,2566648.46
2024-07-30,PHONE001,SmartPhone X,Phones,25000,26283.2,0.0,26283.2,28054.3,106,67,0,0,7,1,3,2786019.06
2024-07-31,PHONE001,SmartPhone X,Phones,25000,24251.59,0.0,24251.59,27832.98,62,246,0,0,7,2,3,1503598.71
2024-08-01,PHONE001,SmartPhone X,Phones,25000,28677.49,0.2,22941.99,20257.7,157,89,0,0,8,3,3,3601893.03
2024-08-02,PHONE001,SmartPhone X,Phones,25000,26196.29,0.0,26196.29,26880.46,78,344,0,0,8,4,3,2043311.0
2024-08-03,PHONE001,SmartPhone X,Phones,25000,28288.97,0.15,24045.63,21811.83,157,187,0,1,8,5,3,3775163.5
2024-08-04,PHONE001,SmartPhone X,Phones,25000,22920.07,0.05,21774.07,23072.16,169,217,0,1,8,6,3,3679817.33
2024-08-05,PHONE001,SmartPhone X,Phones,25000,24378.95,0.0,24378.95,21602.26,88,129,0,0,8,0,3,2145347.66
2024-08-06,PHONE001,SmartPhone X,Phones,25000,24386.09,0.15,20728.17,27572.83,144,362,0,0,8,1,3,2984856.92
2024-08-07,PHONE001,SmartPhone X,Phones,25000,21880.96,0.0,21880.96,23931.04,116,246,0,0,8,2,3,2538191.07
2024-08-08,PHONE001,SmartPhone X,Phones,25000,21374.44,0.0,21374.44,26617.19,150,96,0,0,8,3,3,3206166.54
2024-08-09,PHONE001,SmartPhone X,Phones,25000,22472.64,0.15,19101.75,22338.13,82,335,0,0,8,4,3,1566343.24
2024-08-10,PHONE001,SmartPhone X,Phones,25000,27512.1,0.0,27512.1,29746.91,89,246,0,1,8,5,3,2448577.26
2024-08-11,PHONE001,SmartPhone X,Phones,25000,22986.06,0.05,21836.76,28684.1,203,307,0,1,8,6,3,4432862.46
2024-08-12,PHONE001,SmartPhone X,Phones,25000,24397.21,0.05,23177.35,20506.22,101,206,0,0,8,0,3,2340911.86
2024-08-13,PHONE001,SmartPhone X,Phones,25000,25554.62,0.0,25554.62,23928.95,79,127,0,0,8,1,3,2018815.3
2024-08-14,PHONE001,SmartPhone X,Phones,25000,25624.39,0.0,25624.39,20113.03,89,294,0,0,8,2,3,2280570.97
2024-08-15,PHONE001,SmartPhone X,Phones,25000,23548.25,0.0,23548.25,20402.58,137,157,1,0,8,3,3,3226109.73
2024-08-16,PHONE001,SmartPhone X,Phones,25000,24232.63,0.15,20597.74,29738.0,159,283,0,0,8,4,3,3275040.36
2024-08-17,PHONE001,SmartPhone X,Phones,25000,23314.29,0.2,18651.44,27094.39,263,345,0,1,8,5,3,4905327.43
2024-08-18,PHONE001,SmartPhone X,Phones,25000,28031.82,0.1,25228.64,23747.22,133,212,0,1,8,6,3,3355409.41
2024-08-19,PHONE001,SmartPhone X,Phones,25000,21629.3,0.0,21629.3,24261.21,150,62,0,0,8,0,3,3244394.74
2024-08-20,PHONE001,SmartPhone X,Phones,25000,27292.37,0.0,27292.37,22243.19,56,239,0,0,8,1,3,1528372.5
2024-08-21,PHONE001,SmartPhone X,Phones,25000,27379.79,0.0,27379.79,29303.98,77,162,0,0,8,2,3,2108243.82
2024-08-22,PHONE001,SmartPhone X,Phones,25000,24625.44,0.2,19700.35,23374.54,180,358,0,0,8,3,3,3546063.33
2024-08-23,PHONE001,SmartPhone X,Phones,25000,21876.44,0.0,21876.44,22111.26,137,221,0,0,8,4,3,2997071.85
2024-08-24,PHONE001,SmartPhone X,Phones,25000,21634.7,0.15,18389.5,24925.35,217,220,0,1,8,5,3,3990521.13
2024-08-25,PHONE001,SmartPhone X,Phones,25000,23758.01,0.0,23758.01,23945.72,127,93,0,1,8,6,3,3017267.12
2024-08-26,PHONE001,SmartPhone X,Phones,25000,22460.26,0.05,21337.24,25719.96,101,369,0,0,8,0,3,2155061.49
2024-08-27,PHONE001,SmartPhone X,Phones,25000,26951.21,0.05,25603.65,21539.0,85,284,0,0,8,1,3,2176309.96
2024-08-28,PHONE001,SmartPhone X,Phones,25000,23261.31,0.05,22098.24,23610.75,137,147,0,0,8,2,3,3027459.2
2024-08-29,PHONE001,SmartPhone X,Phones,25000,26347.73,0.1,23712.96,20566.8,104,313,0,0,8,3,3,2466147.45
2024-08-30,PHONE001,SmartPhone X,Phones,25000,24189.33,0.05,22979.86,26971.64,124,189,0,0,8,4,3,2849502.98
2024-08-31,PHONE001,SmartPhone X,Phones,25000,26061.28,0.0,26061.28,22598.28,109,80,0,1,8,5,3,2840679.91
2024-09-01,PHONE001,SmartPhone X,Phones,25000,27967.67,0.0,27967.67,22972.87,73,393,0,1,9,6,3,2041640.24
