data/sales_data.csv
Date,Product_ID,Product_Name,Category,Base_Price,Current_Price,Discount,Actual_Price,Competitor_Price,Units_Sold,Inventory,Holiday_Flag,Weekend_Flag,Month,Day_of_Week,Quarter,Revenue
2024-09-02,PHONE001,SmartPhone X,Phones,25000,24334.78,0.1,21901.3,22405.32,161,232,0,0,9,0,3,3526109.59
2024-09-03,PHONE001,SmartPhone X,Phones,25000,27445.49,0.0,27445.49,26730.92,91,141,0,0,9,1,3,2497539.15
2024-09-04,PHONE001,SmartPhone X,Phones,25000,24227.44,0.0,24227.44,21563.17,106,310,0,0,9,2,3,2568108.77
2024-09-05,PHONE001,SmartPhone X,Phones,25000,23953.56,0.0,23953.56,26712.71,105,205,0,0,9,3,3,2515123.67
2024-09-06,PHONE001,SmartPhone X,Phones,25000,21859.22,0.0,21859.22,29925.82,129,76,0,0,9,4,3,2819839.67
2024-09-07,PHONE001,SmartPhone X,Phones,25000,28663.16,0.15,24363.68,29772.8,82,373,0,1,9,5,3,1997822.07
2024-09-08,PHONE001,SmartPhone X,Phones,25000,26195.67,0.1,23576.1,25778.07,177,196,0,1,9,6,3,4172970.58
2024-09-09,PHONE001,SmartPhone X,Phones,25000,23420.8,0.05,22249.76,24676.81,147,334,0,0,9,0,3,3270714.22
2024-09-10,PHONE001,SmartPhone X,Phones,25000,24333.93,0.15,20683.84,24274.86,186,148,0,0,9,1,3,3847194.11
2024-09-11,PHONE001,SmartPhone X,Phones,25000,25481.74,0.0,25481.74,28505.75,92,56,0,0,9,2,3,2344319.95
2024-09-12,PHONE001,SmartPhone X,Phones,25000,28258.25,0.0,28258.25,26890.88,61,256,0,0,9,3,3,1723753.12
2024-09-13,PHONE001,SmartPhone X,Phones,25000,25421.43,0.05,24150.36,27795.17,106,150,0,0,9,4,3,2559938.02
2024-09-14,PHONE001,SmartPhone X,Phones,25000,27387.85,0.1,24649.07,20401.39,141,214,0,1,9,5,3,3475518.57
2024-09-15,PHONE001,SmartPhone X,Phones,25000,28689.72,0.0,28689.72,22940.67,71,143,0,1,9,6,3,2036970.16
2024-09-16,PHONE001,SmartPhone X,Phones,25000,26990.23,0.0,26990.23,22530.26,87,56,0,0,9,0,3,2348149.59
2024-09-17,PHONE001,SmartPhone X,Phones,25000,22021.32,0.0,22021.32,21259.55,64,254,0,0,9,1,3,1409364.44
2024-09-18,PHONE001,SmartPhone X,Phones,25000,26303.79,0.2,21043.03,28468.87,204,50,0,0,9,2,3,4292778.81
2024-09-19,PHONE001,SmartPhone X,Phones,25000,26323.63,0.0,26323.63,25942.42,51,395,0,0,9,3,3,1342505.03
2024-09-20,PHONE001,SmartPhone X,Phones,25000,26368.99,0.0,26368.99,25753.59,87,308,0,0,9,4,3,2294102.43
2024-09-21,PHONE001,SmartPhone X,Phones,25000,23319.42,0.0,23319.42,27685.81,129,179,0,1,9,5,3,3008205.21
2024-09-22,PHONE001,SmartPhone X,Phones,25000,26442.66,0.0,26442.66,22333.33,97,82,0,1,9,6,3,2564937.76
2024-09-23,PHONE001,SmartPhone X,Phones,25000,26853.09,0.0,26853.09,22187.14,68,201,0,0,9,0,3,1826009.92
2024-09-24,PHONE001,SmartPhone X,Phones,25000,22232.3,0.05,21120.69,26059.97,180,391,0,0,9,1,3,3801723.83
2024-09-25,PHONE001,SmartPhone X,Phones,25000,21587.48,0.05,20508.1,27341.51,168,223,0,0,9,2,3,3445361.2
2024-09-26,PHONE001,SmartPhone X,Phones,25000,24838.96,0.0,24838.96,29288.6,103,120,0,0,9,3,3,2558413.17
2024-09-27,PHONE001,SmartPhone X,Phones,25000,24740.03,0.0,24740.03,20136.82,78,297,0,0,9,4,3,1929722.11
2024-09-28,PHONE001,SmartPhone X,Phones,25000,23189.44,0.1,20870.49,20278.52,195,102,0,1,9,5,3,4069746.18
2024-09-29,PHONE001,SmartPhone X,Phones,25000,24447.99,0.15,20780.79,25481.45,92,258,0,1,9,6,3,1911832.64
2024-09-30,PHONE001,SmartPhone X,Phones,25000,23469.49,0.1,21122.54,26638.24,204,54,0,0,9,0,3,4308998.4
2024-10-01,PHONE001,SmartPhone X,Phones,25000,21628.13,0.1,19465.31,28903.84,55,371,0,0,10,1,4,1070592.23
2024-10-02,PHONE001,SmartPhone X,Phones,25000,25479.4,0.2,20383.52,25002.79,300,71,1,0,10,2,4,6115055.22
2024-10-03,PHONE001,SmartPhone X,Phones,25000,21924.08,0.0,21924.08,26009.12,67,218,0,0,10,3,4,1468913.12
2024-10-04,PHONE001,SmartPhone X,Phones,25000,28129.51,0.05,26723.03,24065.91,98,120,0,0,10,4,4,2618857.43
2024-10-05,PHONE001,SmartPhone X,Phones,25000,26610.39,0.2,21288.31,22933.53,120,389,0,1,10,5,4,2554597.56
2024-10-06,PHONE001,SmartPhone X,Phones,25000,26483.75,0.0,26483.75,29002.64,141,248,0,1,10,6,4,3734208.17
2024-10-07,PHONE001,SmartPhone X,Phones,25000,26322.71,0.05,25006.57,26796.33,154,94,0,0,10,0,4,3851012.18
2024-10-08,PHONE001,SmartPhone X,Phones,25000,23468.68,0.0,23468.68,20011.12,87,317,0,0,10,1,4,2041775.22
2024-10-09,PHONE001,SmartPhone X,Phones,25000,22884.19,0.0,22884.19,26618.35,156,161,0,0,10,2,4,3569932.91
2024-10-10,PHONE001,SmartPhone X,Phones,25000,25700.96,0.2,20560.77,20162.43,172,280,0,0,10,3,4,3536452.15
2024-10-11,PHONE001,SmartPhone X,Phones,25000,23676.48,0.1,21308.83,26650.56,214,66,0,0,10,4,4,4560089.68
2024-10-12,PHONE001,SmartPhone X,Phones,25000,23820.48,0.05,22629.46,21345.76,57,346,0,1,10,5,4,1289879.1
2024-10-13,PHONE001,SmartPhone X,Phones,25000,27486.39,0.05,26112.07,29183.98,154,192,0,1,10,6,4,4021258.49
2024-10-14,PHONE001,SmartPhone X,Phones,25000,22025.76,0.15,18721.89,24020.27,205,363,0,0,10,0,4,3837987.96
2024-10-15,PHONE001,SmartPhone X,Phones,25000,27098.66,0.05,25743.72,21182.19,94,269,0,0,10,1,4,2419910.04
2024-10-16,PHONE001,SmartPhone X,Phones,25000,26591.03,0.0,26591.03,23565.96,93,176,0,0,10,2,4,2472965.59
2024-10-17,PHONE001,SmartPhone X,Phones,25000,21346.73,0.0,21346.73,25402.99,190,303,0,0,10,3,4,4055878.89
2024-10-18,PHONE001,SmartPhone X,Phones,25000,28432.24,0.0,28432.24,25657.45,90,213,0,0,10,4,4,2558901.36
2024-10-19,PHONE001,SmartPhone X,Phones,25000,21887.92,0.0,21887.92,25488.73,180,243,0,1,10,5,4,3939826.12
2024-10-20,PHONE001,SmartPhone X,Phones,25000,25803.51,0.2,20642.81,23887.26,224,358,0,1,10,6,4,4623989.82
2024-10-21,PHONE001,SmartPhone X,Phones,25000,21962.24,0.05,20864.13,23149.18,168,190,0,0,10,0,4,3505173.43
2024-10-22,PHONE001,SmartPhone X,Phones,25000,22576.73,0.2,18061.38,29873.36,186,376,0,0,10,1,4,3359417.0
2024-10-23,PHONE001,SmartPhone X,Phones,25000,25239.04,0.0,25239.04,28736.19,143,233,0,0,10,2,4,3609182.47
2024-10-24,PHONE001,SmartPhone X,Phones,25000,25620.36,0.0,25620.36,28124.74,113,120,0,0,10,3,4,2895100.5
2024-10-25,PHONE001,SmartPhone X,Phones,25000,23543.08,0.05,22365.93,24027.04,126,227,0,0,10,4,4,2818106.64
2024-10-26,PHONE001,SmartPhone X,Phones,25000,26366.44,0.0,26366.44,23152.39,103,124,0,1,10,5,4,2715743.08
2024-10-27,PHONE001,SmartPhone X,Phones,25000,25992.97,0.05,24693.32,21283.26,126,350,0,1,10,6,4,3111358.74
2024-10-28,PHONE001,SmartPhone X,Phones,25000,26450.67,0.05,25128.13,27006.11,145,205,0,0,10,0,4,3643579.24
2024-10-29,PHONE001,SmartPhone X,Phones,25000,27796.45,0.1,25016.8,24999.59,153,52,0,0,10,1,4,3827570.57
2024-10-30,PHONE001,SmartPhone X,Phones,25000,25893.8,0.0,25893.8,21866.4,44,301,0,0,10,2,4,1139327.0
2024-10-31,PHONE001,SmartPhone X,Phones,25000,23384.06,0.2,18707.25,24430.34,311,279,0,0,10,3,4,5817954.23
2024-11-01,PHONE001,SmartPhone X,Phones,25000,27624.69,0.15,23480.99,21962.46,243,286,1,0,11,4,4,5705880.75
2024-11-02,PHONE001,SmartPhone X,Phones,25000,28476.1,0.0,28476.1,21080.45,111,175,0,1,11,5,4,3160847.06
2024-11-03,PHONE001,SmartPhone X,Phones,25000,25641.73,0.0,25641.73,25413.74,143,399,0,1,11,6,4,3666767.1
2024-11-04,PHONE001,SmartPhone X,Phones,25000,21677.7,0.0,21677.7,21054.83,195,204,0,0,11,0,4,4227151.86
2024-11-05,PHONE001,SmartPhone X,Phones,25000,25332.59,0.0,25332.59,22337.41,142,62,0,0,11,1,4,3597227.31
2024-11-06,PHONE001,SmartPhone X,Phones,25000,27400.51,0.1,24660.46,20415.79,61,362,0,0,11,2,4,1504287.79
2024-11-07,PHONE001,SmartPhone X,Phones,25000,26419.83,0.0,26419.83,22523.12,116,246,0,0,11,3,4,3064700.06
2024-11-08,PHONE001,SmartPhone X,Phones,25000,25852.28,0.1,23267.06,28979.35,245,330,0,0,11,4,4,5700428.68
2024-11-09,PHONE001,SmartPhone X,Phones,25000,25623.48,0.0,25623.48,27302.22,163,167,0,1,11,5,4,4176626.69
2024-11-10,PHONE001,SmartPhone X,Phones,25000,26057.24,0.2,20845.79,24661.82,151,289,0,1,11,6,4,3147714.77
2024-11-11,PHONE001,SmartPhone X,Phones,25000,26513.04,0.0,26513.04,25564.65,126,163,0,0,11,0,4,3340642.67
2024-11-12,PHONE001,SmartPhone X,Phones,25000,28085.04,0.15,23872.29,20209.34,153,365,0,0,11,1,4,3652459.96
2024-11-13,PHONE001,SmartPhone X,Phones,25000,21676.61,0.2,17341.29,27665.27,387,237,0,0,11,2,4,6711078.61
2024-11-14,PHONE001,SmartPhone X,Phones,25000,23735.14,0.0,23735.14,26756.63,168,69,0,0,11,3,4,3987503.8
2024-11-15,PHONE001,SmartPhone X,Phones,25000,26921.9,0.0,26921.9,24541.84,67,237,0,0,11,4,4,1803767.53
2024-11-16,PHONE001,SmartPhone X,Phones,25000,28260.47,0.0,28260.47,22508.79,106,131,0,1,11,5,4,2995610.28
2024-11-17,PHONE001,SmartPhone X,Phones,25000,25634.07,0.0,25634.07,29693.22,126,244,0,1,11,6,4,3229893.24
2024-11-18,PHONE001,SmartPhone X,Phones,25000,21715.28,0.1,19543.75,23393.05,244,239,0,0,11,0,4,4768674.55
2024-11-19,PHONE001,SmartPhone X,Phones,25000,22464.42,0.2,17971.54,26581.02,274,394,0,0,11,1,4,4924201.42
2024-11-20,PHONE001,SmartPhone X,Phones,25000,24638.05,0.15,20942.34,23547.29,274,120,0,0,11,2,4,5738200.93
2024-11-21,PHONE001,SmartPhone X,Phones,25000,22113.6,0.0,22113.6,28832.74,116,245,0,0,11,3,4,2565177.18
2024-11-22,PHONE001,SmartPhone X,Phones,25000,24154.56,0.2,19323.65,26596.9,240,360,0,0,11,4,4,4637675.15
2024-11-23,PHONE001,SmartPhone X,Phones,25000,26111.75,0.05,24806.16,20614.46,189,171,0,1,11,5,4,4688364.89
2024-11-24,PHONE001,SmartPhone X,Phones,25000,28303.78,0.05,26888.59,26487.65,187,393,0,1,11,6,4,5028166.45
2024-11-25,PHONE001,SmartPhone X,Phones,25000,22385.74,0.1,20147.17,24774.16,299,94,0,0,11,0,4,6024003.27
2024-11-26,PHONE001,SmartPhone X,Phones,25000,25613.02,0.2,20490.42,24014.62,89,348,0,0,11,1,4,1823647.37
2024-11-27,PHONE001,SmartPhone X,Phones,25000,22201.18,0.05,21091.12,23917.42,213,135,0,0,11,2,4,4492408.81
2024-11-28,PHONE001,SmartPhone X,Phones,25000,26757.74,0.15,22744.08,22088.31,117,344,0,0,11,3,4,2661057.5
2024-11-29,PHONE001,SmartPhone X,Phones,25000,25392.75,0.15,21583.83,25952.3,306,362,0,0,11,4,4,6604653.24
2024-11-30,PHONE001,SmartPhone X,Phones,25000,25577.36,0.1,23019.63,23454.81,264,98,0,1,11,5,4,6077181.23
2024-12-01,PHONE001,SmartPhone X,Phones,25000,25302.09,0.0,25302.09,20792.8,99,360,0,1,12,6,4,2504907.08
2024-12-02,PHONE001,SmartPhone X,Phones,25000,28060.14,0.0,28060.14,23963.13,97,263,0,0,12,0,4,2721833.49
2024-12-03,PHONE001,SmartPhone X,Phones,25000,22326.02,0.0,22326.02,21514.46,164,99,0,0,12,1,4,3661467.43
2024-12-04,PHONE001,SmartPhone X,Phones,25000,25717.6,0.05,24431.72,20806.15,112,217,0,0,12,2,4,2736352.5
2024-12-05,PHONE001,SmartPhone X,Phones,25000,26913.5,0.05,25567.83,25866.24,163,54,0,0,12,3,4,4167555.8
2024-12-06,PHONE001,SmartPhone X,Phones,25000,21851.4,0.05,20758.83,24768.39,56,361,0,0,12,4,4,1162494.52
2024-12-07,PHONE001,SmartPhone X,Phones,25000,27464.9,0.0,27464.9,27834.7,127,234,0,1,12,5,4,3488041.89
2024-12-08,PHONE001,SmartPhone X,Phones,25000,28306.6,0.2,22645.28,21243.46,260,270,0,1,12,6,4,5887773.06
2024-12-09,PHONE001,SmartPhone X,Phones,25000,28532.05,0.1,25678.85,21771.54,155,115,0,0,12,0,4,3980221.24
2024-12-10,PHONE001,SmartPhone X,Phones,25000,21552.14,0.0,21552.14,24054.23,115,290,0,0,12,1,4,2478496.26
2024-12-11,PHONE001,SmartPhone X,Phones,25000,25604.84,0.1,23044.36,29359.37,226,64,0,0,12,2,4,5208024.29
2024-12-12,PHONE001,SmartPhone X,Phones,25000,24859.58,0.0,24859.58,28096.75,72,279,0,0,12,3,4,1789890.09
2024-12-13,PHONE001,SmartPhone X,Phones,25000,21415.5,0.05,20344.72,29825.21,226,53,0,0,12,4,4,4597907.02
2024-12-14,PHONE001,SmartPhone X,Phones,25000,27357.9,0.05,25990.01,22803.35,47,209,0,1,12,5,4,1221530.27
2024-12-15,PHONE001,SmartPhone X,Phones,25000,24548.92,0.0,24548.92,26439.57,166,294,0,1,12,6,4,4075120.27
2024-12-16,PHONE001,SmartPhone X,Phones,25000,21659.24,0.2,17327.39,25994.61,329,273,0,0,12,0,4,5700712.12
2024-12-17,PHONE001,SmartPhone X,Phones,25000,24124.12,0.0,24124.12,22163.33,140,133,0,0,12,1,4,3377376.13
2024-12-18,PHONE001,SmartPhone X,Phones,25000,21612.72,0.15,18370.81,28204.88,146,223,0,0,12,2,4,2682138.59
2024-12-19,PHONE001,SmartPhone X,Phones,25000,25660.0,0.1,23094.0,23531.03,213,352,0,0,12,3,4,4919022.67
2024-12-20,PHONE001,SmartPhone X,Phones,25000,25410.15,0.1,22869.14,28259.32,224,128,0,0,12,4,4,5122686.78
2024-12-21,PHONE001,SmartPhone X,Phones,25000,27133.04,0.05,25776.39,25985.63,124,318,0,1,12,5,4,3196272.24
2024-12-22,PHONE001,SmartPhone X,Phones,25000,28434.59,0.1,25591.13,25411.14,190,128,0,1,12,6,4,4862315.57
2024-12-23,PHONE001,SmartPhone X,Phones,25000,22903.66,0.1,20613.29,26256.51,130,389,0,0,12,0,4,2679727.9
2024-12-24,PHONE001,SmartPhone X,Phones,25000,22636.29,0.0,22636.29,20595.87,164,225,0,0,12,1,4,3712351.23
2024-12-25,PHONE001,SmartPhone X,Phones,25000,26977.69,0.05,25628.81,25234.01,174,51,1,0,12,2,4,4459412.49
2024-12-26,PHONE001,SmartPhone X,Phones,25000,26248.91,0.2,20999.13,20801.06,50,346,0,0,12,3,4,1049956.59
2024-12-27,PHONE001,SmartPhone X,Phones,25000,22475.25,0.15,19103.96,21844.59,285,61,0,0,12,4,4,5444629.48
2024-12-28,PHONE001,SmartPhone X,Phones,25000,24150.3,0.0,24150.3,20511.5,59,282,0,1,12,5,4,1424867.87
2024-12-29,PHONE001,SmartPhone X,Phones,25000,25087.81,0.1,22579.03,24832.94,234,321,0,1,12,6,4,5283491.91
2024-12-30,PHONE001,SmartPhone X,Phones,25000,27543.6,0.1,24789.24,21453.27,157,164,0,0,12,0,4,3891910.62
2023-01-01,HEAD001,Headphones Z,Headphones,5000,4343.06,0.0,4343.06,4142.31,211,127,1,1,1,6,1,916386.11
2023-01-02,HEAD001,Headphones Z,Headphones,5000,5099.03,0.05,4844.08,5756.07,129,226,0,0,1,0,1,624885.84
2023-01-03,HEAD001,Headphones Z,Headphones,5000,5689.69,0.2,4551.75,4097.39,151,75,0,0,1,1,1,687314.13
2023-01-04,HEAD001,Headphones Z,Headphones,5000,4316.1,0.2,3452.88,4370.55,75,287,0,0,1,2,1,258965.93
2023-01-05,HEAD001,Headphones Z,Headphones,5000,5218.36,0.15,4435.6,4091.17,192,95,0,0,1,3,1,851636.07
2023-01-06,HEAD001,Headphones Z,Headphones,5000,5513.25,0.0,5513.25,4593.22,72,329,0,0,1,4,1,396953.86
2023-01-07,HEAD001,Headphones Z,Headphones,5000,4504.83,0.15,3829.11,4253.89,247,82,0,1,1,5,1,945789.19
2023-01-08,HEAD001,Headphones Z,Headphones,5000,5027.84,0.0,5027.84,4491.69,78,210,0,1,1,6,1,392171.72
2023-01-09,HEAD001,Headphones Z,Headphones,5000,5734.26,0.0,5734.26,5368.63,94,116,0,0,1,0,1,539020.25
2023-01-10,HEAD001,Headphones Z,Headphones,5000,4463.83,0.15,3794.26,4764.28,117,312,0,0,1,1,1,443928.37
2023-01-11,HEAD001,Headphones Z,Headphones,5000,4365.14,0.05,4146.88,4008.37,175,137,0,0,1,2,1,725704.04
2023-01-12,HEAD001,Headphones Z,Headphones,5000,5212.73,0.1,4691.46,4821.58,136,333,0,0,1,3,1,638038.06
2023-01-13,HEAD001,Headphones Z,Headphones,5000,4873.16,0.1,4385.85,4048.01,152,181,0,0,1,4,1,666648.9
2023-01-14,HEAD001,Headphones Z,Headphones,5000,4515.62,0.0,4515.62,4196.85,166,293,0,1,1,5,1,749593.48
2023-01-15,HEAD001,Headphones Z,Headphones,5000,5149.04,0.0,5149.04,5457.31,116,177,0,1,1,6,1,597288.59
2023-01-16,HEAD001,Headphones Z,Headphones,5000,4839.72,0.0,4839.72,4473.85,98,79,0,0,1,0,1,474292.63
2023-01-17,HEAD001,Headphones Z,Headphones,5000,4518.55,0.05,4292.62,5595.03,83,304,0,0,1,1,1,356287.47
2023-01-18,HEAD001,Headphones Z,Headphones,5000,5070.39,0.2,4056.31,4950.18,275,286,0,0,1,2,1,1115486.53
2023-01-19,HEAD001,Headphones Z,Headphones,5000,4359.1,0.15,3705.24,4561.2,256,353,0,0,1,3,1,948540.69
2023-01-20,HEAD001,Headphones Z,Headphones,5000,5423.64,0.0,5423.64,5985.03,91,262,0,0,1,4,1,493551.12
2023-01-21,HEAD001,Headphones Z,Headphones,5000,5561.46,0.2,4449.17,5661.25,221,361,0,1,1,5,1,983266.31
2023-01-22,HEAD001,Headphones Z,Headphones,5000,4849.0,0.15,4121.65,4819.35,285,76,0,1,1,6,1,1174669.98
2023-01-23,HEAD001,Headphones Z,Headphones,5000,4521.34,0.0,4521.34,5598.32,72,216,0,0,1,0,1,325536.33
2023-01-24,HEAD001,Headphones Z,Headphones,5000,5346.31,0.0,5346.31,4840.02,94,122,0,0,1,1,1,502552.72
2023-01-25,HEAD001,Headphones Z,Headphones,5000,5498.92,0.0,5498.92,5608.33,103,342,0,0,1,2,1,566388.52
2023-01-26,HEAD001,Headphones Z,Headphones,5000,4339.43,0.15,3688.51,5384.1,305,298,1,0,1,3,1,1124996.19
2023-01-27,HEAD001,Headphones Z,Headphones,5000,4873.73,0.0,4873.73,5097.18,114,184,0,0,1,4,1,555604.98
2023-01-28,HEAD001,Headphones Z,Headphones,5000,5029.42,0.0,5029.42,5993.05,120,64,0,1,1,5,1,603530.1
2023-01-29,HEAD001,Headphones Z,Headphones,5000,5263.18,0.15,4473.71,4792.0,56,368,0,1,1,6,1,250527.56
2023-01-30,HEAD001,Headphones Z,Headphones,5000,4488.11,0.1,4039.29,5898.55,249,119,0,0,1,0,1,1005784.36
2023-01-31,HEAD001,Headphones Z,Headphones,5000,5610.56,0.2,4488.45,5983.07,108,238,0,0,1,1,1,484752.64
2023-02-01,HEAD001,Headphones Z,Headphones,5000,4783.16,0.0,4783.16,5338.44,113,125,0,0,2,2,1,540496.97
2023-02-02,HEAD001,Headphones Z,Headphones,5000,4877.58,0.0,4877.58,4715.62,105,349,0,0,2,3,1,512146.35
2023-02-03,HEAD001,Headphones Z,Headphones,5000,5113.39,0.15,4346.38,4322.92,165,184,0,0,2,4,1,717152.97
2023-02-04,HEAD001,Headphones Z,Headphones,5000,5080.21,0.0,5080.21,5140.57,102,82,0,1,2,5,1,518181.18
2023-02-05,HEAD001,Headphones Z,Headphones,5000,5363.41,0.0,5363.41,4050.4,78,279,0,1,2,6,1,418345.75
2023-02-06,HEAD001,Headphones Z,Headphones,5000,5420.32,0.15,4607.27,5127.79,146,133,0,0,2,0,1,672661.58
2023-02-07,HEAD001,Headphones Z,Headphones,5000,5292.43,0.15,4498.57,5134.78,144,369,0,0,2,1,1,647793.39
2023-02-08,HEAD001,Headphones Z,Headphones,5000,5352.54,0.05,5084.91,5220.22,107,262,0,0,2,2,1,544085.47
2023-02-09,HEAD001,Headphones Z,Headphones,5000,4449.77,0.0,4449.77,4522.67,121,141,0,0,2,3,1,538422.56
2023-02-10,HEAD001,Headphones Z,Headphones,5000,5148.95,0.1,4634.05,5027.42,132,381,0,0,2,4,1,611695.13
2023-02-11,HEAD001,Headphones Z,Headphones,5000,4259.7,0.0,4259.7,4992.48,154,227,0,1,2,5,1,655993.27
2023-02-12,HEAD001,Headphones Z,Headphones,5000,5351.91,0.0,5351.91,4047.89,87,140,0,1,2,6,1,465616.38
2023-02-13,HEAD001,Headphones Z,Headphones,5000,5662.21,0.1,5095.99,4348.82,105,296,0,0,2,0,1,535078.97
2023-02-14,HEAD001,Headphones Z,Headphones,5000,4387.13,0.15,3729.06,5251.36,256,284,0,0,2,1,1,954640.14
2023-02-15,HEAD001,Headphones Z,Headphones,5000,4861.05,0.2,3888.84,5042.75,274,232,0,0,2,2,1,1065541.78
2023-02-16,HEAD001,Headphones Z,Headphones,5000,4544.44,0.15,3862.78,4045.13,234,379,0,0,2,3,1,903889.41
2023-02-17,HEAD001,Headphones Z,Headphones,5000,5115.68,0.2,4092.54,5781.32,236,143,0,0,2,4,1,965839.56
