data/sales_data.csv
Date,Product_ID,Product_Name,Category,Base_Price,Current_Price,Discount,Actual_Price,Competitor_Price,Units_Sold,Inventory,Holiday_Flag,Weekend_Flag,Month,Day_of_Week,Quarter,Revenue
2023-02-18,HEAD001,Headphones Z,Headphones,5000,5465.24,0.15,4645.46,4859.35,153,375,0,1,2,5,1,710754.67
2023-02-19,HEAD001,Headphones Z,Headphones,5000,5619.56,0.1,5057.61,5144.25,123,252,0,1,2,6,1,622085.54
2023-02-20,HEAD001,Headphones Z,Headphones,5000,4653.2,0.0,4653.2,4397.29,102,150,0,0,2,0,1,474626.04
2023-02-21,HEAD001,Headphones Z,Headphones,5000,4709.62,0.15,4003.18,5110.27,153,371,0,0,2,1,1,612486.49
2023-02-22,HEAD001,Headphones Z,Headphones,5000,4889.75,0.05,4645.26,5230.84,115,256,0,0,2,2,1,534205.15
2023-02-23,HEAD001,Headphones Z,Headphones,5000,4381.68,0.1,3943.51,4343.66,193,63,0,0,2,3,1,761098.23
2023-02-24,HEAD001,Headphones Z,Headphones,5000,4570.99,0.0,4570.99,4566.57,61,204,0,0,2,4,1,278830.51
2023-02-25,HEAD001,Headphones Z,Headphones,5000,5467.8,0.0,5467.8,4027.72,84,120,0,1,2,5,1,459295.13
2023-02-26,HEAD001,Headphones Z,Headphones,5000,5253.31,0.0,5253.31,5597.31,122,246,0,1,2,6,1,640904.41
2023-02-27,HEAD001,Headphones Z,Headphones,5000,4280.21,0.0,4280.21,4307.57,148,98,0,0,2,0,1,633470.6
2023-02-28,HEAD001,Headphones Z,Headphones,5000,4937.78,0.0,4937.78,5129.18,102,396,0,0,2,1,1,503653.34
2023-03-01,HEAD001,Headphones Z,Headphones,5000,5268.6,0.05,5005.17,5863.48,135,261,0,0,3,2,1,675697.94
2023-03-02,HEAD001,Headphones Z,Headphones,5000,5330.24,0.0,5330.24,4574.44,91,170,0,0,3,3,1,485051.49
2023-03-03,HEAD001,Headphones Z,Headphones,5000,4323.83,0.0,4323.83,4462.16,147,235,0,0,3,4,1,635603.21
2023-03-04,HEAD001,Headphones Z,Headphones,5000,4634.29,0.0,4634.29,4441.3,114,121,0,1,3,5,1,528308.75
2023-03-05,HEAD001,Headphones Z,Headphones,5000,5538.67,0.0,5538.67,5000.12,95,275,0,1,3,6,1,526173.43
2023-03-06,HEAD001,Headphones Z,Headphones,5000,4608.6,0.2,3686.88,5516.08,296,225,0,0,3,0,1,1091316.38
2023-03-07,HEAD001,Headphones Z,Headphones,5000,4718.9,0.1,4247.01,4821.37,155,70,0,0,3,1,1,658286.14
2023-03-08,HEAD001,Headphones Z,Headphones,5000,5714.84,0.2,4571.87,5291.21,79,338,0,0,3,2,1,361177.99
2023-03-09,HEAD001,Headphones Z,Headphones,5000,4705.08,0.2,3764.06,5563.78,292,389,0,0,3,3,1,1099106.29
2023-03-10,HEAD001,Headphones Z,Headphones,5000,5287.48,0.1,4758.74,5931.28,139,250,0,0,3,4,1,661464.18
2023-03-11,HEAD001,Headphones Z,Headphones,5000,4446.08,0.0,4446.08,5343.42,164,86,0,1,3,5,1,729156.46
2023-03-12,HEAD001,Headphones Z,Headphones,5000,5112.59,0.15,4345.7,4413.64,86,286,0,1,3,6,1,373730.39
2023-03-13,HEAD001,Headphones Z,Headphones,5000,4718.28,0.2,3774.63,4854.93,269,358,0,0,3,0,1,1015374.85
2023-03-14,HEAD001,Headphones Z,Headphones,5000,5367.82,0.0,5367.82,4464.45,76,282,0,0,3,1,1,407954.48
2023-03-15,HEAD001,Headphones Z,Headphones,5000,4653.74,0.1,4188.37,4397.26,183,99,0,0,3,2,1,766471.37
2023-03-16,HEAD001,Headphones Z,Headphones,5000,5613.88,0.05,5333.19,4740.46,98,239,0,0,3,3,1,522652.14
2023-03-17,HEAD001,Headphones Z,Headphones,5000,5595.49,0.0,5595.49,5692.25,74,165,0,0,3,4,1,414066.48
2023-03-18,HEAD001,Headphones Z,Headphones,5000,5684.44,0.0,5684.44,4753.35,78,87,0,1,3,5,1,443386.15
2023-03-19,HEAD001,Headphones Z,Headphones,5000,4343.65,0.2,3474.92,4972.35,76,377,0,1,3,6,1,264093.74
2023-03-20,HEAD001,Headphones Z,Headphones,5000,4622.81,0.2,3698.25,4633.89,289,88,0,0,3,0,1,1068793.61
2023-03-21,HEAD001,Headphones Z,Headphones,5000,5563.23,0.1,5006.91,4604.93,97,242,0,0,3,1,1,485670.24
2023-03-22,HEAD001,Headphones Z,Headphones,5000,5535.85,0.15,4705.47,5529.3,139,103,0,0,3,2,1,654060.25
2023-03-23,HEAD001,Headphones Z,Headphones,5000,5285.48,0.05,5021.21,5890.05,108,211,0,0,3,3,1,542290.69
2023-03-24,HEAD001,Headphones Z,Headphones,5000,4747.43,0.05,4510.05,5001.16,145,66,0,0,3,4,1,653957.83
2023-03-25,HEAD001,Headphones Z,Headphones,5000,5015.86,0.0,5015.86,4239.91,62,373,0,1,3,5,1,310983.05
2023-03-26,HEAD001,Headphones Z,Headphones,5000,5453.59,0.15,4635.55,5722.84,167,206,0,1,3,6,1,774137.67
2023-03-27,HEAD001,Headphones Z,Headphones,5000,5678.58,0.0,5678.58,4657.65,74,132,0,0,3,0,1,420214.93
2023-03-28,HEAD001,Headphones Z,Headphones,5000,5377.74,0.05,5108.85,5623.89,125,356,0,0,3,1,1,638606.35
2023-03-29,HEAD001,Headphones Z,Headphones,5000,4719.38,0.0,4719.38,5717.01,107,249,0,0,3,2,1,504973.59
2023-03-30,HEAD001,Headphones Z,Headphones,5000,5307.56,0.2,4246.05,5483.96,220,391,0,0,3,3,1,934130.8
2023-03-31,HEAD001,Headphones Z,Headphones,5000,4628.47,0.2,3702.78,5746.09,255,136,0,0,3,4,1,944208.31
2023-04-01,HEAD001,Headphones Z,Headphones,5000,4330.45,0.05,4113.93,5434.93,134,259,0,1,4,5,2,551266.56
2023-04-02,HEAD001,Headphones Z,Headphones,5000,5523.65,0.1,4971.28,4766.79,122,137,0,1,4,6,2,606496.44
2023-04-03,HEAD001,Headphones Z,Headphones,5000,5504.66,0.0,5504.66,5097.82,73,64,0,0,4,0,2,401840.42
2023-04-04,HEAD001,Headphones Z,Headphones,5000,5330.58,0.0,5330.58,5022.23,66,400,0,0,4,1,2,351818.02
2023-04-05,HEAD001,Headphones Z,Headphones,5000,4941.35,0.05,4694.28,5657.42,146,254,0,0,4,2,2,685364.9
2023-04-06,HEAD001,Headphones Z,Headphones,5000,5314.08,0.2,4251.27,4210.8,205,249,0,0,4,3,2,871509.65
2023-04-07,HEAD001,Headphones Z,Headphones,5000,5256.52,0.0,5256.52,5394.05,88,161,0,0,4,4,2,462573.71
2023-04-08,HEAD001,Headphones Z,Headphones,5000,5568.92,0.15,4733.58,5450.74,142,346,0,1,4,5,2,672168.56
2023-04-09,HEAD001,Headphones Z,Headphones,5000,4861.67,0.05,4618.58,5772.76,138,208,0,1,4,6,2,637364.55
2023-04-10,HEAD001,Headphones Z,Headphones,5000,5692.12,0.05,5407.52,5358.33,98,110,0,0,4,0,2,529936.83
2023-04-11,HEAD001,Headphones Z,Headphones,5000,4655.84,0.2,3724.67,4497.58,124,272,0,0,4,1,2,461859.22
2023-04-12,HEAD001,Headphones Z,Headphones,5000,4697.41,0.2,3757.93,5551.01,263,297,0,0,4,2,2,988334.79
2023-04-13,HEAD001,Headphones Z,Headphones,5000,4458.88,0.1,4012.99,4021.43,180,117,0,0,4,3,2,722338.74
2023-04-14,HEAD001,Headphones Z,Headphones,5000,5713.67,0.1,5142.3,4738.27,104,307,0,0,4,4,2,534799.35
2023-04-15,HEAD001,Headphones Z,Headphones,5000,4766.14,0.0,4766.14,5041.09,126,181,0,1,4,5,2,600533.32
2023-04-16,HEAD001,Headphones Z,Headphones,5000,5569.87,0.2,4455.9,5011.04,181,251,0,1,4,6,2,806517.46
2023-04-17,HEAD001,Headphones Z,Headphones,5000,4457.56,0.2,3566.05,5965.48,232,354,0,0,4,0,2,827322.65
2023-04-18,HEAD001,Headphones Z,Headphones,5000,4360.05,0.0,4360.05,5326.29,143,211,0,0,4,1,2,623486.59
2023-04-19,HEAD001,Headphones Z,Headphones,5000,4872.72,0.2,3898.17,4844.38,229,264,0,0,4,2,2,892682.03
2023-04-20,HEAD001,Headphones Z,Headphones,5000,4543.57,0.0,4543.57,5640.51,136,128,0,0,4,3,2,617925.38
2023-04-21,HEAD001,Headphones Z,Headphones,5000,4878.45,0.15,4146.69,4916.06,118,323,0,0,4,4,2,489309.0
2023-04-22,HEAD001,Headphones Z,Headphones,5000,5378.17,0.2,4302.54,5025.75,214,109,0,1,4,5,2,920742.96
2023-04-23,HEAD001,Headphones Z,Headphones,5000,5144.08,0.0,5144.08,5991.47,106,341,0,1,4,6,2,545271.97
2023-04-24,HEAD001,Headphones Z,Headphones,5000,5631.04,0.0,5631.04,4690.03,62,279,0,0,4,0,2,349124.3
2023-04-25,HEAD001,Headphones Z,Headphones,5000,4556.36,0.15,3872.91,4837.39,207,72,0,0,4,1,2,801692.1
2023-04-26,HEAD001,Headphones Z,Headphones,5000,4250.34,0.2,3400.27,5830.0,79,332,0,0,4,2,2,268621.52
2023-04-27,HEAD001,Headphones Z,Headphones,5000,5363.44,0.2,4290.75,4335.63,164,168,0,0,4,3,2,703683.11
2023-04-28,HEAD001,Headphones Z,Headphones,5000,4351.41,0.0,4351.41,5448.06,159,272,0,0,4,4,2,691873.73
2023-04-29,HEAD001,Headphones Z,Headphones,5000,4895.8,0.0,4895.8,4238.28,110,162,0,1,4,5,2,538538.41
2023-04-30,HEAD001,Headphones Z,Headphones,5000,4773.25,0.2,3818.6,4749.65,167,241,0,1,4,6,2,637705.91
2023-05-01,HEAD001,Headphones Z,Headphones,5000,5328.08,0.0,5328.08,4221.21,66,175,0,0,5,0,2,351653.09
2023-05-02,HEAD001,Headphones Z,Headphones,5000,5741.5,0.05,5454.42,4465.46,72,103,0,0,5,1,2,392718.29
2023-05-03,HEAD001,Headphones Z,Headphones,5000,4534.81,0.1,4081.33,4077.92,99,237,0,0,5,2,2,404051.84
2023-05-04,HEAD001,Headphones Z,Headphones,5000,5453.6,0.2,4362.88,4682.49,181,56,0,0,5,3,2,789681.67
2023-05-05,HEAD001,Headphones Z,Headphones,5000,5263.38,0.05,5000.21,5017.79,62,223,0,0,5,4,2,310013.09
2023-05-06,HEAD001,Headphones Z,Headphones,5000,5549.05,0.0,5549.05,4019.82,83,140,0,1,5,5,2,460571.44
2023-05-07,HEAD001,Headphones Z,Headphones,5000,4941.1,0.2,3952.88,5977.68,139,315,0,1,5,6,2,549450.36
2023-05-08,HEAD001,Headphones Z,Headphones,5000,5730.34,0.0,5730.34,5509.14,70,245,0,0,5,0,2,401124.07
2023-05-09,HEAD001,Headphones Z,Headphones,5000,5057.59,0.0,5057.59,5984.27,116,129,0,0,5,1,2,586680.73
2023-05-10,HEAD001,Headphones Z,Headphones,5000,4396.05,0.05,4176.25,5412.74,123,213,0,0,5,2,2,513678.48
2023-05-11,HEAD001,Headphones Z,Headphones,5000,4260.47,0.05,4047.45,4806.96,159,54,0,0,5,3,2,643544.51
2023-05-12,HEAD001,Headphones Z,Headphones,5000,5478.3,0.1,4930.47,4674.66,59,295,0,0,5,4,2,290897.94
2023-05-13,HEAD001,Headphones Z,Headphones,5000,4250.9,0.0,4250.9,4615.64,147,148,0,1,5,5,2,624881.85
2023-05-14,HEAD001,Headphones Z,Headphones,5000,4600.35,0.05,4370.33,4136.37,134,220,0,1,5,6,2,585624.69
2023-05-15,HEAD001,Headphones Z,Headphones,5000,5083.32,0.0,5083.32,4582.72,89,131,0,0,5,0,2,452415.87
2023-05-16,HEAD001,Headphones Z,Headphones,5000,4815.3,0.0,4815.3,5751.81,129,207,0,0,5,1,2,621173.74
2023-05-17,HEAD001,Headphones Z,Headphones,5000,4989.44,0.0,4989.44,4660.31,85,122,0,0,5,2,2,424102.01
2023-05-18,HEAD001,Headphones Z,Headphones,5000,5680.1,0.0,5680.1,4120.45,60,62,0,0,5,3,2,340806.26
2023-05-19,HEAD001,Headphones Z,Headphones,5000,4697.1,0.2,3757.68,4640.8,55,382,0,0,5,4,2,206672.37
2023-05-20,HEAD001,Headphones Z,Headphones,5000,5424.74,0.15,4611.03,4245.0,172,210,0,1,5,5,2,793097.3
2023-05-21,HEAD001,Headphones Z,Headphones,5000,4435.77,0.0,4435.77,4141.07,154,56,0,1,5,6,2,683108.43
2023-05-22,HEAD001,Headphones Z,Headphones,5000,4535.19,0.2,3628.15,5642.5,56,237,0,0,5,0,2,203176.65
2023-05-23,HEAD001,Headphones Z,Headphones,5000,4366.78,0.0,4366.78,5910.9,133,104,0,0,5,1,2,580782.38
2023-05-24,HEAD001,Headphones Z,Headphones,5000,5539.47,0.0,5539.47,4337.62,79,273,0,0,5,2,2,437617.97
2023-05-25,HEAD001,Headphones Z,Headphones,5000,4269.84,0.2,3415.87,5023.56,295,320,0,0,5,3,2,1007683.0
2023-05-26,HEAD001,Headphones Z,Headphones,5000,5652.19,0.15,4804.36,5818.4,166,154,0,0,5,4,2,797524.47
2023-05-27,HEAD001,Headphones Z,Headphones,5000,5582.29,0.2,4465.83,4398.44,144,235,0,1,5,5,2,643079.47
2023-05-28,HEAD001,Headphones Z,Headphones,5000,4683.45,0.2,3746.76,4754.11,227,380,0,1,5,6,2,850515.03
2023-05-29,HEAD001,Headphones Z,Headphones,5000,5066.83,0.05,4813.49,4319.76,117,263,0,0,5,0,2,563178.49
2023-05-30,HEAD001,Headphones Z,Headphones,5000,4501.35,0.05,4276.28,4620.62,151,112,0,0,5,1,2,645718.63
2023-05-31,HEAD001,Headphones Z,Headphones,5000,5444.66,0.1,4900.19,5478.94,116,201,0,0,5,2,2,568422.59
2023-06-01,HEAD001,Headphones Z,Headphones,5000,4483.66,0.0,4483.66,5094.09,113,88,0,0,6,3,2,506653.57
2023-06-02,HEAD001,Headphones Z,Headphones,5000,4816.04,0.0,4816.04,4827.03,75,265,0,0,6,4,2,361203.36
2023-06-03,HEAD001,Headphones Z,Headphones,5000,4660.98,0.0,4660.98,5911.3,163,102,0,1,6,5,2,759740.09
2023-06-04,HEAD001,Headphones Z,Headphones,5000,4778.49,0.2,3822.79,4086.2,92,238,0,1,6,6,2,351696.91
2023-06-05,HEAD001,Headphones Z,Headphones,5000,4838.33,0.1,4354.49,5895.56,155,83,0,0,6,0,2,674946.57
2023-06-06,HEAD001,Headphones Z,Headphones,5000,5395.27,0.15,4585.98,4217.37,94,355,0,0,6,1,2,431082.37
2023-06-07,HEAD001,Headphones Z,Headphones,5000,4822.42,0.1,4340.18,5550.47,163,192,0,0,6,2,2,707449.71
2023-06-08,HEAD001,Headphones Z,Headphones,5000,5191.5,0.05,4931.93,4384.03,94,98,0,0,6,3,2,463601.25
2023-06-09,HEAD001,Headphones Z,Headphones,5000,5657.1,0.0,5657.1,5835.29,90,398,0,0,6,4,2,509138.66
2023-06-10,HEAD001,Headphones Z,Headphones,5000,5188.15,0.0,5188.15,5616.54,97,301,0,1,6,5,2,503250.57
2023-06-11,HEAD001,Headphones Z,Headphones,5000,4752.18,0.0,4752.18,4627.41,129,172,0,1,6,6,2,613031.68
2023-06-12,HEAD001,Headphones Z,Headphones,5000,4783.94,0.0,4783.94,4297.01,105,67,0,0,6,0,2,502313.35
2023-06-13,HEAD001,Headphones Z,Headphones,5000,5471.58,0.0,5471.58,4764.25,59,212,0,0,6,1,2,322822.98
2023-06-14,HEAD001,Headphones Z,Headphones,5000,4545.03,0.0,4545.03,4474.97,110,102,0,0,6,2,2,499953.55
2023-06-15,HEAD001,Headphones Z,Headphones,5000,5214.19,0.05,4953.48,5201.89,108,363,0,0,6,3,2,534976.16
2023-06-16,HEAD001,Headphones Z,Headphones,5000,4793.75,0.2,3835.0,5648.0,238,125,0,0,6,4,2,912730.57
2023-06-17,HEAD001,Headphones Z,Headphones,5000,4953.56,0.1,4458.21,5601.88,113,317,0,1,6,5,2,503777.17
2023-06-18,HEAD001,Headphones Z,Headphones,5000,4414.79,0.0,4414.79,5767.37,153,164,0,1,6,6,2,675463.58
2023-06-19,HEAD001,Headphones Z,Headphones,5000,5275.81,0.0,5275.81,4050.7,81,83,0,0,6,0,2,427340.22
2023-06-20,HEAD001,Headphones Z,Headphones,5000,4724.15,0.2,3779.32,4111.48,85,327,0,0,6,1,2,321242.33
2023-06-21,HEAD001,Headphones Z,Headphones,5000,4611.21,0.1,4150.09,4773.61,156,171,0,0,6,2,2,647413.28
2023-06-22,HEAD001,Headphones Z,Headphones,5000,4470.74,0.1,4023.67,4595.95,149,204,0,0,6,3,2,599526.89
2023-06-23,HEAD001,Headphones Z,Headphones,5000,5616.24,0.15,4773.8,4012.09,127,77,0,0,6,4,2,606273.04
2023-06-24,HEAD001,Headphones Z,Headphones,5000,4434.87,0.1,3991.38,4615.36,86,347,0,1,6,5,2,343259.03
2023-06-25,HEAD001,Headphones Z,Headphones,5000,4492.54,0.0,4492.54,5931.66,142,205,0,1,6,6,2,637940.94
2023-06-26,HEAD001,Headphones Z,Headphones,5000,5362.35,0.15,4558.0,5093.35,180,236,0,0,6,0,2,820439.42
2023-06-27,HEAD001,Headphones Z,Headphones,5000,5080.99,0.0,5080.99,5069.12,88,148,0,0,6,1,2,447127.11
2023-06-28,HEAD001,Headphones Z,Headphones,5000,4499.34,0.05,4274.38,5832.98,140,200,0,0,6,2,2,598412.76
2023-06-29,HEAD001,Headphones Z,Headphones,5000,4808.12,0.1,4327.31,5519.65,164,290,0,0,6,3,2,709679.01
2023-06-30,HEAD001,Headphones Z,Headphones,5000,5678.09,0.0,5678.09,5475.86,80,210,0,0,6,4,2,454247.49
2023-07-01,HEAD001,Headphones Z,Headphones,5000,5571.34,0.1,5014.21,4099.21,113,97,0,1,7,5,3,566605.56
2023-07-02,HEAD001,Headphones Z,Headphones,5000,4947.55,0.05,4700.18,4453.96,104,247,0,1,7,6,3,488818.38
2023-07-03,HEAD001,Headphones Z,Headphones,5000,5628.81,0.15,4784.49,4847.54,134,113,0,0,7,0,3,641121.69
2023-07-04,HEAD001,Headphones Z,Headphones,5000,5692.33,0.15,4838.48,4889.7,112,221,0,0,7,1,3,541909.44
2023-07-05,HEAD001,Headphones Z,Headphones,5000,4777.47,0.1,4299.73,5819.1,181,292,0,0,7,2,3,778250.65
2023-07-06,HEAD001,Headphones Z,Headphones,5000,5393.26,0.0,5393.26,5623.61,84,208,0,0,7,3,3,453034.0
2023-07-07,HEAD001,Headphones Z,Headphones,5000,4900.54,0.1,4410.49,5696.94,160,339,0,0,7,4,3,705677.98
2023-07-08,HEAD001,Headphones Z,Headphones,5000,5440.9,0.1,4896.81,5881.98,161,178,0,1,7,5,3,788386.8
2023-07-09,HEAD001,Headphones Z,Headphones,5000,5362.44,0.2,4289.95,5610.19,196,329,0,1,7,6,3,840830.74
2023-07-10,HEAD001,Headphones Z,Headphones,5000,4842.58,0.1,4358.32,4102.53,144,185,0,0,7,0,3,627598.37
2023-07-11,HEAD001,Headphones Z,Headphones,5000,5260.63,0.0,5260.63,4900.7,94,91,0,0,7,1,3,494499.63
2023-07-12,HEAD001,Headphones Z,Headphones,5000,4785.47,0.05,4546.2,5269.49,82,320,0,0,7,2,3,372788.4
2023-07-13,HEAD001,Headphones Z,Headphones,5000,5374.05,0.0,5374.05,5091.39,77,243,0,0,7,3,3,413802.17
2023-07-14,HEAD001,Headphones Z,Headphones,5000,4687.87,0.15,3984.69,5497.22,221,299,0,0,7,4,3,880615.77
2023-07-15,HEAD001,Headphones Z,Headphones,5000,4574.05,0.0,4574.05,5934.54,160,139,0,1,7,5,3,731847.55
2023-07-16,HEAD001,Headphones Z,Headphones,5000,5685.7,0.0,5685.7,4854.21,82,57,0,1,7,6,3,466227.58
2023-07-17,HEAD001,Headphones Z,Headphones,5000,5596.93,0.15,4757.39,5050.1,60,204,0,0,7,0,3,285443.57
2023-07-18,HEAD001,Headphones Z,Headphones,5000,4628.26,0.0,4628.26,4893.45,104,100,0,0,7,1,3,481338.97
2023-07-19,HEAD001,Headphones Z,Headphones,5000,4558.97,0.2,3647.18,4001.89,86,217,0,0,7,2,3,313657.14
2023-07-20,HEAD001,Headphones Z,Headphones,5000,5715.93,0.0,5715.93,4484.71,71,146,0,0,7,3,3,405830.73
2023-07-21,HEAD001,Headphones Z,Headphones,5000,5508.65,0.0,5508.65,5101.32,72,74,0,0,7,4,3,396622.77
2023-07-22,HEAD001,Headphones Z,Headphones,5000,5342.17,0.15,4540.85,5200.5,79,368,0,1,7,5,3,358727.03
2023-07-23,HEAD001,Headphones Z,Headphones,5000,5404.62,0.15,4593.93,5950.82,198,170,0,1,7,6,3,909597.53
2023-07-24,HEAD001,Headphones Z,Headphones,5000,4762.46,0.0,4762.46,5296.93,99,71,0,0,7,0,3,471483.71
2023-07-25,HEAD001,Headphones Z,Headphones,5000,5596.1,0.2,4476.88,4238.76,67,348,0,0,7,1,3,299950.74
2023-07-26,HEAD001,Headphones Z,Headphones,5000,5473.62,0.15,4652.58,5194.62,150,198,0,0,7,2,3,697886.3
2023-07-27,HEAD001,Headphones Z,Headphones,5000,4960.15,0.2,3968.12,5709.09,188,285,0,0,7,3,3,746007.08
2023-07-28,HEAD001,Headphones Z,Headphones,5000,5554.47,0.0,5554.47,4176.27,74,211,0,0,7,4,3,411031.12
2023-07-29,HEAD001,Headphones Z,Headphones,5000,5521.32,0.0,5521.32,4363.64,81,130,0,1,7,5,3,447227.04
2023-07-30,HEAD001,Headphones Z,Headphones,5000,4498.25,0.0,4498.25,5413.21,131,339,0,1,7,6,3,589270.71
2023-07-31,HEAD001,Headphones Z,Headphones,5000,5202.99,0.0,5202.99,4392.97,77,262,0,0,7,0,3,400629.85
2023-08-01,HEAD001,Headphones Z,Headphones,5000,4312.25,0.2,3449.8,4644.14,266,364,0,0,8,1,3,917645.95
2023-08-02,HEAD001,Headphones Z,Headphones,5000,5536.9,0.0,5536.9,5333.85,80,284,0,0,8,2,3,442952.19
2023-08-03,HEAD001,Headphones Z,Headphones,5000,5679.68,0.2,4543.74,5438.49,203,81,0,0,8,3,3,922380.06
2023-08-04,HEAD001,Headphones Z,Headphones,5000,5041.38,0.2,4033.11,4517.81,70,375,0,0,8,4,3,282317.39
2023-08-05,HEAD001,Headphones Z,Headphones,5000,5339.13,0.05,5072.17,4242.61,104,271,0,1,8,5,3,527505.77
2023-08-06,HEAD001,Headphones Z,Headphones,5000,5048.71,0.15,4291.4,5128.83,219,52,0,1,8,6,3,939816.69
2023-08-07,HEAD001,Headphones Z,Headphones,5000,4499.38,0.05,4274.41,4759.47,53,361,0,0,8,0,3,226543.93
2023-08-08,HEAD001,Headphones Z,Headphones,5000,5704.73,0.0,5704.73,5455.26,86,275,0,0,8,1,3,490606.63
