data/sales_data.csv
Date,Product_ID,Product_Name,Category,Base_Price,Current_Price,Discount,Actual_Price,Competitor_Price,Units_Sold,Inventory,Holiday_Flag,Weekend_Flag,Month,Day_of_Week,Quarter,Revenue
2024-07-16,HEAD001,Headphones Z,Headphones,5000,4979.72,0.0,4979.72,4668.09,65,305,0,0,7,1,3,323682.07
2024-07-17,HEAD001,Headphones Z,Headphones,5000,4608.27,0.15,3917.03,5898.56,221,84,0,0,7,2,3,865663.1
2024-07-18,HEAD001,Headphones Z,Headphones,5000,4503.29,0.0,4503.29,4921.35,79,305,0,0,7,3,3,355759.83
2024-07-19,HEAD001,Headphones Z,Headphones,5000,4302.74,0.1,3872.46,4646.29,208,97,0,0,7,4,3,805472.72
2024-07-20,HEAD001,Headphones Z,Headphones,5000,5077.57,0.2,4062.05,4713.12,95,356,0,1,7,5,3,385895.21
2024-07-21,HEAD001,Headphones Z,Headphones,5000,5698.28,0.05,5413.36,4754.7,94,262,0,1,7,6,3,508856.13
2024-07-22,HEAD001,Headphones Z,Headphones,5000,4615.2,0.2,3692.16,4915.53,282,388,0,0,7,0,3,1041189.25
2024-07-23,HEAD001,Headphones Z,Headphones,5000,4558.98,0.15,3875.13,5418.59,201,187,0,0,7,1,3,778902.12
2024-07-24,HEAD001,Headphones Z,Headphones,5000,4878.4,0.0,4878.4,5551.73,105,82,0,0,7,2,3,512231.94
2024-07-25,HEAD001,Headphones Z,Headphones,5000,5095.61,0.15,4331.26,4409.96,87,235,0,0,7,3,3,376820.04
2024-07-26,HEAD001,Headphones Z,Headphones,5000,4328.42,0.1,3895.58,5705.09,198,253,0,0,7,4,3,771324.2
2024-07-27,HEAD001,Headphones Z,Headphones,5000,5561.6,0.1,5005.44,4705.06,142,111,0,1,7,5,3,710772.1
2024-07-28,HEAD001,Headphones Z,Headphones,5000,4728.84,0.0,4728.84,5811.82,98,369,0,1,7,6,3,463426.12
2024-07-29,HEAD001,Headphones Z,Headphones,5000,4517.78,0.05,4291.89,4986.06,135,234,0,0,7,0,3,579405.24
2024-07-30,HEAD001,Headphones Z,Headphones,5000,4543.97,0.1,4089.57,5887.53,227,296,0,0,7,1,3,928333.13
2024-07-31,HEAD001,Headphones Z,Headphones,5000,4814.39,0.0,4814.39,5846.57,118,178,0,0,7,2,3,568097.9
2024-08-01,HEAD001,Headphones Z,Headphones,5000,4654.61,0.0,4654.61,5404.8,127,51,0,0,8,3,3,591135.94
2024-08-02,HEAD001,Headphones Z,Headphones,5000,5733.69,0.05,5447.0,4530.09,53,336,0,0,8,4,3,288691.19
2024-08-03,HEAD001,Headphones Z,Headphones,5000,4328.04,0.0,4328.04,4227.29,125,211,0,1,8,5,3,541004.45
2024-08-04,HEAD001,Headphones Z,Headphones,5000,5749.19,0.1,5174.27,5604.55,146,65,0,1,8,6,3,755443.7
2024-08-05,HEAD001,Headphones Z,Headphones,5000,5014.59,0.0,5014.59,4600.13,58,373,0,0,8,0,3,290846.17
2024-08-06,HEAD001,Headphones Z,Headphones,5000,4677.01,0.2,3741.61,4751.94,281,92,0,0,8,1,3,1051392.32
2024-08-07,HEAD001,Headphones Z,Headphones,5000,5059.49,0.2,4047.59,4154.97,78,384,0,0,8,2,3,315712.34
2024-08-08,HEAD001,Headphones Z,Headphones,5000,4403.5,0.15,3742.97,4821.0,275,109,0,0,8,3,3,1029317.72
2024-08-09,HEAD001,Headphones Z,Headphones,5000,5206.1,0.15,4425.19,5603.65,107,377,0,0,8,4,3,473495.13
2024-08-10,HEAD001,Headphones Z,Headphones,5000,4792.5,0.0,4792.5,4216.8,128,249,0,1,8,5,3,613439.89
2024-08-11,HEAD001,Headphones Z,Headphones,5000,5424.74,0.1,4882.27,4336.24,135,114,0,1,8,6,3,659105.92
2024-08-12,HEAD001,Headphones Z,Headphones,5000,4981.06,0.05,4732.01,5250.18,129,249,0,0,8,0,3,610429.17
2024-08-13,HEAD001,Headphones Z,Headphones,5000,5119.66,0.0,5119.66,5080.43,82,167,0,0,8,1,3,419811.89
2024-08-14,HEAD001,Headphones Z,Headphones,5000,4344.36,0.0,4344.36,4374.69,111,56,0,0,8,2,3,482224.09
2024-08-15,HEAD001,Headphones Z,Headphones,5000,5365.03,0.1,4828.53,5446.66,49,276,1,0,8,3,3,236597.79
2024-08-16,HEAD001,Headphones Z,Headphones,5000,5504.12,0.0,5504.12,4309.57,68,208,0,0,8,4,3,374280.05
2024-08-17,HEAD001,Headphones Z,Headphones,5000,4623.47,0.0,4623.47,4744.61,124,84,0,1,8,5,3,573309.7
2024-08-18,HEAD001,Headphones Z,Headphones,5000,4983.43,0.2,3986.74,4814.82,96,273,0,1,8,6,3,382727.15
2024-08-19,HEAD001,Headphones Z,Headphones,5000,4333.89,0.15,3683.81,4284.36,208,65,0,0,8,0,3,766231.67
2024-08-20,HEAD001,Headphones Z,Headphones,5000,5188.76,0.0,5188.76,4109.02,71,376,0,0,8,1,3,368402.09
2024-08-21,HEAD001,Headphones Z,Headphones,5000,5017.91,0.15,4265.22,5054.02,190,186,0,0,8,2,3,810392.13
2024-08-22,HEAD001,Headphones Z,Headphones,5000,4506.22,0.05,4280.91,4395.38,139,281,0,0,8,3,3,595046.42
2024-08-23,HEAD001,Headphones Z,Headphones,5000,5140.24,0.05,4883.23,4420.24,96,185,0,0,8,4,3,468790.31
2024-08-24,HEAD001,Headphones Z,Headphones,5000,5705.18,0.0,5705.18,4043.96,78,107,0,1,8,5,3,445003.68
2024-08-25,HEAD001,Headphones Z,Headphones,5000,5432.05,0.1,4888.85,4594.43,95,384,0,1,8,6,3,464440.51
2024-08-26,HEAD001,Headphones Z,Headphones,5000,4468.44,0.0,4468.44,5394.86,138,246,0,0,8,0,3,616645.13
2024-08-27,HEAD001,Headphones Z,Headphones,5000,5424.12,0.0,5424.12,5874.96,94,152,0,0,8,1,3,509867.14
2024-08-28,HEAD001,Headphones Z,Headphones,5000,4483.78,0.0,4483.78,4486.89,134,346,0,0,8,2,3,600826.16
2024-08-29,HEAD001,Headphones Z,Headphones,5000,4563.96,0.15,3879.37,4145.04,224,122,0,0,8,3,3,868977.82
2024-08-30,HEAD001,Headphones Z,Headphones,5000,4853.79,0.1,4368.41,5840.08,127,297,0,0,8,4,3,554788.14
2024-08-31,HEAD001,Headphones Z,Headphones,5000,4385.63,0.05,4166.35,5895.71,186,111,0,1,8,5,3,774940.55
2024-09-01,HEAD001,Headphones Z,Headphones,5000,4755.82,0.2,3804.65,4804.52,96,288,0,1,9,6,3,365246.88
2024-09-02,HEAD001,Headphones Z,Headphones,5000,4994.77,0.2,3995.82,4246.64,209,79,0,0,9,0,3,835126.07
2024-09-03,HEAD001,Headphones Z,Headphones,5000,4776.06,0.2,3820.85,5545.68,86,237,0,0,9,1,3,328593.25
2024-09-04,HEAD001,Headphones Z,Headphones,5000,4480.12,0.0,4480.12,4733.1,120,117,0,0,9,2,3,537614.32
2024-09-05,HEAD001,Headphones Z,Headphones,5000,4477.12,0.0,4477.12,5596.91,124,273,0,0,9,3,3,555162.34
2024-09-06,HEAD001,Headphones Z,Headphones,5000,4535.57,0.15,3855.24,4733.44,200,73,0,0,9,4,3,771047.36
2024-09-07,HEAD001,Headphones Z,Headphones,5000,5192.31,0.0,5192.31,4242.74,83,288,0,1,9,5,3,430961.72
2024-09-08,HEAD001,Headphones Z,Headphones,5000,5421.02,0.05,5149.97,4780.48,118,170,0,1,9,6,3,607696.69
2024-09-09,HEAD001,Headphones Z,Headphones,5000,5617.01,0.15,4774.46,5108.2,131,265,0,0,9,0,3,625454.37
2024-09-10,HEAD001,Headphones Z,Headphones,5000,4818.06,0.15,4095.35,5686.29,221,322,0,0,9,1,3,905071.64
2024-09-11,HEAD001,Headphones Z,Headphones,5000,5226.09,0.0,5226.09,5733.64,107,215,0,0,9,2,3,559191.26
2024-09-12,HEAD001,Headphones Z,Headphones,5000,5629.69,0.0,5629.69,4189.7,67,148,0,0,9,3,3,377189.15
2024-09-13,HEAD001,Headphones Z,Headphones,5000,5360.76,0.2,4288.61,5513.85,152,337,0,0,9,4,3,651868.94
2024-09-14,HEAD001,Headphones Z,Headphones,5000,4500.18,0.0,4500.18,5594.84,162,175,0,1,9,5,3,729029.32
2024-09-15,HEAD001,Headphones Z,Headphones,5000,4379.2,0.1,3941.28,4927.62,157,378,0,1,9,6,3,618781.48
2024-09-16,HEAD001,Headphones Z,Headphones,5000,4756.22,0.0,4756.22,4036.16,96,282,0,0,9,0,3,456596.69
2024-09-17,HEAD001,Headphones Z,Headphones,5000,5074.82,0.0,5074.82,5239.17,103,179,0,0,9,1,3,522705.98
2024-09-18,HEAD001,Headphones Z,Headphones,5000,5504.44,0.0,5504.44,4430.93,65,114,0,0,9,2,3,357788.4
2024-09-19,HEAD001,Headphones Z,Headphones,5000,5527.31,0.1,4974.58,4313.23,127,389,0,0,9,3,3,631771.05
2024-09-20,HEAD001,Headphones Z,Headphones,5000,5513.81,0.1,4962.43,5001.75,139,250,0,0,9,4,3,689777.3
2024-09-21,HEAD001,Headphones Z,Headphones,5000,4396.07,0.0,4396.07,4606.13,154,96,0,1,9,5,3,676994.02
2024-09-22,HEAD001,Headphones Z,Headphones,5000,4775.01,0.0,4775.01,5856.75,83,212,0,1,9,6,3,396325.86
2024-09-23,HEAD001,Headphones Z,Headphones,5000,5074.12,0.15,4313.0,5181.73,192,335,0,0,9,0,3,828096.02
2024-09-24,HEAD001,Headphones Z,Headphones,5000,4633.5,0.0,4633.5,4729.13,127,208,0,0,9,1,3,588454.42
2024-09-25,HEAD001,Headphones Z,Headphones,5000,4542.41,0.15,3861.05,5653.74,211,259,0,0,9,2,3,814681.98
2024-09-26,HEAD001,Headphones Z,Headphones,5000,5393.28,0.0,5393.28,5427.21,79,180,0,0,9,3,3,426069.22
2024-09-27,HEAD001,Headphones Z,Headphones,5000,5103.22,0.0,5103.22,5735.45,99,81,0,0,9,4,3,505218.69
2024-09-28,HEAD001,Headphones Z,Headphones,5000,5699.89,0.05,5414.89,4904.43,72,284,0,1,9,5,3,389872.21
2024-09-29,HEAD001,Headphones Z,Headphones,5000,4834.15,0.15,4109.03,5903.4,231,53,0,1,9,6,3,949185.75
2024-09-30,HEAD001,Headphones Z,Headphones,5000,5552.15,0.05,5274.54,5762.5,50,225,0,0,9,0,3,263726.99
2024-10-01,HEAD001,Headphones Z,Headphones,5000,4374.89,0.15,3718.65,5449.12,212,397,0,0,10,1,4,788354.54
2024-10-02,HEAD001,Headphones Z,Headphones,5000,5424.39,0.0,5424.39,4885.31,126,271,1,0,10,2,4,683472.56
2024-10-03,HEAD001,Headphones Z,Headphones,5000,5416.86,0.0,5416.86,4764.73,95,176,0,0,10,3,4,514602.09
2024-10-04,HEAD001,Headphones Z,Headphones,5000,4814.29,0.1,4332.86,4734.68,177,240,0,0,10,4,4,766915.71
2024-10-05,HEAD001,Headphones Z,Headphones,5000,5463.2,0.05,5190.04,4723.54,135,105,0,1,10,5,4,700655.29
2024-10-06,HEAD001,Headphones Z,Headphones,5000,5256.09,0.15,4467.68,4538.88,97,321,0,1,10,6,4,433364.7
2024-10-07,HEAD001,Headphones Z,Headphones,5000,5650.12,0.05,5367.61,5447.07,119,202,0,0,10,0,4,638746.03
2024-10-08,HEAD001,Headphones Z,Headphones,5000,5221.58,0.15,4438.34,4058.6,190,251,0,0,10,1,4,843285.18
2024-10-09,HEAD001,Headphones Z,Headphones,5000,5014.26,0.2,4011.41,5091.5,240,273,0,0,10,2,4,962738.56
2024-10-10,HEAD001,Headphones Z,Headphones,5000,4372.21,0.0,4372.21,4386.68,173,100,0,0,10,3,4,756392.48
2024-10-11,HEAD001,Headphones Z,Headphones,5000,4863.05,0.0,4863.05,4933.37,86,365,0,0,10,4,4,418222.24
2024-10-12,HEAD001,Headphones Z,Headphones,5000,4306.35,0.0,4306.35,5434.36,201,164,0,1,10,5,4,865576.22
2024-10-13,HEAD001,Headphones Z,Headphones,5000,5013.06,0.2,4010.45,4486.25,176,222,0,1,10,6,4,705838.7
2024-10-14,HEAD001,Headphones Z,Headphones,5000,4502.35,0.15,3827.0,4379.87,219,346,0,0,10,0,4,838113.36
2024-10-15,HEAD001,Headphones Z,Headphones,5000,4679.42,0.0,4679.42,4494.93,138,208,0,0,10,1,4,645759.93
2024-10-16,HEAD001,Headphones Z,Headphones,5000,5226.46,0.1,4703.81,5649.03,169,389,0,0,10,2,4,794944.2
2024-10-17,HEAD001,Headphones Z,Headphones,5000,4359.63,0.15,3705.68,4547.33,334,55,0,0,10,3,4,1237698.29
2024-10-18,HEAD001,Headphones Z,Headphones,5000,5144.39,0.2,4115.51,5419.47,46,209,0,0,10,4,4,189313.47
2024-10-19,HEAD001,Headphones Z,Headphones,5000,5027.31,0.0,5027.31,4075.06,123,86,0,1,10,5,4,618358.96
2024-10-20,HEAD001,Headphones Z,Headphones,5000,5631.16,0.05,5349.6,5936.84,87,245,0,1,10,6,4,465415.07
2024-10-21,HEAD001,Headphones Z,Headphones,5000,4937.31,0.0,4937.31,5890.03,139,106,0,0,10,0,4,686285.7
2024-10-22,HEAD001,Headphones Z,Headphones,5000,4347.35,0.2,3477.88,4931.45,97,301,0,0,10,1,4,337354.28
2024-10-23,HEAD001,Headphones Z,Headphones,5000,4954.71,0.2,3963.77,4910.93,286,326,0,0,10,2,4,1133636.84
2024-10-24,HEAD001,Headphones Z,Headphones,5000,4785.16,0.0,4785.16,4328.54,123,203,0,0,10,3,4,588574.16
2024-10-25,HEAD001,Headphones Z,Headphones,5000,5495.3,0.15,4671.01,5328.02,178,274,0,0,10,4,4,831439.54
2024-10-26,HEAD001,Headphones Z,Headphones,5000,5653.28,0.0,5653.28,5824.42,102,172,0,1,10,5,4,576635.02
2024-10-27,HEAD001,Headphones Z,Headphones,5000,4309.13,0.0,4309.13,5482.62,188,276,0,1,10,6,4,810115.76
2024-10-28,HEAD001,Headphones Z,Headphones,5000,5701.8,0.1,5131.62,5779.67,149,127,0,0,10,0,4,764610.96
2024-10-29,HEAD001,Headphones Z,Headphones,5000,5045.08,0.1,4540.57,4055.68,117,227,0,0,10,1,4,531246.77
2024-10-30,HEAD001,Headphones Z,Headphones,5000,4939.42,0.0,4939.42,5257.01,128,99,0,0,10,2,4,632246.03
2024-10-31,HEAD001,Headphones Z,Headphones,5000,5363.95,0.0,5363.95,4559.53,98,316,0,0,10,3,4,525667.49
2024-11-01,HEAD001,Headphones Z,Headphones,5000,4382.21,0.15,3724.88,4827.33,339,339,1,0,11,4,4,1262734.78
2024-11-02,HEAD001,Headphones Z,Headphones,5000,5290.1,0.1,4761.09,5981.29,232,107,0,1,11,5,4,1104573.15
2024-11-03,HEAD001,Headphones Z,Headphones,5000,4997.28,0.05,4747.42,4659.06,105,234,0,1,11,6,4,498479.07
2024-11-04,HEAD001,Headphones Z,Headphones,5000,5535.43,0.2,4428.34,5368.42,260,329,0,0,11,0,4,1151368.44
2024-11-05,HEAD001,Headphones Z,Headphones,5000,4555.27,0.05,4327.5,5746.72,208,121,0,0,11,1,4,900120.69
2024-11-06,HEAD001,Headphones Z,Headphones,5000,5582.9,0.0,5582.9,4658.15,104,249,0,0,11,2,4,580621.49
2024-11-07,HEAD001,Headphones Z,Headphones,5000,5018.13,0.2,4014.51,5881.38,215,228,0,0,11,3,4,863118.85
2024-11-08,HEAD001,Headphones Z,Headphones,5000,4778.35,0.0,4778.35,5713.14,170,58,0,0,11,4,4,812318.9
2024-11-09,HEAD001,Headphones Z,Headphones,5000,4548.74,0.0,4548.74,4849.59,56,387,0,1,11,5,4,254729.18
2024-11-10,HEAD001,Headphones Z,Headphones,5000,5623.12,0.05,5341.97,5523.87,171,216,0,1,11,6,4,913476.54
2024-11-11,HEAD001,Headphones Z,Headphones,5000,5732.56,0.15,4872.67,4930.56,178,265,0,0,11,0,4,867335.7
2024-11-12,HEAD001,Headphones Z,Headphones,5000,4643.41,0.15,3946.9,4872.14,237,247,0,0,11,1,4,935415.24
2024-11-13,HEAD001,Headphones Z,Headphones,5000,5671.35,0.0,5671.35,5533.7,109,138,0,0,11,2,4,618176.9
2024-11-14,HEAD001,Headphones Z,Headphones,5000,5136.21,0.15,4365.78,5442.9,156,286,0,0,11,3,4,681061.02
2024-11-15,HEAD001,Headphones Z,Headphones,5000,5572.45,0.2,4457.96,5030.38,295,275,0,0,11,4,4,1315098.91
2024-11-16,HEAD001,Headphones Z,Headphones,5000,5093.22,0.1,4583.9,5105.41,225,50,0,1,11,5,4,1031376.47
2024-11-17,HEAD001,Headphones Z,Headphones,5000,4439.21,0.15,3773.33,5059.07,46,393,0,1,11,6,4,173572.97
2024-11-18,HEAD001,Headphones Z,Headphones,5000,4281.56,0.0,4281.56,5445.68,188,205,0,0,11,0,4,804932.41
2024-11-19,HEAD001,Headphones Z,Headphones,5000,5142.92,0.0,5142.92,5078.39,161,356,0,0,11,1,4,828009.36
2024-11-20,HEAD001,Headphones Z,Headphones,5000,4976.32,0.2,3981.06,4127.2,327,363,0,0,11,2,4,1301805.24
2024-11-21,HEAD001,Headphones Z,Headphones,5000,5511.64,0.05,5236.06,5993.7,158,205,0,0,11,3,4,827297.8
2024-11-22,HEAD001,Headphones Z,Headphones,5000,4730.45,0.2,3784.36,5813.31,186,309,0,0,11,4,4,703890.68
2024-11-23,HEAD001,Headphones Z,Headphones,5000,5173.14,0.1,4655.83,4811.43,206,103,0,1,11,5,4,959100.78
2024-11-24,HEAD001,Headphones Z,Headphones,5000,4770.93,0.0,4770.93,4530.46,108,222,0,1,11,6,4,515260.73
2024-11-25,HEAD001,Headphones Z,Headphones,5000,5673.19,0.05,5389.53,4536.09,142,80,0,0,11,0,4,765312.76
2024-11-26,HEAD001,Headphones Z,Headphones,5000,4333.04,0.15,3683.08,5076.24,69,224,0,0,11,1,4,254132.78
2024-11-27,HEAD001,Headphones Z,Headphones,5000,5651.05,0.0,5651.05,5532.7,124,100,0,0,11,2,4,700730.14
2024-11-28,HEAD001,Headphones Z,Headphones,5000,5485.84,0.0,5485.84,5295.04,114,322,0,0,11,3,4,625386.28
2024-11-29,HEAD001,Headphones Z,Headphones,5000,5320.94,0.0,5320.94,5849.32,140,182,0,0,11,4,4,744931.17
2024-11-30,HEAD001,Headphones Z,Headphones,5000,4425.6,0.0,4425.6,5056.36,161,201,0,1,11,5,4,712521.06
2024-12-01,HEAD001,Headphones Z,Headphones,5000,5138.74,0.0,5138.74,4964.99,156,298,0,1,12,6,4,801643.47
2024-12-02,HEAD001,Headphones Z,Headphones,5000,4265.07,0.0,4265.07,4389.68,188,110,0,0,12,0,4,801833.25
2024-12-03,HEAD001,Headphones Z,Headphones,5000,5675.76,0.05,5391.97,4767.22,107,392,0,0,12,1,4,576940.53
2024-12-04,HEAD001,Headphones Z,Headphones,5000,5322.04,0.0,5322.04,5207.59,116,276,0,0,12,2,4,617357.12
2024-12-05,HEAD001,Headphones Z,Headphones,5000,4866.22,0.0,4866.22,4435.4,159,117,0,0,12,3,4,773729.71
2024-12-06,HEAD001,Headphones Z,Headphones,5000,4445.95,0.0,4445.95,4743.67,100,349,0,0,12,4,4,444595.16
2024-12-07,HEAD001,Headphones Z,Headphones,5000,4582.67,0.15,3895.27,5560.94,317,346,0,1,12,5,4,1234800.23
2024-12-08,HEAD001,Headphones Z,Headphones,5000,4370.1,0.0,4370.1,4948.91,185,161,0,1,12,6,4,808467.59
2024-12-09,HEAD001,Headphones Z,Headphones,5000,4377.15,0.0,4377.15,5615.25,174,367,0,0,12,0,4,761623.97
2024-12-10,HEAD001,Headphones Z,Headphones,5000,5622.71,0.0,5622.71,5709.03,120,247,0,0,12,1,4,674724.99
2024-12-11,HEAD001,Headphones Z,Headphones,5000,4328.5,0.15,3679.22,5565.7,272,260,0,0,12,2,4,1000749.03
2024-12-12,HEAD001,Headphones Z,Headphones,5000,5448.62,0.0,5448.62,5016.96,105,155,0,0,12,3,4,572105.44
2024-12-13,HEAD001,Headphones Z,Headphones,5000,5517.99,0.15,4690.3,5454.33,177,230,0,0,12,4,4,830182.34
2024-12-14,HEAD001,Headphones Z,Headphones,5000,4483.54,0.05,4259.36,4451.33,210,278,0,1,12,5,4,894466.01
2024-12-15,HEAD001,Headphones Z,Headphones,5000,5438.81,0.0,5438.81,4373.81,105,173,0,1,12,6,4,571075.01
2024-12-16,HEAD001,Headphones Z,Headphones,5000,5747.84,0.05,5460.45,4049.63,119,54,0,0,12,0,4,649793.45
2024-12-17,HEAD001,Headphones Z,Headphones,5000,4798.05,0.15,4078.34,5683.23,54,328,0,0,12,1,4,220230.51
2024-12-18,HEAD001,Headphones Z,Headphones,5000,5602.45,0.15,4762.08,5852.39,185,143,0,0,12,2,4,880984.77
2024-12-19,HEAD001,Headphones Z,Headphones,5000,4363.12,0.2,3490.49,4500.72,150,279,0,0,12,3,4,523574.19
2024-12-20,HEAD001,Headphones Z,Headphones,5000,5582.41,0.15,4745.05,4919.88,210,69,0,0,12,4,4,996459.88
2024-12-21,HEAD001,Headphones Z,Headphones,5000,4532.75,0.0,4532.75,5609.93,78,363,0,1,12,5,4,353554.48
2024-12-22,HEAD001,Headphones Z,Headphones,5000,4652.9,0.0,4652.9,4989.65,165,198,0,1,12,6,4,767728.24
2024-12-23,HEAD001,Headphones Z,Headphones,5000,5088.7,0.0,5088.7,5005.57,120,78,0,0,12,0,4,610644.6
2024-12-24,HEAD001,Headphones Z,Headphones,5000,4913.1,0.1,4421.79,4668.21,78,256,0,0,12,1,4,344899.57
2024-12-25,HEAD001,Headphones Z,Headphones,5000,5128.48,0.0,5128.48,4016.99,161,95,1,0,12,2,4,825685.52
2024-12-26,HEAD001,Headphones Z,Headphones,5000,5319.52,0.0,5319.52,4732.57,82,322,0,0,12,3,4,436200.76
2024-12-27,HEAD001,Headphones Z,Headphones,5000,5382.4,0.0,5382.4,5910.35,118,204,0,0,12,4,4,635123.06
2024-12-28,HEAD001,Headphones Z,Headphones,5000,4735.29,0.05,4498.52,4367.63,208,391,0,1,12,5,4,935692.7
2024-12-29,HEAD001,Headphones Z,Headphones,5000,4482.26,0.1,4034.04,4712.39,322,69,0,1,12,6,4,1298959.55
2024-12-30,HEAD001,Headphones Z,Headphones,5000,5090.17,0.0,5090.17,4772.93,67,306,0,0,12,0,4,341041.66
2023-01-01,WATCH001,SmartWatch S,SmartWatches,15000,15279.5,0.1,13751.55,12035.19,187,292,1,1,1,6,1,2571539.68
2023-01-02,WATCH001,SmartWatch S,SmartWatches,15000,16715.66,0.05,15879.88,12467.27,100,192,0,0,1,0,1,1587987.82
