data/sales_data.csv
Date,Product_ID,Product_Name,Category,Base_Price,Current_Price,Discount,Actual_Price,Competitor_Price,Units_Sold,Inventory,Holiday_Flag,Weekend_Flag,Month,Day_of_Week,Quarter,Revenue
2023-01-03,WATCH001,SmartWatch S,SmartWatches,15000,16890.17,0.2,13512.14,13624.1,179,337,0,0,1,1,1,2418672.59
2023-01-04,WATCH001,SmartWatch S,SmartWatches,15000,15310.15,0.2,12248.12,17290.25,287,50,0,0,1,2,1,3515209.6
2023-01-05,WATCH001,SmartWatch S,SmartWatches,15000,16078.03,0.15,13666.33,12519.72,52,255,0,0,1,3,1,710649.13
2023-01-06,WATCH001,SmartWatch S,SmartWatches,15000,14596.37,0.2,11677.09,14824.21,220,263,0,0,1,4,1,2568960.55
2023-01-07,WATCH001,SmartWatch S,SmartWatches,15000,13609.78,0.15,11568.31,16743.08,259,393,0,1,1,5,1,2996192.98
2023-01-08,WATCH001,SmartWatch S,SmartWatches,15000,14107.48,0.1,12696.73,14304.11,239,154,0,1,1,6,1,3034518.97
2023-01-09,WATCH001,SmartWatch S,SmartWatches,15000,16120.5,0.2,12896.4,13633.89,136,220,0,0,1,0,1,1753909.92
2023-01-10,WATCH001,SmartWatch S,SmartWatches,15000,13883.99,0.1,12495.59,17524.54,214,314,0,0,1,1,1,2674056.86
2023-01-11,WATCH001,SmartWatch S,SmartWatches,15000,15150.66,0.1,13635.59,15578.36,159,155,0,0,1,2,1,2168059.58
2023-01-12,WATCH001,SmartWatch S,SmartWatches,15000,16381.98,0.15,13924.68,15139.72,137,292,0,0,1,3,1,1907681.76
2023-01-13,WATCH001,SmartWatch S,SmartWatches,15000,13330.79,0.0,13330.79,15221.15,163,129,0,0,1,4,1,2172919.27
2023-01-14,WATCH001,SmartWatch S,SmartWatches,15000,14137.58,0.1,12723.83,17217.25,139,228,0,1,1,5,1,1768611.83
2023-01-15,WATCH001,SmartWatch S,SmartWatches,15000,13865.16,0.0,13865.16,12218.04,119,109,0,1,1,6,1,1649953.56
2023-01-16,WATCH001,SmartWatch S,SmartWatches,15000,16028.22,0.2,12822.58,13198.02,104,340,0,0,1,0,1,1333548.13
2023-01-17,WATCH001,SmartWatch S,SmartWatches,15000,15007.65,0.1,13506.88,16352.81,153,187,0,0,1,1,1,2066552.89
2023-01-18,WATCH001,SmartWatch S,SmartWatches,15000,14578.65,0.0,14578.65,14910.44,118,69,0,0,1,2,1,1720280.56
2023-01-19,WATCH001,SmartWatch S,SmartWatches,15000,16432.62,0.1,14789.36,13030.07,75,337,0,0,1,3,1,1109202.04
2023-01-20,WATCH001,SmartWatch S,SmartWatches,15000,15867.95,0.0,15867.95,15335.22,103,234,0,0,1,4,1,1634399.15
2023-01-21,WATCH001,SmartWatch S,SmartWatches,15000,14604.08,0.0,14604.08,12830.39,129,105,0,1,1,5,1,1883926.3
2023-01-22,WATCH001,SmartWatch S,SmartWatches,15000,15111.03,0.0,15111.03,15836.25,99,333,0,1,1,6,1,1495991.51
2023-01-23,WATCH001,SmartWatch S,SmartWatches,15000,16830.9,0.05,15989.35,15524.22,93,240,0,0,1,0,1,1487009.98
2023-01-24,WATCH001,SmartWatch S,SmartWatches,15000,14774.12,0.0,14774.12,16538.14,129,111,0,0,1,1,1,1905861.22
2023-01-25,WATCH001,SmartWatch S,SmartWatches,15000,14975.69,0.15,12729.33,17368.49,103,252,0,0,1,2,1,1311121.37
2023-01-26,WATCH001,SmartWatch S,SmartWatches,15000,14597.69,0.15,12408.04,17391.58,281,349,1,0,1,3,1,3486659.24
2023-01-27,WATCH001,SmartWatch S,SmartWatches,15000,15835.71,0.05,15043.92,17153.88,112,237,0,0,1,4,1,1684919.27
2023-01-28,WATCH001,SmartWatch S,SmartWatches,15000,16642.48,0.0,16642.48,13923.72,85,152,0,1,1,5,1,1414610.58
2023-01-29,WATCH001,SmartWatch S,SmartWatches,15000,13827.16,0.1,12444.45,14507.81,140,314,0,1,1,6,1,1742222.7
2023-01-30,WATCH001,SmartWatch S,SmartWatches,15000,14192.55,0.2,11354.04,12809.87,252,62,0,0,1,0,1,2861218.91
2023-01-31,WATCH001,SmartWatch S,SmartWatches,15000,15325.28,0.0,15325.28,14651.12,59,316,0,0,1,1,1,904191.35
2023-02-01,WATCH001,SmartWatch S,SmartWatches,15000,16109.03,0.0,16109.03,17361.06,98,218,0,0,2,2,1,1578685.39
2023-02-02,WATCH001,SmartWatch S,SmartWatches,15000,14244.0,0.1,12819.6,16466.65,158,60,0,0,2,3,1,2025497.25
2023-02-03,WATCH001,SmartWatch S,SmartWatches,15000,13336.43,0.05,12669.61,14073.76,65,316,0,0,2,4,1,823524.61
2023-02-04,WATCH001,SmartWatch S,SmartWatches,15000,13858.57,0.1,12472.71,12379.52,170,146,0,1,2,5,1,2120360.77
2023-02-05,WATCH001,SmartWatch S,SmartWatches,15000,16614.35,0.0,16614.35,15802.7,86,60,0,1,2,6,1,1428834.3
2023-02-06,WATCH001,SmartWatch S,SmartWatches,15000,15248.83,0.1,13723.95,15165.48,62,318,0,0,2,0,1,850884.78
2023-02-07,WATCH001,SmartWatch S,SmartWatches,15000,13799.34,0.15,11729.44,17186.42,221,97,0,0,2,1,1,2592206.77
2023-02-08,WATCH001,SmartWatch S,SmartWatches,15000,15873.59,0.2,12698.87,12096.75,93,278,0,0,2,2,1,1180995.28
2023-02-09,WATCH001,SmartWatch S,SmartWatches,15000,14332.69,0.15,12182.79,15260.91,181,97,0,0,2,3,1,2205085.0
2023-02-10,WATCH001,SmartWatch S,SmartWatches,15000,16305.59,0.0,16305.59,13306.68,80,301,0,0,2,4,1,1304447.29
2023-02-11,WATCH001,SmartWatch S,SmartWatches,15000,16364.45,0.0,16364.45,15371.26,102,199,0,1,2,5,1,1669174.36
2023-02-12,WATCH001,SmartWatch S,SmartWatches,15000,15728.37,0.2,12582.7,14133.18,217,200,0,1,2,6,1,2730445.28
2023-02-13,WATCH001,SmartWatch S,SmartWatches,15000,14076.16,0.15,11964.73,15427.28,214,255,0,0,2,0,1,2560452.81
2023-02-14,WATCH001,SmartWatch S,SmartWatches,15000,14455.3,0.1,13009.77,13816.61,157,98,0,0,2,1,1,2042534.12
2023-02-15,WATCH001,SmartWatch S,SmartWatches,15000,16430.84,0.0,16430.84,17579.53,88,211,0,0,2,2,1,1445913.54
2023-02-16,WATCH001,SmartWatch S,SmartWatches,15000,15726.6,0.05,14940.27,17419.64,104,107,0,0,2,3,1,1553787.87
2023-02-17,WATCH001,SmartWatch S,SmartWatches,15000,13794.35,0.0,13794.35,16253.4,117,379,0,0,2,4,1,1613939.37
2023-02-18,WATCH001,SmartWatch S,SmartWatches,15000,16606.63,0.0,16606.63,14490.64,77,302,0,1,2,5,1,1278710.56
2023-02-19,WATCH001,SmartWatch S,SmartWatches,15000,14720.02,0.1,13248.01,13384.41,162,140,0,1,2,6,1,2146178.43
2023-02-20,WATCH001,SmartWatch S,SmartWatches,15000,16225.2,0.0,16225.2,12453.16,80,60,0,0,2,0,1,1298016.32
2023-02-21,WATCH001,SmartWatch S,SmartWatches,15000,14674.51,0.0,14674.51,15576.38,52,320,0,0,2,1,1,763074.57
2023-02-22,WATCH001,SmartWatch S,SmartWatches,15000,14268.12,0.0,14268.12,12538.21,115,205,0,0,2,2,1,1640833.32
2023-02-23,WATCH001,SmartWatch S,SmartWatches,15000,16382.68,0.0,16382.68,14757.8,73,132,0,0,2,3,1,1195935.45
2023-02-24,WATCH001,SmartWatch S,SmartWatches,15000,16950.55,0.05,16103.02,14067.58,80,52,0,0,2,4,1,1288241.65
2023-02-25,WATCH001,SmartWatch S,SmartWatches,15000,15284.24,0.0,15284.24,17662.64,44,396,0,1,2,5,1,672506.55
2023-02-26,WATCH001,SmartWatch S,SmartWatches,15000,13821.56,0.0,13821.56,17630.69,133,263,0,1,2,6,1,1838267.72
2023-02-27,WATCH001,SmartWatch S,SmartWatches,15000,13259.6,0.2,10607.68,15421.12,291,364,0,0,2,0,1,3086833.84
2023-02-28,WATCH001,SmartWatch S,SmartWatches,15000,14896.99,0.15,12662.45,17967.39,213,151,0,0,2,1,1,2697100.8
2023-03-01,WATCH001,SmartWatch S,SmartWatches,15000,13083.34,0.15,11120.84,17956.99,146,307,0,0,3,2,1,1623642.13
2023-03-02,WATCH001,SmartWatch S,SmartWatches,15000,14043.31,0.0,14043.31,15347.28,110,197,0,0,3,3,1,1544764.25
2023-03-03,WATCH001,SmartWatch S,SmartWatches,15000,13139.06,0.05,12482.11,12008.57,147,50,0,0,3,4,1,1834869.56
2023-03-04,WATCH001,SmartWatch S,SmartWatches,15000,16515.89,0.05,15690.09,15433.89,57,296,0,1,3,5,1,894335.19
2023-03-05,WATCH001,SmartWatch S,SmartWatches,15000,14040.81,0.05,13338.77,13682.73,142,154,0,1,3,6,1,1894105.26
2023-03-06,WATCH001,SmartWatch S,SmartWatches,15000,13488.29,0.0,13488.29,13711.12,132,374,0,0,3,0,1,1780453.77
2023-03-07,WATCH001,SmartWatch S,SmartWatches,15000,16825.91,0.15,14302.02,17850.52,143,231,0,0,3,1,1,2045188.82
2023-03-08,WATCH001,SmartWatch S,SmartWatches,15000,16715.84,0.2,13372.67,13969.53,155,76,0,0,3,2,1,2072764.03
2023-03-09,WATCH001,SmartWatch S,SmartWatches,15000,16665.11,0.1,14998.6,15816.63,68,234,0,0,3,3,1,1019904.86
2023-03-10,WATCH001,SmartWatch S,SmartWatches,15000,14684.24,0.15,12481.6,13723.55,202,289,0,0,3,4,1,2521284.12
2023-03-11,WATCH001,SmartWatch S,SmartWatches,15000,14790.37,0.0,14790.37,17935.68,111,178,0,1,3,5,1,1641731.41
2023-03-12,WATCH001,SmartWatch S,SmartWatches,15000,14347.57,0.0,14347.57,14891.4,126,52,0,1,3,6,1,1807793.66
2023-03-13,WATCH001,SmartWatch S,SmartWatches,15000,14171.71,0.1,12754.54,16375.44,57,300,0,0,3,0,1,727008.78
2023-03-14,WATCH001,SmartWatch S,SmartWatches,15000,16974.24,0.1,15276.81,16830.56,134,166,0,0,3,1,1,2047092.97
2023-03-15,WATCH001,SmartWatch S,SmartWatches,15000,15227.45,0.0,15227.45,16955.33,96,70,0,0,3,2,1,1461835.57
2023-03-16,WATCH001,SmartWatch S,SmartWatches,15000,14543.15,0.15,12361.68,13901.48,69,257,0,0,3,3,1,852956.01
2023-03-17,WATCH001,SmartWatch S,SmartWatches,15000,14035.11,0.2,11228.09,17769.67,242,200,0,0,3,4,1,2717196.96
2023-03-18,WATCH001,SmartWatch S,SmartWatches,15000,13191.2,0.2,10552.96,15160.9,173,205,0,1,3,5,1,1825662.14
2023-03-19,WATCH001,SmartWatch S,SmartWatches,15000,13247.44,0.0,13247.44,13316.34,142,63,0,1,3,6,1,1881137.08
2023-03-20,WATCH001,SmartWatch S,SmartWatches,15000,14699.63,0.05,13964.65,16798.15,67,372,0,0,3,0,1,935631.4
2023-03-21,WATCH001,SmartWatch S,SmartWatches,15000,14668.43,0.15,12468.17,14002.23,180,192,0,0,3,1,1,2244270.15
2023-03-22,WATCH001,SmartWatch S,SmartWatches,15000,16232.98,0.1,14609.68,12312.43,97,95,0,0,3,2,1,1417138.97
2023-03-23,WATCH001,SmartWatch S,SmartWatches,15000,16329.95,0.05,15513.45,14862.88,84,336,0,0,3,3,1,1303129.99
2023-03-24,WATCH001,SmartWatch S,SmartWatches,15000,13810.05,0.05,13119.54,17595.02,174,162,0,0,3,4,1,2282800.72
2023-03-25,WATCH001,SmartWatch S,SmartWatches,15000,15944.03,0.2,12755.23,14893.35,162,258,0,1,3,5,1,2066346.64
2023-03-26,WATCH001,SmartWatch S,SmartWatches,15000,17138.6,0.0,17138.6,17794.62,84,174,0,1,3,6,1,1439642.43
2023-03-27,WATCH001,SmartWatch S,SmartWatches,15000,16399.97,0.05,15579.97,13183.46,85,89,0,0,3,0,1,1324297.62
2023-03-28,WATCH001,SmartWatch S,SmartWatches,15000,15792.42,0.0,15792.42,14430.01,98,239,0,0,3,1,1,1547657.03
2023-03-29,WATCH001,SmartWatch S,SmartWatches,15000,13150.54,0.0,13150.54,15069.15,151,88,0,0,3,2,1,1985732.11
2023-03-30,WATCH001,SmartWatch S,SmartWatches,15000,16818.51,0.0,16818.51,12939.18,66,385,0,0,3,3,1,1110021.76
2023-03-31,WATCH001,SmartWatch S,SmartWatches,15000,15536.05,0.2,12428.84,12956.37,228,157,0,0,3,4,1,2833774.85
2023-04-01,WATCH001,SmartWatch S,SmartWatches,15000,16866.37,0.0,16866.37,13001.7,70,87,0,1,4,5,2,1180646.04
2023-04-02,WATCH001,SmartWatch S,SmartWatches,15000,13134.34,0.0,13134.34,17456.66,79,369,0,1,4,6,2,1037612.72
2023-04-03,WATCH001,SmartWatch S,SmartWatches,15000,14623.28,0.05,13892.12,14693.11,133,236,0,0,4,0,2,1847651.7
2023-04-04,WATCH001,SmartWatch S,SmartWatches,15000,13072.81,0.1,11765.53,13360.55,222,396,0,0,4,1,2,2611947.25
2023-04-05,WATCH001,SmartWatch S,SmartWatches,15000,16837.85,0.0,16837.85,16687.74,69,327,0,0,4,2,2,1161811.34
2023-04-06,WATCH001,SmartWatch S,SmartWatches,15000,14221.53,0.0,14221.53,15767.75,107,220,0,0,4,3,2,1521703.76
2023-04-07,WATCH001,SmartWatch S,SmartWatches,15000,16843.14,0.0,16843.14,15803.34,68,152,0,0,4,4,2,1145333.53
2023-04-08,WATCH001,SmartWatch S,SmartWatches,15000,16840.53,0.0,16840.53,17746.6,83,69,0,1,4,5,2,1397763.59
2023-04-09,WATCH001,SmartWatch S,SmartWatches,15000,15145.62,0.0,15145.62,13820.19,66,352,0,1,4,6,2,999610.99
2023-04-10,WATCH001,SmartWatch S,SmartWatches,15000,13558.43,0.0,13558.43,15468.43,144,208,0,0,4,0,2,1952413.99
2023-04-11,WATCH001,SmartWatch S,SmartWatches,15000,15013.83,0.05,14263.14,12497.49,115,93,0,0,4,1,2,1640260.57
2023-04-12,WATCH001,SmartWatch S,SmartWatches,15000,14281.0,0.1,12852.9,17135.55,91,372,0,0,4,2,2,1169614.18
2023-04-13,WATCH001,SmartWatch S,SmartWatches,15000,13617.78,0.15,11575.11,13146.63,237,135,0,0,4,3,2,2743301.43
2023-04-14,WATCH001,SmartWatch S,SmartWatches,15000,13945.14,0.2,11156.12,16603.4,123,212,0,0,4,4,2,1372202.19
2023-04-15,WATCH001,SmartWatch S,SmartWatches,15000,14197.59,0.0,14197.59,14792.92,146,66,0,1,4,5,2,2072847.94
2023-04-16,WATCH001,SmartWatch S,SmartWatches,15000,16942.79,0.15,14401.37,13241.23,63,211,0,1,4,6,2,907286.48
2023-04-17,WATCH001,SmartWatch S,SmartWatches,15000,13422.3,0.05,12751.18,15059.91,156,55,0,0,4,0,2,1989184.45
2023-04-18,WATCH001,SmartWatch S,SmartWatches,15000,16803.42,0.05,15963.25,17580.03,53,259,0,0,4,1,2,846052.23
2023-04-19,WATCH001,SmartWatch S,SmartWatches,15000,14962.82,0.1,13466.54,17377.42,177,82,0,0,4,2,2,2383577.34
2023-04-20,WATCH001,SmartWatch S,SmartWatches,15000,12766.45,0.0,12766.45,13920.36,80,393,0,0,4,3,2,1021316.27
2023-04-21,WATCH001,SmartWatch S,SmartWatches,15000,13783.72,0.2,11026.98,13197.43,227,166,0,0,4,4,2,2503124.15
2023-04-22,WATCH001,SmartWatch S,SmartWatches,15000,15645.16,0.2,12516.13,13575.06,143,214,0,1,4,5,2,1789806.73
2023-04-23,WATCH001,SmartWatch S,SmartWatches,15000,13789.41,0.0,13789.41,16811.48,161,53,0,1,4,6,2,2220094.51
2023-04-24,WATCH001,SmartWatch S,SmartWatches,15000,14923.8,0.1,13431.42,14496.42,60,274,0,0,4,0,2,805885.1
2023-04-25,WATCH001,SmartWatch S,SmartWatches,15000,13652.54,0.0,13652.54,13292.16,109,165,0,0,4,1,2,1488126.97
2023-04-26,WATCH001,SmartWatch S,SmartWatches,15000,13527.41,0.2,10821.93,14276.19,185,387,0,0,4,2,2,2002056.37
2023-04-27,WATCH001,SmartWatch S,SmartWatches,15000,15519.07,0.1,13967.16,14471.68,156,231,0,0,4,3,2,2178876.77
2023-04-28,WATCH001,SmartWatch S,SmartWatches,15000,12968.09,0.0,12968.09,13261.66,133,98,0,0,4,4,2,1724755.84
2023-04-29,WATCH001,SmartWatch S,SmartWatches,15000,15519.99,0.1,13967.99,12237.35,95,353,0,1,4,5,2,1326958.87
2023-04-30,WATCH001,SmartWatch S,SmartWatches,15000,15671.19,0.2,12536.95,16188.42,257,96,0,1,4,6,2,3221997.25
2023-05-01,WATCH001,SmartWatch S,SmartWatches,15000,14192.53,0.15,12063.65,12561.12,93,282,0,0,5,0,2,1121919.85
2023-05-02,WATCH001,SmartWatch S,SmartWatches,15000,13329.39,0.0,13329.39,17685.74,137,145,0,0,5,1,2,1826127.11
2023-05-03,WATCH001,SmartWatch S,SmartWatches,15000,14177.67,0.0,14177.67,16597.82,118,236,0,0,5,2,2,1672964.62
2023-05-04,WATCH001,SmartWatch S,SmartWatches,15000,14145.15,0.15,12023.38,16871.81,245,333,0,0,5,3,2,2945728.13
2023-05-05,WATCH001,SmartWatch S,SmartWatches,15000,15778.54,0.0,15778.54,12281.79,79,254,0,0,5,4,2,1246504.4
2023-05-06,WATCH001,SmartWatch S,SmartWatches,15000,16184.83,0.05,15375.59,12819.02,100,154,0,1,5,5,2,1537558.57
2023-05-07,WATCH001,SmartWatch S,SmartWatches,15000,16721.23,0.0,16721.23,12120.73,82,72,0,1,5,6,2,1371140.69
2023-05-08,WATCH001,SmartWatch S,SmartWatches,15000,14881.98,0.0,14881.98,14680.63,61,215,0,0,5,0,2,907800.77
2023-05-09,WATCH001,SmartWatch S,SmartWatches,15000,16437.29,0.1,14793.56,14158.95,121,94,0,0,5,1,2,1790021.1
2023-05-10,WATCH001,SmartWatch S,SmartWatches,15000,15797.85,0.1,14218.07,16215.78,106,388,0,0,5,2,2,1507115.18
2023-05-11,WATCH001,SmartWatch S,SmartWatches,15000,15141.03,0.0,15141.03,14398.32,108,280,0,0,5,3,2,1635231.22
2023-05-12,WATCH001,SmartWatch S,SmartWatches,15000,15639.5,0.15,13293.57,13788.9,146,134,0,0,5,4,2,1940861.46
2023-05-13,WATCH001,SmartWatch S,SmartWatches,15000,16541.5,0.15,14060.27,14173.09,140,309,0,1,5,5,2,1968437.94
2023-05-14,WATCH001,SmartWatch S,SmartWatches,15000,14868.67,0.1,13381.81,13193.58,173,136,0,1,5,6,2,2315052.52
2023-05-15,WATCH001,SmartWatch S,SmartWatches,15000,13023.07,0.05,12371.92,14480.05,137,212,0,0,5,0,2,1694953.06
2023-05-16,WATCH001,SmartWatch S,SmartWatches,15000,14712.21,0.0,14712.21,16492.03,119,93,0,0,5,1,2,1750753.15
2023-05-17,WATCH001,SmartWatch S,SmartWatches,15000,16220.59,0.15,13787.5,12232.88,84,371,0,0,5,2,2,1158150.4
2023-05-18,WATCH001,SmartWatch S,SmartWatches,15000,15164.73,0.05,14406.5,17608.93,142,229,0,0,5,3,2,2045722.59
2023-05-19,WATCH001,SmartWatch S,SmartWatches,15000,16541.41,0.2,13233.12,13819.25,175,54,0,0,5,4,2,2315796.74
2023-05-20,WATCH001,SmartWatch S,SmartWatches,15000,14868.18,0.1,13381.36,12944.23,46,281,0,1,5,5,2,615542.52
2023-05-21,WATCH001,SmartWatch S,SmartWatches,15000,17011.06,0.15,14459.4,13444.28,141,140,0,1,5,6,2,2038775.91
2023-05-22,WATCH001,SmartWatch S,SmartWatches,15000,13125.21,0.05,12468.95,17571.05,143,304,0,0,5,0,2,1783059.2
2023-05-23,WATCH001,SmartWatch S,SmartWatches,15000,15751.67,0.0,15751.67,17469.46,91,213,0,0,5,1,2,1433401.59
2023-05-24,WATCH001,SmartWatch S,SmartWatches,15000,15546.78,0.0,15546.78,12232.8,73,140,0,0,5,2,2,1134915.15
2023-05-25,WATCH001,SmartWatch S,SmartWatches,15000,16490.61,0.05,15666.08,16600.61,99,247,0,0,5,3,2,1550941.51
2023-05-26,WATCH001,SmartWatch S,SmartWatches,15000,14445.65,0.2,11556.52,15201.33,209,337,0,0,5,4,2,2415312.32
2023-05-27,WATCH001,SmartWatch S,SmartWatches,15000,13835.6,0.05,13143.82,13249.39,149,188,0,1,5,5,2,1958429.11
2023-05-28,WATCH001,SmartWatch S,SmartWatches,15000,16376.58,0.0,16376.58,13678.04,80,108,0,1,5,6,2,1310126.1
2023-05-29,WATCH001,SmartWatch S,SmartWatches,15000,15019.19,0.2,12015.35,17193.87,99,257,0,0,5,0,2,1189519.5
2023-05-30,WATCH001,SmartWatch S,SmartWatches,15000,13103.41,0.0,13103.41,14138.43,142,115,0,0,5,1,2,1860684.66
2023-05-31,WATCH001,SmartWatch S,SmartWatches,15000,15228.11,0.2,12182.49,16900.76,130,381,0,0,5,2,2,1583723.17
2023-06-01,WATCH001,SmartWatch S,SmartWatches,15000,16316.98,0.0,16316.98,15622.82,83,298,0,0,6,3,2,1354309.44
2023-06-02,WATCH001,SmartWatch S,SmartWatches,15000,12930.31,0.2,10344.25,17905.93,287,318,0,0,6,4,2,2968799.38
2023-06-03,WATCH001,SmartWatch S,SmartWatches,15000,13435.03,0.0,13435.03,16000.25,141,177,0,1,6,5,2,1894338.8
2023-06-04,WATCH001,SmartWatch S,SmartWatches,15000,15386.0,0.1,13847.4,15520.61,165,305,0,1,6,6,2,2284821.33
2023-06-05,WATCH001,SmartWatch S,SmartWatches,15000,16512.53,0.05,15686.91,13589.8,92,213,0,0,6,0,2,1443195.45
2023-06-06,WATCH001,SmartWatch S,SmartWatches,15000,15169.61,0.1,13652.65,15981.75,165,335,0,0,6,1,2,2252687.76
2023-06-07,WATCH001,SmartWatch S,SmartWatches,15000,14526.63,0.0,14526.63,15876.28,98,237,0,0,6,2,2,1423610.01
2023-06-08,WATCH001,SmartWatch S,SmartWatches,15000,16946.92,0.05,16099.57,14298.35,96,141,0,0,6,3,2,1545558.78
2023-06-09,WATCH001,SmartWatch S,SmartWatches,15000,12841.53,0.0,12841.53,13231.12,133,265,0,0,6,4,2,1707924.14
2023-06-10,WATCH001,SmartWatch S,SmartWatches,15000,16702.14,0.0,16702.14,15163.53,101,164,0,1,6,5,2,1686915.75
