data/sales_data.csv
Date,Product_ID,Product_Name,Category,Base_Price,Current_Price,Discount,Actual_Price,Competitor_Price,Units_Sold,Inventory,Holiday_Flag,Weekend_Flag,Month,Day_of_Week,Quarter,Revenue
2023-06-11,WATCH001,SmartWatch S,SmartWatches,15000,14927.09,0.0,14927.09,14942.69,102,62,0,1,6,6,2,1522562.78
2023-06-12,WATCH001,SmartWatch S,SmartWatches,15000,16361.95,0.15,13907.66,13481.79,69,220,0,0,6,0,2,959628.55
2023-06-13,WATCH001,SmartWatch S,SmartWatches,15000,16848.71,0.05,16006.27,17659.86,103,117,0,0,6,1,2,1648646.17
2023-06-14,WATCH001,SmartWatch S,SmartWatches,15000,15796.92,0.2,12637.54,16671.1,104,294,0,0,6,2,2,1314303.91
2023-06-15,WATCH001,SmartWatch S,SmartWatches,15000,15454.31,0.0,15454.31,12205.79,82,212,0,0,6,3,2,1267253.2
2023-06-16,WATCH001,SmartWatch S,SmartWatches,15000,13446.79,0.1,12102.11,13097.54,175,385,0,0,6,4,2,2117869.75
2023-06-17,WATCH001,SmartWatch S,SmartWatches,15000,14695.97,0.2,11756.77,15739.03,245,140,0,1,6,5,2,2880409.58
2023-06-18,WATCH001,SmartWatch S,SmartWatches,15000,15016.61,0.0,15016.61,13095.75,108,213,0,1,6,6,2,1621794.2
2023-06-19,WATCH001,SmartWatch S,SmartWatches,15000,15618.32,0.0,15618.32,15340.26,98,115,0,0,6,0,2,1530595.43
2023-06-20,WATCH001,SmartWatch S,SmartWatches,15000,14260.24,0.05,13547.23,16590.64,112,372,0,0,6,1,2,1517289.71
2023-06-21,WATCH001,SmartWatch S,SmartWatches,15000,14928.83,0.1,13435.95,15888.61,134,238,0,0,6,2,2,1800416.93
2023-06-22,WATCH001,SmartWatch S,SmartWatches,15000,15692.97,0.1,14123.68,15711.51,132,106,0,0,6,3,2,1864325.31
2023-06-23,WATCH001,SmartWatch S,SmartWatches,15000,13136.07,0.0,13136.07,12545.61,119,218,0,0,6,4,2,1563192.84
2023-06-24,WATCH001,SmartWatch S,SmartWatches,15000,15851.76,0.0,15851.76,12762.62,87,131,0,1,6,5,2,1379102.85
2023-06-25,WATCH001,SmartWatch S,SmartWatches,15000,15416.17,0.2,12332.94,17013.43,113,394,0,1,6,6,2,1393622.08
2023-06-26,WATCH001,SmartWatch S,SmartWatches,15000,13814.85,0.1,12433.36,17338.49,163,231,0,0,6,0,2,2026638.36
2023-06-27,WATCH001,SmartWatch S,SmartWatches,15000,13656.3,0.15,11607.85,17754.15,238,371,0,0,6,1,2,2762668.67
2023-06-28,WATCH001,SmartWatch S,SmartWatches,15000,13927.52,0.1,12534.77,12401.95,141,230,0,0,6,2,2,1767402.43
2023-06-29,WATCH001,SmartWatch S,SmartWatches,15000,13851.35,0.0,13851.35,17288.91,123,107,0,0,6,3,2,1703716.4
2023-06-30,WATCH001,SmartWatch S,SmartWatches,15000,15991.5,0.05,15191.93,17509.71,104,253,0,0,6,4,2,1579960.22
2023-07-01,WATCH001,SmartWatch S,SmartWatches,15000,13610.75,0.2,10888.6,15102.71,283,285,0,1,7,5,3,3081473.39
2023-07-02,WATCH001,SmartWatch S,SmartWatches,15000,16369.68,0.0,16369.68,12394.98,87,198,0,1,7,6,3,1424162.58
2023-07-03,WATCH001,SmartWatch S,SmartWatches,15000,15323.54,0.0,15323.54,17444.78,90,108,0,0,7,0,3,1379118.5
2023-07-04,WATCH001,SmartWatch S,SmartWatches,15000,15153.16,0.0,15153.16,17276.78,101,248,0,0,7,1,3,1530469.41
2023-07-05,WATCH001,SmartWatch S,SmartWatches,15000,14918.98,0.15,12681.13,12422.76,162,86,0,0,7,2,3,2054343.15
2023-07-06,WATCH001,SmartWatch S,SmartWatches,15000,14210.28,0.0,14210.28,17670.73,80,391,0,0,7,3,3,1136822.39
2023-07-07,WATCH001,SmartWatch S,SmartWatches,15000,14823.91,0.2,11859.13,16027.83,217,174,0,0,7,4,3,2573430.66
2023-07-08,WATCH001,SmartWatch S,SmartWatches,15000,14938.99,0.05,14192.04,16431.23,165,262,0,1,7,5,3,2341686.8
2023-07-09,WATCH001,SmartWatch S,SmartWatches,15000,15568.17,0.15,13232.94,16014.32,180,82,0,1,7,6,3,2381929.51
2023-07-10,WATCH001,SmartWatch S,SmartWatches,15000,17005.99,0.1,15305.39,12795.44,88,380,0,0,7,0,3,1346874.74
2023-07-11,WATCH001,SmartWatch S,SmartWatches,15000,13941.67,0.0,13941.67,17601.56,134,246,0,0,7,1,3,1868184.24
2023-07-12,WATCH001,SmartWatch S,SmartWatches,15000,16142.16,0.05,15335.05,13314.36,96,150,0,0,7,2,3,1472165.15
2023-07-13,WATCH001,SmartWatch S,SmartWatches,15000,15530.16,0.0,15530.16,16619.84,85,65,0,0,7,3,3,1320063.55
2023-07-14,WATCH001,SmartWatch S,SmartWatches,15000,17080.64,0.1,15372.58,17341.32,60,282,0,0,7,4,3,922354.77
2023-07-15,WATCH001,SmartWatch S,SmartWatches,15000,16452.42,0.2,13161.94,15109.94,214,68,0,1,7,5,3,2816654.49
2023-07-16,WATCH001,SmartWatch S,SmartWatches,15000,14164.95,0.0,14164.95,15485.81,72,297,0,1,7,6,3,1019876.65
2023-07-17,WATCH001,SmartWatch S,SmartWatches,15000,14599.2,0.05,13869.24,15775.32,142,155,0,0,7,0,3,1969431.82
2023-07-18,WATCH001,SmartWatch S,SmartWatches,15000,15950.05,0.1,14355.04,12311.8,131,366,0,0,7,1,3,1880510.68
2023-07-19,WATCH001,SmartWatch S,SmartWatches,15000,14812.14,0.0,14812.14,13574.5,90,276,0,0,7,2,3,1333092.59
2023-07-20,WATCH001,SmartWatch S,SmartWatches,15000,14923.56,0.0,14923.56,17320.99,103,173,0,0,7,3,3,1537127.04
2023-07-21,WATCH001,SmartWatch S,SmartWatches,15000,16123.77,0.0,16123.77,12580.91,74,99,0,0,7,4,3,1193158.67
2023-07-22,WATCH001,SmartWatch S,SmartWatches,15000,17212.59,0.0,17212.59,16622.63,80,331,0,1,7,5,3,1377007.01
2023-07-23,WATCH001,SmartWatch S,SmartWatches,15000,15006.49,0.05,14256.16,13401.75,130,201,0,1,7,6,3,1853301.1
2023-07-24,WATCH001,SmartWatch S,SmartWatches,15000,16260.38,0.05,15447.36,16627.35,99,102,0,0,7,0,3,1529288.56
2023-07-25,WATCH001,SmartWatch S,SmartWatches,15000,16900.0,0.0,16900.0,15555.41,74,384,0,0,7,1,3,1250600.36
2023-07-26,WATCH001,SmartWatch S,SmartWatches,15000,15008.71,0.05,14258.27,15630.43,128,256,0,0,7,2,3,1825059.15
2023-07-27,WATCH001,SmartWatch S,SmartWatches,15000,14938.82,0.2,11951.06,15029.6,209,281,0,0,7,3,3,2497771.15
2023-07-28,WATCH001,SmartWatch S,SmartWatches,15000,16407.3,0.0,16407.3,15250.56,72,209,0,0,7,4,3,1181325.46
2023-07-29,WATCH001,SmartWatch S,SmartWatches,15000,16197.71,0.0,16197.71,17594.66,118,91,0,1,7,5,3,1911329.42
2023-07-30,WATCH001,SmartWatch S,SmartWatches,15000,14410.58,0.0,14410.58,12813.1,91,305,0,1,7,6,3,1311362.76
2023-07-31,WATCH001,SmartWatch S,SmartWatches,15000,13256.74,0.0,13256.74,17603.92,127,178,0,0,7,0,3,1683606.17
2023-08-01,WATCH001,SmartWatch S,SmartWatches,15000,13887.45,0.1,12498.7,14439.82,171,256,0,0,8,1,3,2137278.0
2023-08-02,WATCH001,SmartWatch S,SmartWatches,15000,16325.98,0.15,13877.09,14737.9,138,118,0,0,8,2,3,1915037.81
2023-08-03,WATCH001,SmartWatch S,SmartWatches,15000,13952.44,0.0,13952.44,15054.68,105,204,0,0,8,3,3,1465006.68
2023-08-04,WATCH001,SmartWatch S,SmartWatches,15000,15502.45,0.0,15502.45,15394.48,99,105,0,0,8,4,3,1534742.6
2023-08-05,WATCH001,SmartWatch S,SmartWatches,15000,16969.67,0.1,15272.7,17473.53,119,349,0,1,8,5,3,1817451.74
2023-08-06,WATCH001,SmartWatch S,SmartWatches,15000,13851.22,0.1,12466.1,12789.39,183,166,0,1,8,6,3,2281295.96
2023-08-07,WATCH001,SmartWatch S,SmartWatches,15000,16777.88,0.15,14261.2,17832.32,173,306,0,0,8,0,3,2467187.74
2023-08-08,WATCH001,SmartWatch S,SmartWatches,15000,13245.08,0.0,13245.08,17684.57,137,169,0,0,8,1,3,1814575.93
2023-08-09,WATCH001,SmartWatch S,SmartWatches,15000,12791.9,0.0,12791.9,14654.36,122,250,0,0,8,2,3,1560611.35
2023-08-10,WATCH001,SmartWatch S,SmartWatches,15000,15197.45,0.0,15197.45,14031.32,92,158,0,0,8,3,3,1398165.46
2023-08-11,WATCH001,SmartWatch S,SmartWatches,15000,15509.27,0.0,15509.27,17212.81,103,55,0,0,8,4,3,1597454.46
2023-08-12,WATCH001,SmartWatch S,SmartWatches,15000,14703.22,0.05,13968.06,16916.57,61,345,0,1,8,5,3,852051.59
2023-08-13,WATCH001,SmartWatch S,SmartWatches,15000,13288.92,0.2,10631.14,15191.6,321,262,0,1,8,6,3,3412594.62
2023-08-14,WATCH001,SmartWatch S,SmartWatches,15000,12961.78,0.05,12313.69,16011.28,194,68,0,0,8,0,3,2388855.2
2023-08-15,WATCH001,SmartWatch S,SmartWatches,15000,13483.06,0.1,12134.76,16874.48,75,367,1,0,8,1,3,910106.68
2023-08-16,WATCH001,SmartWatch S,SmartWatches,15000,16864.53,0.15,14334.85,13591.71,153,214,0,0,8,2,3,2193232.39
2023-08-17,WATCH001,SmartWatch S,SmartWatches,15000,14192.98,0.0,14192.98,15314.03,99,115,0,0,8,3,3,1405105.26
2023-08-18,WATCH001,SmartWatch S,SmartWatches,15000,12947.46,0.0,12947.46,16322.24,113,395,0,0,8,4,3,1463063.53
2023-08-19,WATCH001,SmartWatch S,SmartWatches,15000,13903.32,0.2,11122.65,13142.48,312,83,0,1,8,5,3,3470267.6
2023-08-20,WATCH001,SmartWatch S,SmartWatches,15000,12751.81,0.05,12114.22,16835.35,72,385,0,1,8,6,3,872223.6
2023-08-21,WATCH001,SmartWatch S,SmartWatches,15000,13611.7,0.15,11569.95,14317.42,226,159,0,0,8,0,3,2614808.2
2023-08-22,WATCH001,SmartWatch S,SmartWatches,15000,14347.48,0.15,12195.36,13924.27,181,325,0,0,8,1,3,2207359.49
2023-08-23,WATCH001,SmartWatch S,SmartWatches,15000,15637.11,0.05,14855.25,12140.6,97,228,0,0,8,2,3,1440959.55
2023-08-24,WATCH001,SmartWatch S,SmartWatches,15000,16687.54,0.0,16687.54,13808.74,64,164,0,0,8,3,3,1068002.51
2023-08-25,WATCH001,SmartWatch S,SmartWatches,15000,16162.73,0.15,13738.32,15636.08,164,290,0,0,8,4,3,2253084.77
2023-08-26,WATCH001,SmartWatch S,SmartWatches,15000,12991.09,0.0,12991.09,12842.99,153,137,0,1,8,5,3,1987637.46
2023-08-27,WATCH001,SmartWatch S,SmartWatches,15000,13685.21,0.0,13685.21,15024.42,138,384,0,1,8,6,3,1888558.61
2023-08-28,WATCH001,SmartWatch S,SmartWatches,15000,14025.78,0.1,12623.2,17690.55,206,178,0,0,8,0,3,2600380.05
2023-08-29,WATCH001,SmartWatch S,SmartWatches,15000,16000.68,0.05,15200.65,12467.96,84,94,0,0,8,1,3,1276854.33
2023-08-30,WATCH001,SmartWatch S,SmartWatches,15000,14967.52,0.0,14967.52,12964.28,105,338,0,0,8,2,3,1571589.19
2023-08-31,WATCH001,SmartWatch S,SmartWatches,15000,13463.34,0.15,11443.84,14924.81,226,112,0,0,8,3,3,2586307.82
2023-09-01,WATCH001,SmartWatch S,SmartWatches,15000,15627.24,0.0,15627.24,12774.22,80,334,0,0,9,4,3,1250179.11
2023-09-02,WATCH001,SmartWatch S,SmartWatches,15000,13986.17,0.0,13986.17,17326.51,123,211,0,1,9,5,3,1720299.24
2023-09-03,WATCH001,SmartWatch S,SmartWatches,15000,16861.77,0.2,13489.42,16997.96,198,219,0,1,9,6,3,2670904.96
2023-09-04,WATCH001,SmartWatch S,SmartWatches,15000,16301.81,0.2,13041.45,12187.28,198,371,0,0,9,0,3,2582206.38
2023-09-05,WATCH001,SmartWatch S,SmartWatches,15000,15119.68,0.0,15119.68,13819.69,90,281,0,0,9,1,3,1360770.95
2023-09-06,WATCH001,SmartWatch S,SmartWatches,15000,13048.82,0.2,10439.06,17936.1,242,201,0,0,9,2,3,2526252.34
2023-09-07,WATCH001,SmartWatch S,SmartWatches,15000,15697.08,0.05,14912.23,14656.42,125,76,0,0,9,3,3,1864028.49
2023-09-08,WATCH001,SmartWatch S,SmartWatches,15000,13857.0,0.0,13857.0,15192.52,75,361,0,0,9,4,3,1039274.91
2023-09-09,WATCH001,SmartWatch S,SmartWatches,15000,15912.9,0.0,15912.9,12408.06,80,281,0,1,9,5,3,1273031.92
2023-09-10,WATCH001,SmartWatch S,SmartWatches,15000,13715.54,0.0,13715.54,16428.9,132,149,0,1,9,6,3,1810451.5
2023-09-11,WATCH001,SmartWatch S,SmartWatches,15000,15330.71,0.15,13031.11,13291.46,165,238,0,0,9,0,3,2150132.49
2023-09-12,WATCH001,SmartWatch S,SmartWatches,15000,16989.83,0.0,16989.83,15110.96,71,167,0,0,9,1,3,1206278.25
2023-09-13,WATCH001,SmartWatch S,SmartWatches,15000,13803.26,0.0,13803.26,12298.69,101,66,0,0,9,2,3,1394129.26
2023-09-14,WATCH001,SmartWatch S,SmartWatches,15000,15694.06,0.1,14124.65,15201.7,74,316,0,0,9,3,3,1045224.46
2023-09-15,WATCH001,SmartWatch S,SmartWatches,15000,14533.25,0.0,14533.25,16163.18,110,206,0,0,9,4,3,1598657.24
2023-09-16,WATCH001,SmartWatch S,SmartWatches,15000,15056.59,0.0,15056.59,13606.65,106,100,0,1,9,5,3,1595998.85
2023-09-17,WATCH001,SmartWatch S,SmartWatches,15000,14868.53,0.1,13381.68,16239.86,113,363,0,1,9,6,3,1512129.75
2023-09-18,WATCH001,SmartWatch S,SmartWatches,15000,14231.95,0.15,12097.15,12253.2,192,171,0,0,9,0,3,2322653.55
2023-09-19,WATCH001,SmartWatch S,SmartWatches,15000,15200.08,0.1,13680.07,13010.64,148,323,0,0,9,1,3,2024650.12
2023-09-20,WATCH001,SmartWatch S,SmartWatches,15000,17182.18,0.15,14604.85,17674.65,134,189,0,0,9,2,3,1957050.41
2023-09-21,WATCH001,SmartWatch S,SmartWatches,15000,16689.13,0.05,15854.68,16226.96,99,90,0,0,9,3,3,1569613.11
2023-09-22,WATCH001,SmartWatch S,SmartWatches,15000,15182.75,0.0,15182.75,17097.6,89,201,0,0,9,4,3,1351264.7
2023-09-23,WATCH001,SmartWatch S,SmartWatches,15000,14429.43,0.1,12986.49,14959.48,195,341,0,1,9,5,3,2532365.52
2023-09-24,WATCH001,SmartWatch S,SmartWatches,15000,13600.85,0.05,12920.81,17405.45,196,145,0,1,9,6,3,2532478.17
2023-09-25,WATCH001,SmartWatch S,SmartWatches,15000,15599.71,0.0,15599.71,12596.98,84,61,0,0,9,0,3,1310375.65
2023-09-26,WATCH001,SmartWatch S,SmartWatches,15000,13294.32,0.0,13294.32,12472.19,61,335,0,0,9,1,3,810953.7
2023-09-27,WATCH001,SmartWatch S,SmartWatches,15000,14562.53,0.15,12378.15,15532.86,177,158,0,0,9,2,3,2190933.38
2023-09-28,WATCH001,SmartWatch S,SmartWatches,15000,14689.42,0.0,14689.42,13048.72,111,337,0,0,9,3,3,1630526.04
2023-09-29,WATCH001,SmartWatch S,SmartWatches,15000,15275.18,0.0,15275.18,16124.62,94,243,0,0,9,4,3,1435866.54
2023-09-30,WATCH001,SmartWatch S,SmartWatches,15000,13176.33,0.0,13176.33,17855.23,153,90,0,1,9,5,3,2015977.74
2023-10-01,WATCH001,SmartWatch S,SmartWatches,15000,14657.14,0.1,13191.42,15899.18,77,378,0,1,10,6,4,1015739.58
2023-10-02,WATCH001,SmartWatch S,SmartWatches,15000,16396.17,0.15,13936.74,15219.47,225,153,1,0,10,0,4,3135766.76
2023-10-03,WATCH001,SmartWatch S,SmartWatches,15000,13027.24,0.05,12375.87,12974.99,171,245,0,0,10,1,4,2116274.48
2023-10-04,WATCH001,SmartWatch S,SmartWatches,15000,15837.11,0.0,15837.11,13499.41,86,159,0,0,10,2,4,1361991.37
2023-10-05,WATCH001,SmartWatch S,SmartWatches,15000,15857.77,0.0,15857.77,15434.45,104,55,0,0,10,3,4,1649207.97
2023-10-06,WATCH001,SmartWatch S,SmartWatches,15000,14386.25,0.1,12947.63,13300.89,57,238,0,0,10,4,4,738014.7
2023-10-07,WATCH001,SmartWatch S,SmartWatches,15000,17118.01,0.0,17118.01,13054.29,94,144,0,1,10,5,4,1609092.58
2023-10-08,WATCH001,SmartWatch S,SmartWatches,15000,14658.83,0.0,14658.83,14680.13,133,358,0,1,10,6,4,1949624.76
2023-10-09,WATCH001,SmartWatch S,SmartWatches,15000,16463.11,0.1,14816.8,14911.53,149,209,0,0,10,0,4,2207702.64
2023-10-10,WATCH001,SmartWatch S,SmartWatches,15000,14121.42,0.0,14121.42,13090.85,112,97,0,0,10,1,4,1581599.5
2023-10-11,WATCH001,SmartWatch S,SmartWatches,15000,15963.54,0.2,12770.83,13177.41,102,290,0,0,10,2,4,1302624.55
2023-10-12,WATCH001,SmartWatch S,SmartWatches,15000,14506.69,0.0,14506.69,14494.65,126,164,0,0,10,3,4,1827843.44
2023-10-13,WATCH001,SmartWatch S,SmartWatches,15000,14404.69,0.2,11523.75,12603.72,154,301,0,0,10,4,4,1774657.6
2023-10-14,WATCH001,SmartWatch S,SmartWatches,15000,15736.8,0.0,15736.8,15994.71,119,182,0,1,10,5,4,1872679.75
2023-10-15,WATCH001,SmartWatch S,SmartWatches,15000,14820.46,0.0,14820.46,13160.68,120,62,0,1,10,6,4,1778455.42
2023-10-16,WATCH001,SmartWatch S,SmartWatches,15000,12853.71,0.05,12211.03,17380.48,56,317,0,0,10,0,4,683817.47
2023-10-17,WATCH001,SmartWatch S,SmartWatches,15000,13773.9,0.1,12396.51,13677.61,188,129,0,0,10,1,4,2330544.29
2023-10-18,WATCH001,SmartWatch S,SmartWatches,15000,15626.68,0.0,15626.68,12450.86,86,378,0,0,10,2,4,1343894.74
2023-10-19,WATCH001,SmartWatch S,SmartWatches,15000,15651.41,0.0,15651.41,14037.96,111,267,0,0,10,3,4,1737305.98
2023-10-20,WATCH001,SmartWatch S,SmartWatches,15000,15258.41,0.0,15258.41,13536.13,113,154,0,0,10,4,4,1724200.48
2023-10-21,WATCH001,SmartWatch S,SmartWatches,15000,13273.23,0.15,11282.25,15218.46,151,220,0,1,10,5,4,1703619.27
2023-10-22,WATCH001,SmartWatch S,SmartWatches,15000,13955.43,0.15,11862.12,15624.03,244,366,0,1,10,6,4,2894356.41
2023-10-23,WATCH001,SmartWatch S,SmartWatches,15000,17245.07,0.2,13796.06,15646.58,200,166,0,0,10,0,4,2759211.38
2023-10-24,WATCH001,SmartWatch S,SmartWatches,15000,13763.43,0.0,13763.43,13542.58,138,223,0,0,10,1,4,1899353.61
2023-10-25,WATCH001,SmartWatch S,SmartWatches,15000,14402.75,0.05,13682.61,17482.89,165,58,0,0,10,2,4,2257631.01
2023-10-26,WATCH001,SmartWatch S,SmartWatches,15000,14430.5,0.05,13708.98,14301.21,63,296,0,0,10,3,4,863665.46
2023-10-27,WATCH001,SmartWatch S,SmartWatches,15000,15678.55,0.1,14110.69,15685.01,160,136,0,0,10,4,4,2257710.83
2023-10-28,WATCH001,SmartWatch S,SmartWatches,15000,16430.57,0.05,15609.04,12230.18,135,214,0,1,10,5,4,2107220.45
2023-10-29,WATCH001,SmartWatch S,SmartWatches,15000,15057.37,0.15,12798.77,14389.5,213,202,0,1,10,6,4,2726137.66
2023-10-30,WATCH001,SmartWatch S,SmartWatches,15000,15753.37,0.15,13390.36,12076.59,201,243,0,0,10,0,4,2691463.25
2023-10-31,WATCH001,SmartWatch S,SmartWatches,15000,14760.33,0.0,14760.33,14057.8,107,136,0,0,10,1,4,1579355.08
2023-11-01,WATCH001,SmartWatch S,SmartWatches,15000,14727.59,0.05,13991.21,14977.94,132,311,1,0,11,2,4,1846840.31
2023-11-02,WATCH001,SmartWatch S,SmartWatches,15000,15803.97,0.15,13433.37,14525.38,280,400,0,0,11,3,4,3761344.96
2023-11-03,WATCH001,SmartWatch S,SmartWatches,15000,15446.75,0.0,15446.75,16844.87,130,270,0,0,11,4,4,2008077.35
2023-11-04,WATCH001,SmartWatch S,SmartWatches,15000,14537.81,0.1,13084.03,14021.09,275,224,0,1,11,5,4,3598108.18
2023-11-05,WATCH001,SmartWatch S,SmartWatches,15000,16625.01,0.1,14962.51,12470.03,163,61,0,1,11,6,4,2438889.09
2023-11-06,WATCH001,SmartWatch S,SmartWatches,15000,16576.43,0.0,16576.43,13277.1,64,258,0,0,11,0,4,1060891.5
2023-11-07,WATCH001,SmartWatch S,SmartWatches,15000,15192.95,0.0,15192.95,16997.36,137,121,0,0,11,1,4,2081434.37
2023-11-08,WATCH001,SmartWatch S,SmartWatches,15000,13334.02,0.2,10667.22,15340.91,137,377,0,0,11,2,4,1461408.96
2023-11-09,WATCH001,SmartWatch S,SmartWatches,15000,14617.49,0.1,13155.74,13961.65,242,135,0,0,11,3,4,3183689.3
2023-11-10,WATCH001,SmartWatch S,SmartWatches,15000,16937.02,0.05,16090.17,17021.57,155,269,0,0,11,4,4,2493976.0
2023-11-11,WATCH001,SmartWatch S,SmartWatches,15000,12851.56,0.0,12851.56,12677.15,233,219,0,1,11,5,4,2994413.16
2023-11-12,WATCH001,SmartWatch S,SmartWatches,15000,16442.59,0.15,13976.2,13711.47,201,271,0,1,11,6,4,2809217.18
2023-11-13,WATCH001,SmartWatch S,SmartWatches,15000,16291.39,0.1,14662.25,12338.29,163,108,0,0,11,0,4,2389947.07
2023-11-14,WATCH001,SmartWatch S,SmartWatches,15000,15026.14,0.1,13523.53,15362.09,115,368,0,0,11,1,4,1555205.65
2023-11-15,WATCH001,SmartWatch S,SmartWatches,15000,14346.81,0.0,14346.81,15676.11,173,195,0,0,11,2,4,2481997.4
2023-11-16,WATCH001,SmartWatch S,SmartWatches,15000,15214.27,0.0,15214.27,15842.9,138,57,0,0,11,3,4,2099569.6
