data/sales_data.csv
Date,Product_ID,Product_Name,Category,Base_Price,Current_Price,Discount,Actual_Price,Competitor_Price,Units_Sold,Inventory,Holiday_Flag,Weekend_Flag,Month,Day_of_Week,Quarter,Revenue
2024-09-30,WATCH001,SmartWatch S,SmartWatches,15000,15992.64,0.0,15992.64,16594.58,79,55,0,0,9,0,3,1263418.47
2024-10-01,WATCH001,SmartWatch S,SmartWatches,15000,15062.44,0.0,15062.44,13389.5,49,257,0,0,10,1,4,738059.62
2024-10-02,WATCH001,SmartWatch S,SmartWatches,15000,16396.36,0.1,14756.73,12810.23,176,81,1,0,10,2,4,2597184.19
2024-10-03,WATCH001,SmartWatch S,SmartWatches,15000,16973.6,0.0,16973.6,13114.99,92,243,0,0,10,3,4,1561571.39
2024-10-04,WATCH001,SmartWatch S,SmartWatches,15000,17224.3,0.2,13779.44,15333.7,185,58,0,0,10,4,4,2549195.8
2024-10-05,WATCH001,SmartWatch S,SmartWatches,15000,14172.47,0.05,13463.85,14546.96,54,344,0,1,10,5,4,727047.81
2024-10-06,WATCH001,SmartWatch S,SmartWatches,15000,14012.86,0.15,11910.93,17833.38,283,61,0,1,10,6,4,3370793.5
2024-10-07,WATCH001,SmartWatch S,SmartWatches,15000,16049.98,0.2,12839.98,12002.46,62,396,0,0,10,0,4,796078.79
2024-10-08,WATCH001,SmartWatch S,SmartWatches,15000,16871.74,0.05,16028.16,13727.6,97,299,0,0,10,1,4,1554731.17
2024-10-09,WATCH001,SmartWatch S,SmartWatches,15000,15682.56,0.1,14114.3,16275.61,181,118,0,0,10,2,4,2554688.87
2024-10-10,WATCH001,SmartWatch S,SmartWatches,15000,14186.93,0.1,12768.23,13513.21,134,228,0,0,10,3,4,1710943.27
2024-10-11,WATCH001,SmartWatch S,SmartWatches,15000,16904.85,0.1,15214.36,14743.9,152,76,0,0,10,4,4,2312583.18
2024-10-12,WATCH001,SmartWatch S,SmartWatches,15000,14785.46,0.0,14785.46,14546.33,68,268,0,1,10,5,4,1005410.98
2024-10-13,WATCH001,SmartWatch S,SmartWatches,15000,14668.83,0.2,11735.06,15224.5,229,339,0,1,10,6,4,2687329.15
2024-10-14,WATCH001,SmartWatch S,SmartWatches,15000,14748.51,0.2,11798.81,16688.14,312,293,0,0,10,0,4,3681227.73
2024-10-15,WATCH001,SmartWatch S,SmartWatches,15000,15608.21,0.1,14047.39,17457.33,152,141,0,0,10,1,4,2135202.64
2024-10-16,WATCH001,SmartWatch S,SmartWatches,15000,15256.71,0.2,12205.37,16724.09,142,393,0,0,10,2,4,1733162.73
2024-10-17,WATCH001,SmartWatch S,SmartWatches,15000,14207.53,0.0,14207.53,12817.5,139,254,0,0,10,3,4,1974846.67
2024-10-18,WATCH001,SmartWatch S,SmartWatches,15000,14868.43,0.2,11894.74,17268.69,260,384,0,0,10,4,4,3092633.6
2024-10-19,WATCH001,SmartWatch S,SmartWatches,15000,15783.86,0.05,14994.67,16825.57,167,217,0,1,10,5,4,2504110.11
2024-10-20,WATCH001,SmartWatch S,SmartWatches,15000,14541.25,0.1,13087.12,15081.8,236,255,0,1,10,6,4,3088560.82
2024-10-21,WATCH001,SmartWatch S,SmartWatches,15000,14431.43,0.05,13709.86,14328.73,139,116,0,0,10,0,4,1905669.85
2024-10-22,WATCH001,SmartWatch S,SmartWatches,15000,16865.63,0.0,16865.63,12546.22,84,388,0,0,10,1,4,1416712.92
2024-10-23,WATCH001,SmartWatch S,SmartWatches,15000,14609.38,0.2,11687.5,14433.72,303,85,0,0,10,2,4,3541312.54
2024-10-24,WATCH001,SmartWatch S,SmartWatches,15000,13051.92,0.15,11094.13,15562.23,91,392,0,0,10,3,4,1009566.15
2024-10-25,WATCH001,SmartWatch S,SmartWatches,15000,16476.96,0.0,16476.96,13023.18,98,294,0,0,10,4,4,1614741.83
2024-10-26,WATCH001,SmartWatch S,SmartWatches,15000,15702.66,0.0,15702.66,17291.13,132,162,0,1,10,5,4,2072750.78
2024-10-27,WATCH001,SmartWatch S,SmartWatches,15000,15189.15,0.2,12151.32,17514.23,181,208,0,1,10,6,4,2199388.93
2024-10-28,WATCH001,SmartWatch S,SmartWatches,15000,14766.72,0.05,14028.39,13646.48,142,66,0,0,10,0,4,1992031.06
2024-10-29,WATCH001,SmartWatch S,SmartWatches,15000,14494.94,0.0,14494.94,13721.2,61,289,0,0,10,1,4,884191.31
2024-10-30,WATCH001,SmartWatch S,SmartWatches,15000,16624.78,0.2,13299.83,12419.17,211,78,0,0,10,2,4,2806263.41
2024-10-31,WATCH001,SmartWatch S,SmartWatches,15000,13527.69,0.2,10822.15,14067.04,67,222,0,0,10,3,4,725084.2
2024-11-01,WATCH001,SmartWatch S,SmartWatches,15000,13964.88,0.05,13266.64,16610.53,247,230,1,0,11,4,4,3276859.41
2024-11-02,WATCH001,SmartWatch S,SmartWatches,15000,13746.87,0.2,10997.5,14781.29,227,260,0,1,11,5,4,2496431.99
2024-11-03,WATCH001,SmartWatch S,SmartWatches,15000,16681.09,0.0,16681.09,16576.79,142,118,0,1,11,6,4,2368714.62
2024-11-04,WATCH001,SmartWatch S,SmartWatches,15000,15768.36,0.2,12614.69,17084.13,100,388,0,0,11,0,4,1261468.99
2024-11-05,WATCH001,SmartWatch S,SmartWatches,15000,14563.01,0.1,13106.7,17443.46,276,112,0,0,11,1,4,3617450.48
2024-11-06,WATCH001,SmartWatch S,SmartWatches,15000,15192.79,0.15,12913.87,15177.87,106,289,0,0,11,2,4,1368870.04
2024-11-07,WATCH001,SmartWatch S,SmartWatches,15000,15092.34,0.2,12073.87,15932.3,281,381,0,0,11,3,4,3392758.57
2024-11-08,WATCH001,SmartWatch S,SmartWatches,15000,15963.69,0.1,14367.32,17167.39,188,193,0,0,11,4,4,2701056.21
2024-11-09,WATCH001,SmartWatch S,SmartWatches,15000,14781.96,0.15,12564.67,14448.12,203,309,0,1,11,5,4,2550627.47
2024-11-10,WATCH001,SmartWatch S,SmartWatches,15000,13874.4,0.0,13874.4,15841.51,234,75,0,1,11,6,4,3246610.44
2024-11-11,WATCH001,SmartWatch S,SmartWatches,15000,14631.59,0.1,13168.43,17466.09,86,235,0,0,11,0,4,1132485.24
2024-11-12,WATCH001,SmartWatch S,SmartWatches,15000,13227.41,0.2,10581.93,13398.32,266,252,0,0,11,1,4,2814793.75
2024-11-13,WATCH001,SmartWatch S,SmartWatches,15000,17062.47,0.2,13649.98,12586.24,203,252,0,0,11,2,4,2770945.87
2024-11-14,WATCH001,SmartWatch S,SmartWatches,15000,13474.95,0.2,10779.96,17976.08,227,215,0,0,11,3,4,2447050.94
2024-11-15,WATCH001,SmartWatch S,SmartWatches,15000,15011.46,0.1,13510.32,17090.51,184,289,0,0,11,4,4,2485898.48
2024-11-16,WATCH001,SmartWatch S,SmartWatches,15000,15470.2,0.1,13923.18,13662.15,259,271,0,1,11,5,4,3606103.72
2024-11-17,WATCH001,SmartWatch S,SmartWatches,15000,14025.58,0.1,12623.02,16120.53,285,337,0,1,11,6,4,3597560.03
2024-11-18,WATCH001,SmartWatch S,SmartWatches,15000,13746.72,0.0,13746.72,12208.8,159,178,0,0,11,0,4,2185728.63
2024-11-19,WATCH001,SmartWatch S,SmartWatches,15000,14051.37,0.0,14051.37,16853.87,194,380,0,0,11,1,4,2725965.62
2024-11-20,WATCH001,SmartWatch S,SmartWatches,15000,14806.61,0.0,14806.61,15639.07,162,218,0,0,11,2,4,2398670.46
2024-11-21,WATCH001,SmartWatch S,SmartWatches,15000,16472.21,0.0,16472.21,14550.01,110,108,0,0,11,3,4,1811943.28
2024-11-22,WATCH001,SmartWatch S,SmartWatches,15000,13942.66,0.1,12548.39,15217.15,106,268,0,0,11,4,4,1330129.49
2024-11-23,WATCH001,SmartWatch S,SmartWatches,15000,14730.54,0.2,11784.43,12546.82,285,331,0,1,11,5,4,3358563.91
2024-11-24,WATCH001,SmartWatch S,SmartWatches,15000,13711.82,0.15,11655.04,13181.72,322,224,0,1,11,6,4,3752923.79
2024-11-25,WATCH001,SmartWatch S,SmartWatches,15000,13775.0,0.0,13775.0,15503.15,177,392,0,0,11,0,4,2438175.45
2024-11-26,WATCH001,SmartWatch S,SmartWatches,15000,14770.1,0.2,11816.08,15223.02,326,66,0,0,11,1,4,3852042.8
2024-11-27,WATCH001,SmartWatch S,SmartWatches,15000,13450.88,0.05,12778.34,17282.53,64,215,0,0,11,2,4,817813.64
2024-11-28,WATCH001,SmartWatch S,SmartWatches,15000,14604.42,0.0,14604.42,12213.67,141,74,0,0,11,3,4,2059223.4
2024-11-29,WATCH001,SmartWatch S,SmartWatches,15000,15243.76,0.2,12195.01,15353.05,78,367,0,0,11,4,4,951210.86
2024-11-30,WATCH001,SmartWatch S,SmartWatches,15000,13548.67,0.0,13548.67,13513.34,226,141,0,1,11,5,4,3061999.03
2024-12-01,WATCH001,SmartWatch S,SmartWatches,15000,17012.27,0.15,14460.43,12815.6,140,233,0,1,12,6,4,2024459.87
2024-12-02,WATCH001,SmartWatch S,SmartWatches,15000,13713.79,0.0,13713.79,12360.44,147,86,0,0,12,0,4,2015927.59
2024-12-03,WATCH001,SmartWatch S,SmartWatches,15000,13396.59,0.0,13396.59,16259.6,86,382,0,0,12,1,4,1152107.11
2024-12-04,WATCH001,SmartWatch S,SmartWatches,15000,13397.26,0.0,13397.26,12055.45,177,205,0,0,12,2,4,2371314.16
2024-12-05,WATCH001,SmartWatch S,SmartWatches,15000,13542.87,0.2,10834.3,15637.3,194,263,0,0,12,3,4,2101854.17
2024-12-06,WATCH001,SmartWatch S,SmartWatches,15000,15384.69,0.2,12307.75,13893.92,230,373,0,0,12,4,4,2830782.36
2024-12-07,WATCH001,SmartWatch S,SmartWatches,15000,13753.28,0.05,13065.61,13128.35,222,151,0,1,12,5,4,2900565.71
2024-12-08,WATCH001,SmartWatch S,SmartWatches,15000,15712.28,0.05,14926.66,13582.84,128,236,0,1,12,6,4,1910612.89
2024-12-09,WATCH001,SmartWatch S,SmartWatches,15000,15085.22,0.1,13576.7,15634.56,244,361,0,0,12,0,4,3312713.9
2024-12-10,WATCH001,SmartWatch S,SmartWatches,15000,15402.62,0.0,15402.62,14827.04,133,228,0,0,12,1,4,2048548.28
2024-12-11,WATCH001,SmartWatch S,SmartWatches,15000,16925.55,0.15,14386.72,16970.27,199,306,0,0,12,2,4,2862957.26
2024-12-12,WATCH001,SmartWatch S,SmartWatches,15000,13817.64,0.05,13126.76,13575.8,199,107,0,0,12,3,4,2612225.72
2024-12-13,WATCH001,SmartWatch S,SmartWatches,15000,16098.22,0.05,15293.31,15019.32,93,219,0,0,12,4,4,1422277.96
2024-12-14,WATCH001,SmartWatch S,SmartWatches,15000,16006.11,0.15,13605.2,16835.82,205,396,0,1,12,5,4,2789065.22
2024-12-15,WATCH001,SmartWatch S,SmartWatches,15000,15738.57,0.0,15738.57,14559.55,158,238,0,1,12,6,4,2486693.4
2024-12-16,WATCH001,SmartWatch S,SmartWatches,15000,16553.52,0.05,15725.84,15152.59,146,92,0,0,12,0,4,2295972.53
2024-12-17,WATCH001,SmartWatch S,SmartWatches,15000,16725.07,0.1,15052.57,14974.3,86,391,0,0,12,1,4,1294520.7
2024-12-18,WATCH001,SmartWatch S,SmartWatches,15000,16141.5,0.0,16141.5,13320.4,106,285,0,0,12,2,4,1710998.75
2024-12-19,WATCH001,SmartWatch S,SmartWatches,15000,16645.77,0.15,14148.91,16346.53,209,76,0,0,12,3,4,2957121.5
2024-12-20,WATCH001,SmartWatch S,SmartWatches,15000,13716.35,0.0,13716.35,14135.81,71,316,0,0,12,4,4,973860.87
2024-12-21,WATCH001,SmartWatch S,SmartWatches,15000,13542.4,0.05,12865.28,16460.0,239,77,0,1,12,5,4,3074802.33
2024-12-22,WATCH001,SmartWatch S,SmartWatches,15000,14793.75,0.0,14793.75,14315.16,88,348,0,1,12,6,4,1301850.32
2024-12-23,WATCH001,SmartWatch S,SmartWatches,15000,14509.92,0.0,14509.92,12479.89,119,229,0,0,12,0,4,1726679.9
2024-12-24,WATCH001,SmartWatch S,SmartWatches,15000,15408.39,0.2,12326.71,15596.18,223,398,0,0,12,1,4,2748857.09
2024-12-25,WATCH001,SmartWatch S,SmartWatches,15000,14693.3,0.2,11754.64,12323.6,399,387,1,0,12,2,4,4690100.28
2024-12-26,WATCH001,SmartWatch S,SmartWatches,15000,15021.33,0.0,15021.33,12897.3,112,275,0,0,12,3,4,1682388.7
2024-12-27,WATCH001,SmartWatch S,SmartWatches,15000,13306.08,0.15,11310.16,12606.17,284,317,0,0,12,4,4,3212086.8
2024-12-28,WATCH001,SmartWatch S,SmartWatches,15000,13634.17,0.15,11589.05,13508.58,285,370,0,1,12,5,4,3302878.15
2024-12-29,WATCH001,SmartWatch S,SmartWatches,15000,17060.26,0.15,14501.22,17127.7,220,150,0,1,12,6,4,3190268.41
2024-12-30,WATCH001,SmartWatch S,SmartWatches,15000,14224.05,0.0,14224.05,13259.36,148,216,0,0,12,0,4,2105159.15
